Archive member included to satisfy reference by file (symbol)

c:/progra~1/raspbe~1/picosd~1.1/gcc-ar~1/bin/../lib/gcc/arm-none-eabi/10.3.1/thumb/v6-m/nofp\libgcc.a(_dvmd_tls.o)
                              CMakeFiles/final_project.dir/C_/Program_Files/Raspberry_Pi/Pico_SDK_v1.5.1/pico-sdk/src/rp2_common/pico_divider/divider.S.obj (__aeabi_idiv0)
c:/progra~1/raspbe~1/picosd~1.1/gcc-ar~1/bin/../lib/gcc/arm-none-eabi/10.3.1/../../../../arm-none-eabi/lib/thumb/v6-m/nofp\libg.a(lib_a-atoi.o)
                              CMakeFiles/final_project.dir/C_/Program_Files/Raspberry_Pi/Pico_SDK_v1.5.1/pico-sdk/lib/lwip/src/core/netif.c.obj (atoi)
c:/progra~1/raspbe~1/picosd~1.1/gcc-ar~1/bin/../lib/gcc/arm-none-eabi/10.3.1/../../../../arm-none-eabi/lib/thumb/v6-m/nofp\libg.a(lib_a-calloc.o)
                              CMakeFiles/final_project.dir/C_/Program_Files/Raspberry_Pi/Pico_SDK_v1.5.1/pico-sdk/src/rp2_common/pico_malloc/pico_malloc.c.obj (calloc)
c:/progra~1/raspbe~1/picosd~1.1/gcc-ar~1/bin/../lib/gcc/arm-none-eabi/10.3.1/../../../../arm-none-eabi/lib/thumb/v6-m/nofp\libg.a(lib_a-callocr.o)
                              c:/progra~1/raspbe~1/picosd~1.1/gcc-ar~1/bin/../lib/gcc/arm-none-eabi/10.3.1/../../../../arm-none-eabi/lib/thumb/v6-m/nofp\libg.a(lib_a-calloc.o) (_calloc_r)
c:/progra~1/raspbe~1/picosd~1.1/gcc-ar~1/bin/../lib/gcc/arm-none-eabi/10.3.1/../../../../arm-none-eabi/lib/thumb/v6-m/nofp\libg.a(lib_a-ctype_.o)
                              CMakeFiles/final_project.dir/C_/Program_Files/Raspberry_Pi/Pico_SDK_v1.5.1/pico-sdk/lib/lwip/src/core/dns.c.obj (_ctype_)
c:/progra~1/raspbe~1/picosd~1.1/gcc-ar~1/bin/../lib/gcc/arm-none-eabi/10.3.1/../../../../arm-none-eabi/lib/thumb/v6-m/nofp\libg.a(lib_a-errno.o)
                              c:/progra~1/raspbe~1/picosd~1.1/gcc-ar~1/bin/../lib/gcc/arm-none-eabi/10.3.1/../../../../arm-none-eabi/lib/thumb/v6-m/nofp\libg.a(lib_a-callocr.o) (__errno)
c:/progra~1/raspbe~1/picosd~1.1/gcc-ar~1/bin/../lib/gcc/arm-none-eabi/10.3.1/../../../../arm-none-eabi/lib/thumb/v6-m/nofp\libg.a(lib_a-impure.o)
                              c:/progra~1/raspbe~1/picosd~1.1/gcc-ar~1/bin/../lib/gcc/arm-none-eabi/10.3.1/../../../../arm-none-eabi/lib/thumb/v6-m/nofp\libg.a(lib_a-calloc.o) (_impure_ptr)
c:/progra~1/raspbe~1/picosd~1.1/gcc-ar~1/bin/../lib/gcc/arm-none-eabi/10.3.1/../../../../arm-none-eabi/lib/thumb/v6-m/nofp\libg.a(lib_a-init.o)
                              c:/progra~1/raspbe~1/picosd~1.1/gcc-ar~1/bin/../lib/gcc/arm-none-eabi/10.3.1/../../../../arm-none-eabi/lib/thumb/v6-m/nofp/crt0.o (__libc_init_array)
c:/progra~1/raspbe~1/picosd~1.1/gcc-ar~1/bin/../lib/gcc/arm-none-eabi/10.3.1/../../../../arm-none-eabi/lib/thumb/v6-m/nofp\libg.a(lib_a-malloc.o)
                              CMakeFiles/final_project.dir/C_/Program_Files/Raspberry_Pi/Pico_SDK_v1.5.1/pico-sdk/src/rp2_common/pico_malloc/pico_malloc.c.obj (malloc)
c:/progra~1/raspbe~1/picosd~1.1/gcc-ar~1/bin/../lib/gcc/arm-none-eabi/10.3.1/../../../../arm-none-eabi/lib/thumb/v6-m/nofp\libg.a(lib_a-mallocr.o)
                              c:/progra~1/raspbe~1/picosd~1.1/gcc-ar~1/bin/../lib/gcc/arm-none-eabi/10.3.1/../../../../arm-none-eabi/lib/thumb/v6-m/nofp\libg.a(lib_a-callocr.o) (_malloc_r)
c:/progra~1/raspbe~1/picosd~1.1/gcc-ar~1/bin/../lib/gcc/arm-none-eabi/10.3.1/../../../../arm-none-eabi/lib/thumb/v6-m/nofp\libg.a(lib_a-memcmp.o)
                              CMakeFiles/final_project.dir/C_/Program_Files/Raspberry_Pi/Pico_SDK_v1.5.1/pico-sdk/lib/lwip/src/netif/ethernet.c.obj (memcmp)
c:/progra~1/raspbe~1/picosd~1.1/gcc-ar~1/bin/../lib/gcc/arm-none-eabi/10.3.1/../../../../arm-none-eabi/lib/thumb/v6-m/nofp\libg.a(lib_a-memmove.o)
                              CMakeFiles/final_project.dir/C_/Program_Files/Raspberry_Pi/Pico_SDK_v1.5.1/pico-sdk/lib/lwip/src/core/def.c.obj (memmove)
c:/progra~1/raspbe~1/picosd~1.1/gcc-ar~1/bin/../lib/gcc/arm-none-eabi/10.3.1/../../../../arm-none-eabi/lib/thumb/v6-m/nofp\libg.a(lib_a-mlock.o)
                              c:/progra~1/raspbe~1/picosd~1.1/gcc-ar~1/bin/../lib/gcc/arm-none-eabi/10.3.1/../../../../arm-none-eabi/lib/thumb/v6-m/nofp\libg.a(lib_a-mallocr.o) (__malloc_lock)
c:/progra~1/raspbe~1/picosd~1.1/gcc-ar~1/bin/../lib/gcc/arm-none-eabi/10.3.1/../../../../arm-none-eabi/lib/thumb/v6-m/nofp\libg.a(lib_a-realloc.o)
                              CMakeFiles/final_project.dir/C_/Program_Files/Raspberry_Pi/Pico_SDK_v1.5.1/pico-sdk/src/rp2_common/pico_malloc/pico_malloc.c.obj (realloc)
c:/progra~1/raspbe~1/picosd~1.1/gcc-ar~1/bin/../lib/gcc/arm-none-eabi/10.3.1/../../../../arm-none-eabi/lib/thumb/v6-m/nofp\libg.a(lib_a-reallocr.o)
                              c:/progra~1/raspbe~1/picosd~1.1/gcc-ar~1/bin/../lib/gcc/arm-none-eabi/10.3.1/../../../../arm-none-eabi/lib/thumb/v6-m/nofp\libg.a(lib_a-realloc.o) (_realloc_r)
c:/progra~1/raspbe~1/picosd~1.1/gcc-ar~1/bin/../lib/gcc/arm-none-eabi/10.3.1/../../../../arm-none-eabi/lib/thumb/v6-m/nofp\libg.a(lib_a-sbrkr.o)
[...]
Memory Configuration

Name             Origin             Length             Attributes
FLASH            0x10000000         0x00200000         xr
RAM              0x20000000         0x00040000         xrw
SCRATCH_X        0x20040000         0x00001000         xrw
SCRATCH_Y        0x20041000         0x00001000         xrw
*default*        0x00000000         0xffffffff

Linker script and memory map

LOAD c:/progra~1/raspbe~1/picosd~1.1/gcc-ar~1/bin/../lib/gcc/arm-none-eabi/10.3.1/thumb/v6-m/nofp/crti.o
LOAD c:/progra~1/raspbe~1/picosd~1.1/gcc-ar~1/bin/../lib/gcc/arm-none-eabi/10.3.1/thumb/v6-m/nofp/crtbegin.o
LOAD c:/progra~1/raspbe~1/picosd~1.1/gcc-ar~1/bin/../lib/gcc/arm-none-eabi/10.3.1/../../../../arm-none-eabi/lib/thumb/v6-m/nofp/crt0.o

.flash_begin    0x10000000        0x0
                0x10000000                __flash_binary_start = .

.boot2          0x10000000      0x100
                0x10000000                __boot2_start__ = .
 *(.boot2)
 .boot2         0x10000000      0x100 C:\Users\jjviana\AppData\Local\Temp\ccEtUxS9.o
                0x10000100                __boot2_end__ = .
                0x00000001                ASSERT (((__boot2_end__ - __boot2_start__) == 0x100), ERROR: Pico second stage bootloader must be 256 bytes in size)

.text           0x10000100    0x178f0
                0x10000100                __logical_binary_start = .
 *(.vectors)
 .vectors       0x10000100       0xd4 CMakeFiles/final_project.dir/C_/Program_Files/Raspberry_Pi/Pico_SDK_v1.5.1/pico-sdk/src/rp2_common/pico_standard_link/crt0.S.obj
                0x10000100                __VECTOR_TABLE
                0x10000100                __vectors
                0x100001c0                isr_invalid
                0x100001c0                __default_isrs_start
                0x100001c2                isr_nmi
                0x100001c4                isr_hardfault
                0x100001c6                isr_svcall
                0x100001c8                isr_pendsv
                0x100001ca                isr_systick
                0x100001cc                isr_irq23
                0x100001cc                isr_irq18
                0x100001cc                isr_irq11
                0x100001cc                isr_irq28
                0x100001cc                isr_irq19
                0x100001cc                isr_irq0
                0x100001cc                isr_irq6
                0x100001cc                isr_irq5
                0x100001cc                isr_irq12
                0x100001cc                isr_irq22
                0x100001cc                isr_irq31
                0x100001cc                isr_irq17
                0x100001cc                isr_irq27
                0x100001cc                isr_irq30
                0x100001cc                isr_irq2
                0x100001cc                isr_irq10
                0x100001cc                isr_irq8
                0x100001cc                isr_irq24
                0x100001cc                isr_irq1
                0x100001cc                isr_irq7
                0x100001cc                isr_irq21
                0x100001cc                isr_irq20
                0x100001cc                isr_irq15
                0x100001cc                isr_irq25
                0x100001cc                isr_irq13
                0x100001cc                __unhandled_user_irq
                0x100001cc                isr_irq4
                0x100001cc                isr_irq16
                0x100001cc                isr_irq29
                0x100001cc                isr_irq26
                0x100001cc                __default_isrs_end
                0x100001cc                isr_irq3
                0x100001cc                isr_irq14
                0x100001cc                isr_irq9
                0x100001d2                unhandled_user_irq_num_in_r0
 *(.binary_info_header)
 .binary_info_header
                0x100001d4       0x14 CMakeFiles/final_project.dir/C_/Program_Files/Raspberry_Pi/Pico_SDK_v1.5.1/pico-sdk/src/rp2_common/pico_standard_link/crt0.S.obj
                0x100001e8                __binary_info_header_end = .
 *(.reset)
 .reset         0x100001e8       0xa0 CMakeFiles/final_project.dir/C_/Program_Files/Raspberry_Pi/Pico_SDK_v1.5.1/pico-sdk/src/rp2_common/pico_standard_link/crt0.S.obj
                0x100001e8                _entry_point
 .reset         0x10000288       0x30 CMakeFiles/final_project.dir/C_/Program_Files/Raspberry_Pi/Pico_SDK_v1.5.1/pico-sdk/src/rp2_common/pico_standard_link/binary_info.c.obj
 *(.init)
 .init          0x100002b8        0x4 c:/progra~1/raspbe~1/picosd~1.1/gcc-ar~1/bin/../lib/gcc/arm-none-eabi/10.3.1/thumb/v6-m/nofp/crti.o
                0x100002b8                _init
 *(EXCLUDE_FILE(*libm.a: *libc.a:*lib_a-mem*.o *libgcc.a:) .text*)
 .text          0x100002bc       0x48 c:/progra~1/raspbe~1/picosd~1.1/gcc-ar~1/bin/../lib/gcc/arm-none-eabi/10.3.1/thumb/v6-m/nofp/crtbegin.o
 .text.init_ports
                0x10000304       0x84 CMakeFiles/final_project.dir/main.c.obj
                0x10000304                init_ports
 .text.main     0x10000388      0x1a8 CMakeFiles/final_project.dir/main.c.obj
                0x10000388                main
 .text.read_adc_value
                0x10000530       0xb0 CMakeFiles/final_project.dir/frecuencia.c.obj
                0x10000530                read_adc_value
 .text.irq_handler_read_frec
                0x100005e0       0x18 CMakeFiles/final_project.dir/frecuencia.c.obj
                0x100005e0                irq_handler_read_frec
 .text.convert_accel
                0x100005f8       0x38 CMakeFiles/final_project.dir/acelerometro.c.obj
                0x100005f8                convert_accel
 .text.set_state
                0x10000630       0x48 CMakeFiles/final_project.dir/acelerometro.c.obj
                0x10000630                set_state
 .text.read_accelerometer
                0x10000678      0x15c CMakeFiles/final_project.dir/acelerometro.c.obj
                0x10000678                read_accelerometer
 .text.timer_callback
                0x100007d4       0x18 CMakeFiles/final_project.dir/acelerometro.c.obj
                0x100007d4                timer_callback
 .text.mqtt_pub_request_cb
                0x100007ec       0x14 CMakeFiles/final_project.dir/mqtt_sending.c.obj
 .text.mqtt_request_cb
                0x10000800       0x14 CMakeFiles/final_project.dir/mqtt_sending.c.obj
                0x10000800                mqtt_request_cb
 .text.publish_frecuencia
                0x10000814       0x74 CMakeFiles/final_project.dir/mqtt_sending.c.obj
                0x10000814                publish_frecuencia
 .text.publish_acelerometro
                0x10000888       0x68 CMakeFiles/final_project.dir/mqtt_sending.c.obj
                0x10000888                publish_acelerometro
 .text.mqtt_incoming_data_cb
                0x100008f0       0x44 CMakeFiles/final_project.dir/mqtt_sending.c.obj
                0x100008f0                mqtt_incoming_data_cb
 .text.mqtt_incoming_publish_cb
                0x10000934       0x20 CMakeFiles/final_project.dir/mqtt_sending.c.obj
                0x10000934                mqtt_incoming_publish_cb
 .text.mqtt_connection_cb
                0x10000954       0x5c CMakeFiles/final_project.dir/mqtt_sending.c.obj
                0x10000954                mqtt_connection_cb
 .text.lwip_timeout_reached
                0x100009b0       0x2c CMakeFiles/final_project.dir/C_/Program_Files/Raspberry_Pi/Pico_SDK_v1.5.1/pico-sdk/src/rp2_common/pico_lwip/lwip_nosys.c.obj
 .text.update_next_timeout
                0x100009dc       0xb0 CMakeFiles/final_project.dir/C_/Program_Files/Raspberry_Pi/Pico_SDK_v1.5.1/pico-sdk/src/rp2_common/pico_lwip/lwip_nosys.c.obj
 .text.lwip_nosys_init
                0x10000a8c       0x34 CMakeFiles/final_project.dir/C_/Program_Files/Raspberry_Pi/Pico_SDK_v1.5.1/pico-sdk/src/rp2_common/pico_lwip/lwip_nosys.c.obj
                0x10000a8c                lwip_nosys_init
 .text.lwip_nosys_deinit
                0x10000ac0       0x20 CMakeFiles/final_project.dir/C_/Program_Files/Raspberry_Pi/Pico_SDK_v1.5.1/pico-sdk/src/rp2_common/pico_lwip/lwip_nosys.c.obj
                0x10000ac0                lwip_nosys_deinit
 .text.sys_arch_protect
                0x10000ae0        0x4 CMakeFiles/final_project.dir/C_/Program_Files/Raspberry_Pi/Pico_SDK_v1.5.1/pico-sdk/src/rp2_common/pico_lwip/lwip_nosys.c.obj
                0x10000ae0                sys_arch_protect
 .text.sys_arch_unprotect
                0x10000ae4        0x2 CMakeFiles/final_project.dir/C_/Program_Files/Raspberry_Pi/Pico_SDK_v1.5.1/pico-sdk/src/rp2_common/pico_lwip/lwip_nosys.c.obj
                0x10000ae4                sys_arch_unprotect
 *fill*         0x10000ae6        0x2 
 .text.sys_now  0x10000ae8       0x3c CMakeFiles/final_project.dir/C_/Program_Files/Raspberry_Pi/Pico_SDK_v1.5.1/pico-sdk/src/rp2_common/pico_lwip/lwip_nosys.c.obj
                0x10000ae8                sys_now
 .text.async_context_base_add_at_time_worker
                0x10000b24       0x1c CMakeFiles/final_project.dir/C_/Program_Files/Raspberry_Pi/Pico_SDK_v1.5.1/pico-sdk/src/rp2_common/pico_async_context/async_context_base.c.obj
                0x10000b24                async_context_base_add_at_time_worker
 .text.async_context_base_remove_at_time_worker
                0x10000b40       0x1c CMakeFiles/final_project.dir/C_/Program_Files/Raspberry_Pi/Pico_SDK_v1.5.1/pico-sdk/src/rp2_common/pico_async_context/async_context_base.c.obj
                0x10000b40                async_context_base_remove_at_time_worker
 .text.async_context_base_add_when_pending_worker
                0x10000b5c       0x1c CMakeFiles/final_project.dir/C_/Program_Files/Raspberry_Pi/Pico_SDK_v1.5.1/pico-sdk/src/rp2_common/pico_async_context/async_context_base.c.obj
                0x10000b5c                async_context_base_add_when_pending_worker
 .text.async_context_base_remove_when_pending_worker
                0x10000b78       0x1c CMakeFiles/final_project.dir/C_/Program_Files/Raspberry_Pi/Pico_SDK_v1.5.1/pico-sdk/src/rp2_common/pico_async_context/async_context_base.c.obj
                0x10000b78                async_context_base_remove_when_pending_worker
 .text.async_context_base_remove_ready_at_time_worker
                0x10000b94       0x94 CMakeFiles/final_project.dir/C_/Program_Files/Raspberry_Pi/Pico_SDK_v1.5.1/pico-sdk/src/rp2_common/pico_async_context/async_context_base.c.obj
                0x10000b94                async_context_base_remove_ready_at_time_worker
 .text.async_context_base_refresh_next_timeout
                0x10000c28       0x4c CMakeFiles/final_project.dir/C_/Program_Files/Raspberry_Pi/Pico_SDK_v1.5.1/pico-sdk/src/rp2_common/pico_async_context/async_context_base.c.obj
                0x10000c28                async_context_base_refresh_next_timeout
 .text.async_context_base_execute_once
                0x10000c74       0x48 CMakeFiles/final_project.dir/C_/Program_Files/Raspberry_Pi/Pico_SDK_v1.5.1/pico-sdk/src/rp2_common/pico_async_context/async_context_base.c.obj
                0x10000c74                async_context_base_execute_once
 .text.running_on_fpga
                0x10000cbc       0x14 CMakeFiles/final_project.dir/C_/Program_Files/Raspberry_Pi/Pico_SDK_v1.5.1/pico-sdk/src/rp2_common/pico_platform/platform.c.obj
                0x10000cbc                running_on_fpga
 .text.splitmix64
                0x10000cd0       0x5c CMakeFiles/final_project.dir/C_/Program_Files/Raspberry_Pi/Pico_SDK_v1.5.1/pico-sdk/src/rp2_common/pico_rand/rand.c.obj
 .text.sdbm_hash64_sram
                0x10000d2c       0x64 CMakeFiles/final_project.dir/C_/Program_Files/Raspberry_Pi/Pico_SDK_v1.5.1/pico-sdk/src/rp2_common/pico_rand/rand.c.obj
 .text.xoroshiro128ss
                0x10000d90       0xb8 CMakeFiles/final_project.dir/C_/Program_Files/Raspberry_Pi/Pico_SDK_v1.5.1/pico-sdk/src/rp2_common/pico_rand/rand.c.obj
 .text.capture_additional_rosc_samples
                0x10000e48      0x1a4 CMakeFiles/final_project.dir/C_/Program_Files/Raspberry_Pi/Pico_SDK_v1.5.1/pico-sdk/src/rp2_common/pico_rand/rand.c.obj
 .text.initialise_rand
                0x10000fec      0x118 CMakeFiles/final_project.dir/C_/Program_Files/Raspberry_Pi/Pico_SDK_v1.5.1/pico-sdk/src/rp2_common/pico_rand/rand.c.obj
 .text.get_rand_64
                0x10001104      0x11c CMakeFiles/final_project.dir/C_/Program_Files/Raspberry_Pi/Pico_SDK_v1.5.1/pico-sdk/src/rp2_common/pico_rand/rand.c.obj
                0x10001104                get_rand_64
 .text.get_rand_32
                0x10001220        0x8 CMakeFiles/final_project.dir/C_/Program_Files/Raspberry_Pi/Pico_SDK_v1.5.1/pico-sdk/src/rp2_common/pico_rand/rand.c.obj
                0x10001220                get_rand_32
 .text._retrieve_unique_id_on_boot
                0x10001228       0x10 CMakeFiles/final_project.dir/C_/Program_Files/Raspberry_Pi/Pico_SDK_v1.5.1/pico-sdk/src/rp2_common/pico_unique_id/unique_id.c.obj
 .text.pico_get_unique_board_id
                0x10001238       0x10 CMakeFiles/final_project.dir/C_/Program_Files/Raspberry_Pi/Pico_SDK_v1.5.1/pico-sdk/src/rp2_common/pico_unique_id/unique_id.c.obj
                0x10001238                pico_get_unique_board_id
 .text.pico_get_unique_board_id_string
                0x10001248       0x60 CMakeFiles/final_project.dir/C_/Program_Files/Raspberry_Pi/Pico_SDK_v1.5.1/pico-sdk/src/rp2_common/pico_unique_id/unique_id.c.obj
                0x10001248                pico_get_unique_board_id_string
 .text.flash_get_unique_id
                0x100012a8       0x46 CMakeFiles/final_project.dir/C_/Program_Files/Raspberry_Pi/Pico_SDK_v1.5.1/pico-sdk/src/rp2_common/hardware_flash/flash.c.obj
                0x100012a8                flash_get_unique_id
 *fill*         0x100012ee        0x2 
 .text.hw_claim_lock
                0x100012f0       0x18 CMakeFiles/final_project.dir/C_/Program_Files/Raspberry_Pi/Pico_SDK_v1.5.1/pico-sdk/src/rp2_common/hardware_claim/claim.c.obj
                0x100012f0                hw_claim_lock
 .text.hw_claim_unlock
                0x10001308       0x14 CMakeFiles/final_project.dir/C_/Program_Files/Raspberry_Pi/Pico_SDK_v1.5.1/pico-sdk/src/rp2_common/hardware_claim/claim.c.obj
                0x10001308                hw_claim_unlock
 .text.hw_claim_or_assert
                0x1000131c       0x32 CMakeFiles/final_project.dir/C_/Program_Files/Raspberry_Pi/Pico_SDK_v1.5.1/pico-sdk/src/rp2_common/hardware_claim/claim.c.obj
                0x1000131c                hw_claim_or_assert
 .text.hw_claim_unused_from_range
                0x1000134e       0x50 CMakeFiles/final_project.dir/C_/Program_Files/Raspberry_Pi/Pico_SDK_v1.5.1/pico-sdk/src/rp2_common/hardware_claim/claim.c.obj
                0x1000134e                hw_claim_unused_from_range
 *fill*         0x1000139e        0x2 
 .text.hw_claim_clear
                0x100013a0       0x40 CMakeFiles/final_project.dir/C_/Program_Files/Raspberry_Pi/Pico_SDK_v1.5.1/pico-sdk/src/rp2_common/hardware_claim/claim.c.obj
                0x100013a0                hw_claim_clear
 .text.spin_locks_reset
                0x100013e0       0x20 CMakeFiles/final_project.dir/C_/Program_Files/Raspberry_Pi/Pico_SDK_v1.5.1/pico-sdk/src/rp2_common/hardware_sync/sync.c.obj
                0x100013e0                spin_locks_reset
 .text.next_striped_spin_lock_num
                0x10001400       0x1c CMakeFiles/final_project.dir/C_/Program_Files/Raspberry_Pi/Pico_SDK_v1.5.1/pico-sdk/src/rp2_common/hardware_sync/sync.c.obj
                0x10001400                next_striped_spin_lock_num
 .text.spin_lock_claim_unused
                0x1000141c       0x20 CMakeFiles/final_project.dir/C_/Program_Files/Raspberry_Pi/Pico_SDK_v1.5.1/pico-sdk/src/rp2_common/hardware_sync/sync.c.obj
                0x1000141c                spin_lock_claim_unused
 .text.rom_func_lookup
                0x1000143c       0x10 CMakeFiles/final_project.dir/C_/Program_Files/Raspberry_Pi/Pico_SDK_v1.5.1/pico-sdk/src/rp2_common/pico_bootrom/bootrom.c.obj
                0x1000143c                rom_func_lookup
 .text.rom_data_lookup
                0x1000144c       0x10 CMakeFiles/final_project.dir/C_/Program_Files/Raspberry_Pi/Pico_SDK_v1.5.1/pico-sdk/src/rp2_common/pico_bootrom/bootrom.c.obj
                0x1000144c                rom_data_lookup
 .text.rom_funcs_lookup
                0x1000145c       0x36 CMakeFiles/final_project.dir/C_/Program_Files/Raspberry_Pi/Pico_SDK_v1.5.1/pico-sdk/src/rp2_common/pico_bootrom/bootrom.c.obj
                0x1000145c                rom_funcs_lookup
 *fill*         0x10001492        0x2 
 .text.clock_configure
                0x10001494      0x108 CMakeFiles/final_project.dir/C_/Program_Files/Raspberry_Pi/Pico_SDK_v1.5.1/pico-sdk/src/rp2_common/hardware_clocks/clocks.c.obj
                0x10001494                clock_configure
 .text.clocks_init
                0x1000159c      0x100 CMakeFiles/final_project.dir/C_/Program_Files/Raspberry_Pi/Pico_SDK_v1.5.1/pico-sdk/src/rp2_common/hardware_clocks/clocks.c.obj
                0x1000159c                clocks_init
 .text.clock_get_hz
                0x1000169c        0xc CMakeFiles/final_project.dir/C_/Program_Files/Raspberry_Pi/Pico_SDK_v1.5.1/pico-sdk/src/rp2_common/hardware_clocks/clocks.c.obj
                0x1000169c                clock_get_hz
 .text.gpio_set_function
                0x100016a8       0x30 CMakeFiles/final_project.dir/C_/Program_Files/Raspberry_Pi/Pico_SDK_v1.5.1/pico-sdk/src/rp2_common/hardware_gpio/gpio.c.obj
                0x100016a8                gpio_set_function
 .text.gpio_set_pulls
                0x100016d8       0x34 CMakeFiles/final_project.dir/C_/Program_Files/Raspberry_Pi/Pico_SDK_v1.5.1/pico-sdk/src/rp2_common/hardware_gpio/gpio.c.obj
                0x100016d8                gpio_set_pulls
 .text.gpio_set_input_hysteresis_enabled
                0x1000170c       0x30 CMakeFiles/final_project.dir/C_/Program_Files/Raspberry_Pi/Pico_SDK_v1.5.1/pico-sdk/src/rp2_common/hardware_gpio/gpio.c.obj
                0x1000170c                gpio_set_input_hysteresis_enabled
 .text.gpio_add_raw_irq_handler_with_order_priority_masked
                0x1000173c       0x40 CMakeFiles/final_project.dir/C_/Program_Files/Raspberry_Pi/Pico_SDK_v1.5.1/pico-sdk/src/rp2_common/hardware_gpio/gpio.c.obj
                0x1000173c                gpio_add_raw_irq_handler_with_order_priority_masked
 .text.gpio_remove_raw_irq_handler_masked
                0x1000177c       0x48 CMakeFiles/final_project.dir/C_/Program_Files/Raspberry_Pi/Pico_SDK_v1.5.1/pico-sdk/src/rp2_common/hardware_gpio/gpio.c.obj
                0x1000177c                gpio_remove_raw_irq_handler_masked
 .text.gpio_acknowledge_irq
                0x100017c4       0x18 CMakeFiles/final_project.dir/C_/Program_Files/Raspberry_Pi/Pico_SDK_v1.5.1/pico-sdk/src/rp2_common/hardware_gpio/gpio.c.obj
                0x100017c4                gpio_acknowledge_irq
 .text._gpio_set_irq_enabled
                0x100017dc       0x34 CMakeFiles/final_project.dir/C_/Program_Files/Raspberry_Pi/Pico_SDK_v1.5.1/pico-sdk/src/rp2_common/hardware_gpio/gpio.c.obj
 .text.gpio_set_irq_enabled
                0x10001810       0x20 CMakeFiles/final_project.dir/C_/Program_Files/Raspberry_Pi/Pico_SDK_v1.5.1/pico-sdk/src/rp2_common/hardware_gpio/gpio.c.obj
                0x10001810                gpio_set_irq_enabled
 .text.gpio_set_input_enabled
                0x10001830       0x30 CMakeFiles/final_project.dir/C_/Program_Files/Raspberry_Pi/Pico_SDK_v1.5.1/pico-sdk/src/rp2_common/hardware_gpio/gpio.c.obj
                0x10001830                gpio_set_input_enabled
 .text.gpio_init
                0x10001860       0x16 CMakeFiles/final_project.dir/C_/Program_Files/Raspberry_Pi/Pico_SDK_v1.5.1/pico-sdk/src/rp2_common/hardware_gpio/gpio.c.obj
                0x10001860                gpio_init
 *fill*         0x10001876        0x2 
 .text.set_raw_irq_handler_and_unlock
                0x10001878       0x28 CMakeFiles/final_project.dir/C_/Program_Files/Raspberry_Pi/Pico_SDK_v1.5.1/pico-sdk/src/rp2_common/hardware_irq/irq.c.obj
 .text.get_user_irq_claim_index
                0x100018a0        0x6 CMakeFiles/final_project.dir/C_/Program_Files/Raspberry_Pi/Pico_SDK_v1.5.1/pico-sdk/src/rp2_common/hardware_irq/irq.c.obj
 *fill*         0x100018a6        0x2 
 .text.make_branch
                0x100018a8       0x48 CMakeFiles/final_project.dir/C_/Program_Files/Raspberry_Pi/Pico_SDK_v1.5.1/pico-sdk/src/rp2_common/hardware_irq/irq.c.obj
 .text.insert_branch_and_link
                0x100018f0       0x40 CMakeFiles/final_project.dir/C_/Program_Files/Raspberry_Pi/Pico_SDK_v1.5.1/pico-sdk/src/rp2_common/hardware_irq/irq.c.obj
 .text.irq_is_enabled
                0x10001930       0x18 CMakeFiles/final_project.dir/C_/Program_Files/Raspberry_Pi/Pico_SDK_v1.5.1/pico-sdk/src/rp2_common/hardware_irq/irq.c.obj
                0x10001930                irq_is_enabled
 .text.irq_set_mask_enabled
                0x10001948       0x20 CMakeFiles/final_project.dir/C_/Program_Files/Raspberry_Pi/Pico_SDK_v1.5.1/pico-sdk/src/rp2_common/hardware_irq/irq.c.obj
                0x10001948                irq_set_mask_enabled
 .text.irq_set_enabled
                0x10001968        0xe CMakeFiles/final_project.dir/C_/Program_Files/Raspberry_Pi/Pico_SDK_v1.5.1/pico-sdk/src/rp2_common/hardware_irq/irq.c.obj
                0x10001968                irq_set_enabled
 *fill*         0x10001976        0x2 
 .text.irq_set_pending
                0x10001978       0x10 CMakeFiles/final_project.dir/C_/Program_Files/Raspberry_Pi/Pico_SDK_v1.5.1/pico-sdk/src/rp2_common/hardware_irq/irq.c.obj
                0x10001978                irq_set_pending
 .text.irq_get_vtable_handler
                0x10001988       0x10 CMakeFiles/final_project.dir/C_/Program_Files/Raspberry_Pi/Pico_SDK_v1.5.1/pico-sdk/src/rp2_common/hardware_irq/irq.c.obj
                0x10001988                irq_get_vtable_handler
 .text.irq_has_shared_handler
                0x10001998       0x24 CMakeFiles/final_project.dir/C_/Program_Files/Raspberry_Pi/Pico_SDK_v1.5.1/pico-sdk/src/rp2_common/hardware_irq/irq.c.obj
                0x10001998                irq_has_shared_handler
 .text.irq_set_exclusive_handler
                0x100019bc       0x54 CMakeFiles/final_project.dir/C_/Program_Files/Raspberry_Pi/Pico_SDK_v1.5.1/pico-sdk/src/rp2_common/hardware_irq/irq.c.obj
                0x100019bc                irq_set_exclusive_handler
 .text.irq_add_shared_handler
                0x10001a10      0x234 CMakeFiles/final_project.dir/C_/Program_Files/Raspberry_Pi/Pico_SDK_v1.5.1/pico-sdk/src/rp2_common/hardware_irq/irq.c.obj
                0x10001a10                irq_add_shared_handler
 .text.irq_remove_handler
                0x10001c44      0x1ac CMakeFiles/final_project.dir/C_/Program_Files/Raspberry_Pi/Pico_SDK_v1.5.1/pico-sdk/src/rp2_common/hardware_irq/irq.c.obj
                0x10001c44                irq_remove_handler
 .text.irq_set_priority
                0x10001df0       0x28 CMakeFiles/final_project.dir/C_/Program_Files/Raspberry_Pi/Pico_SDK_v1.5.1/pico-sdk/src/rp2_common/hardware_irq/irq.c.obj
                0x10001df0                irq_set_priority
 .text.irq_add_tail_to_free_list
                0x10001e18       0xf0 CMakeFiles/final_project.dir/C_/Program_Files/Raspberry_Pi/Pico_SDK_v1.5.1/pico-sdk/src/rp2_common/hardware_irq/irq.c.obj
                0x10001e18                irq_add_tail_to_free_list
 .text.irq_init_priorities
                0x10001f08       0x1c CMakeFiles/final_project.dir/C_/Program_Files/Raspberry_Pi/Pico_SDK_v1.5.1/pico-sdk/src/rp2_common/hardware_irq/irq.c.obj
                0x10001f08                irq_init_priorities
 .text.user_irq_unclaim
                0x10001f24       0x14 CMakeFiles/final_project.dir/C_/Program_Files/Raspberry_Pi/Pico_SDK_v1.5.1/pico-sdk/src/rp2_common/hardware_irq/irq.c.obj
                0x10001f24                user_irq_unclaim
 .text.user_irq_claim_unused
                0x10001f38       0x28 CMakeFiles/final_project.dir/C_/Program_Files/Raspberry_Pi/Pico_SDK_v1.5.1/pico-sdk/src/rp2_common/hardware_irq/irq.c.obj
                0x10001f38                user_irq_claim_unused
 .text.sem_init
                0x10001f60       0x1e CMakeFiles/final_project.dir/C_/Program_Files/Raspberry_Pi/Pico_SDK_v1.5.1/pico-sdk/src/common/pico_sync/sem.c.obj
                0x10001f60                sem_init
 *fill*         0x10001f7e        0x2 
 .text.lock_init
                0x10001f80       0x10 CMakeFiles/final_project.dir/C_/Program_Files/Raspberry_Pi/Pico_SDK_v1.5.1/pico-sdk/src/common/pico_sync/lock_core.c.obj
                0x10001f80                lock_init
 .text.mutex_init
                0x10001f90       0x1a CMakeFiles/final_project.dir/C_/Program_Files/Raspberry_Pi/Pico_SDK_v1.5.1/pico-sdk/src/common/pico_sync/mutex.c.obj
                0x10001f90                mutex_init
 .text.recursive_mutex_init
                0x10001faa       0x1e CMakeFiles/final_project.dir/C_/Program_Files/Raspberry_Pi/Pico_SDK_v1.5.1/pico-sdk/src/common/pico_sync/mutex.c.obj
                0x10001faa                recursive_mutex_init
 .text.critical_section_init_with_lock_num
                0x10001fc8       0x14 CMakeFiles/final_project.dir/C_/Program_Files/Raspberry_Pi/Pico_SDK_v1.5.1/pico-sdk/src/common/pico_sync/critical_section.c.obj
                0x10001fc8                critical_section_init_with_lock_num
 .text.critical_section_init
                0x10001fdc       0x14 CMakeFiles/final_project.dir/C_/Program_Files/Raspberry_Pi/Pico_SDK_v1.5.1/pico-sdk/src/common/pico_sync/critical_section.c.obj
                0x10001fdc                critical_section_init
 .text.repeating_timer_callback
                0x10001ff0       0x40 CMakeFiles/final_project.dir/C_/Program_Files/Raspberry_Pi/Pico_SDK_v1.5.1/pico-sdk/src/common/pico_time/time.c.obj
 .text.alarm_pool_post_alloc_init
                0x10002030       0x40 CMakeFiles/final_project.dir/C_/Program_Files/Raspberry_Pi/Pico_SDK_v1.5.1/pico-sdk/src/common/pico_time/time.c.obj
 .text.sleep_until_callback
                0x10002070       0x30 CMakeFiles/final_project.dir/C_/Program_Files/Raspberry_Pi/Pico_SDK_v1.5.1/pico-sdk/src/common/pico_time/time.c.obj
 .text.timer_pool_entry_comparator
                0x100020a0       0x7c CMakeFiles/final_project.dir/C_/Program_Files/Raspberry_Pi/Pico_SDK_v1.5.1/pico-sdk/src/common/pico_time/time.c.obj
                0x100020a0                timer_pool_entry_comparator
 .text.ph_add_child_node
                0x1000211c       0xa4 CMakeFiles/final_project.dir/C_/Program_Files/Raspberry_Pi/Pico_SDK_v1.5.1/pico-sdk/src/common/pico_time/time.c.obj
 .text.ph_merge_nodes
                0x100021c0       0x3e CMakeFiles/final_project.dir/C_/Program_Files/Raspberry_Pi/Pico_SDK_v1.5.1/pico-sdk/src/common/pico_time/time.c.obj
 *fill*         0x100021fe        0x2 
 .text.add_alarm_under_lock
                0x10002200      0x174 CMakeFiles/final_project.dir/C_/Program_Files/Raspberry_Pi/Pico_SDK_v1.5.1/pico-sdk/src/common/pico_time/time.c.obj
 .text.alarm_pool_alarm_callback
                0x10002374      0x33c CMakeFiles/final_project.dir/C_/Program_Files/Raspberry_Pi/Pico_SDK_v1.5.1/pico-sdk/src/common/pico_time/time.c.obj
 .text.alarm_pool_init_default
                0x100026b0       0x40 CMakeFiles/final_project.dir/C_/Program_Files/Raspberry_Pi/Pico_SDK_v1.5.1/pico-sdk/src/common/pico_time/time.c.obj
                0x100026b0                alarm_pool_init_default
 .text.alarm_pool_get_default
                0x100026f0       0x2c CMakeFiles/final_project.dir/C_/Program_Files/Raspberry_Pi/Pico_SDK_v1.5.1/pico-sdk/src/common/pico_time/time.c.obj
                0x100026f0                alarm_pool_get_default
 .text.alarm_pool_add_alarm_at
                0x1000271c      0x168 CMakeFiles/final_project.dir/C_/Program_Files/Raspberry_Pi/Pico_SDK_v1.5.1/pico-sdk/src/common/pico_time/time.c.obj
                0x1000271c                alarm_pool_add_alarm_at
 .text.alarm_pool_cancel_alarm
                0x10002884       0xf8 CMakeFiles/final_project.dir/C_/Program_Files/Raspberry_Pi/Pico_SDK_v1.5.1/pico-sdk/src/common/pico_time/time.c.obj
                0x10002884                alarm_pool_cancel_alarm
 .text.alarm_pool_core_num
                0x1000297c        0x4 CMakeFiles/final_project.dir/C_/Program_Files/Raspberry_Pi/Pico_SDK_v1.5.1/pico-sdk/src/common/pico_time/time.c.obj
                0x1000297c                alarm_pool_core_num
 .text.alarm_pool_add_repeating_timer_us
                0x10002980       0x98 CMakeFiles/final_project.dir/C_/Program_Files/Raspberry_Pi/Pico_SDK_v1.5.1/pico-sdk/src/common/pico_time/time.c.obj
                0x10002980                alarm_pool_add_repeating_timer_us
 .text.sleep_until
                0x10002a18       0xfc CMakeFiles/final_project.dir/C_/Program_Files/Raspberry_Pi/Pico_SDK_v1.5.1/pico-sdk/src/common/pico_time/time.c.obj
                0x10002a18                sleep_until
 .text.sleep_us
                0x10002b14       0x58 CMakeFiles/final_project.dir/C_/Program_Files/Raspberry_Pi/Pico_SDK_v1.5.1/pico-sdk/src/common/pico_time/time.c.obj
                0x10002b14                sleep_us
 .text.sleep_ms
                0x10002b6c       0x14 CMakeFiles/final_project.dir/C_/Program_Files/Raspberry_Pi/Pico_SDK_v1.5.1/pico-sdk/src/common/pico_time/time.c.obj
                0x10002b6c                sleep_ms
 .text.best_effort_wfe_or_timeout
                0x10002b80       0xac CMakeFiles/final_project.dir/C_/Program_Files/Raspberry_Pi/Pico_SDK_v1.5.1/pico-sdk/src/common/pico_time/time.c.obj
                0x10002b80                best_effort_wfe_or_timeout
 .text.hardware_alarm_irq_handler
                0x10002c2c       0x90 CMakeFiles/final_project.dir/C_/Program_Files/Raspberry_Pi/Pico_SDK_v1.5.1/pico-sdk/src/rp2_common/hardware_timer/timer.c.obj
 .text.hardware_alarm_claim
                0x10002cbc       0x18 CMakeFiles/final_project.dir/C_/Program_Files/Raspberry_Pi/Pico_SDK_v1.5.1/pico-sdk/src/rp2_common/hardware_timer/timer.c.obj
                0x10002cbc                hardware_alarm_claim
 .text.time_us_64
                0x10002cd4       0x18 CMakeFiles/final_project.dir/C_/Program_Files/Raspberry_Pi/Pico_SDK_v1.5.1/pico-sdk/src/rp2_common/hardware_timer/timer.c.obj
                0x10002cd4                time_us_64
 .text.busy_wait_until
                0x10002cec       0x28 CMakeFiles/final_project.dir/C_/Program_Files/Raspberry_Pi/Pico_SDK_v1.5.1/pico-sdk/src/rp2_common/hardware_timer/timer.c.obj
                0x10002cec                busy_wait_until
 .text.hardware_alarm_set_callback
                0x10002d14       0x90 CMakeFiles/final_project.dir/C_/Program_Files/Raspberry_Pi/Pico_SDK_v1.5.1/pico-sdk/src/rp2_common/hardware_timer/timer.c.obj
                0x10002d14                hardware_alarm_set_callback
 .text.hardware_alarm_set_target
                0x10002da4       0xe8 CMakeFiles/final_project.dir/C_/Program_Files/Raspberry_Pi/Pico_SDK_v1.5.1/pico-sdk/src/rp2_common/hardware_timer/timer.c.obj
                0x10002da4                hardware_alarm_set_target
 .text.hardware_alarm_cancel
                0x10002e8c       0x40 CMakeFiles/final_project.dir/C_/Program_Files/Raspberry_Pi/Pico_SDK_v1.5.1/pico-sdk/src/rp2_common/hardware_timer/timer.c.obj
                0x10002e8c                hardware_alarm_cancel
 .text.ph_add_child_node
                0x10002ecc       0xa4 CMakeFiles/final_project.dir/C_/Program_Files/Raspberry_Pi/Pico_SDK_v1.5.1/pico-sdk/src/common/pico_util/pheap.c.obj
 .text.ph_merge_nodes
                0x10002f70       0x3e CMakeFiles/final_project.dir/C_/Program_Files/Raspberry_Pi/Pico_SDK_v1.5.1/pico-sdk/src/common/pico_util/pheap.c.obj
 *fill*         0x10002fae        0x2 
 .text.ph_clear
                0x10002fb0       0x70 CMakeFiles/final_project.dir/C_/Program_Files/Raspberry_Pi/Pico_SDK_v1.5.1/pico-sdk/src/common/pico_util/pheap.c.obj
                0x10002fb0                ph_clear
 .text.ph_post_alloc_init
                0x10003020        0xe CMakeFiles/final_project.dir/C_/Program_Files/Raspberry_Pi/Pico_SDK_v1.5.1/pico-sdk/src/common/pico_util/pheap.c.obj
                0x10003020                ph_post_alloc_init
 *fill*         0x1000302e        0x2 
 .text.ph_merge_two_pass
                0x10003030       0xa8 CMakeFiles/final_project.dir/C_/Program_Files/Raspberry_Pi/Pico_SDK_v1.5.1/pico-sdk/src/common/pico_util/pheap.c.obj
                0x10003030                ph_merge_two_pass
 .text.ph_remove_any_head
                0x100030d8      0x128 CMakeFiles/final_project.dir/C_/Program_Files/Raspberry_Pi/Pico_SDK_v1.5.1/pico-sdk/src/common/pico_util/pheap.c.obj
 .text.ph_remove_head
                0x10003200       0x14 CMakeFiles/final_project.dir/C_/Program_Files/Raspberry_Pi/Pico_SDK_v1.5.1/pico-sdk/src/common/pico_util/pheap.c.obj
                0x10003200                ph_remove_head
 .text.ph_remove_and_free_node
                0x10003214       0xf8 CMakeFiles/final_project.dir/C_/Program_Files/Raspberry_Pi/Pico_SDK_v1.5.1/pico-sdk/src/common/pico_util/pheap.c.obj
                0x10003214                ph_remove_and_free_node
 .text.pll_init
                0x1000330c      0x120 CMakeFiles/final_project.dir/C_/Program_Files/Raspberry_Pi/Pico_SDK_v1.5.1/pico-sdk/src/rp2_common/hardware_pll/pll.c.obj
                0x1000330c                pll_init
 .text.watchdog_start_tick
                0x1000342c       0x10 CMakeFiles/final_project.dir/C_/Program_Files/Raspberry_Pi/Pico_SDK_v1.5.1/pico-sdk/src/rp2_common/hardware_watchdog/watchdog.c.obj
                0x1000342c                watchdog_start_tick
 .text.watchdog_update
                0x1000343c       0x14 CMakeFiles/final_project.dir/C_/Program_Files/Raspberry_Pi/Pico_SDK_v1.5.1/pico-sdk/src/rp2_common/hardware_watchdog/watchdog.c.obj
                0x1000343c                watchdog_update
 .text._watchdog_enable
                0x10003450       0x78 CMakeFiles/final_project.dir/C_/Program_Files/Raspberry_Pi/Pico_SDK_v1.5.1/pico-sdk/src/rp2_common/hardware_watchdog/watchdog.c.obj
                0x10003450                _watchdog_enable
 .text.watchdog_reboot
                0x100034c8       0x48 CMakeFiles/final_project.dir/C_/Program_Files/Raspberry_Pi/Pico_SDK_v1.5.1/pico-sdk/src/rp2_common/hardware_watchdog/watchdog.c.obj
                0x100034c8                watchdog_reboot
 .text.xosc_init
                0x10003510       0x28 CMakeFiles/final_project.dir/C_/Program_Files/Raspberry_Pi/Pico_SDK_v1.5.1/pico-sdk/src/rp2_common/hardware_xosc/xosc.c.obj
                0x10003510                xosc_init
 .text.lwip_init
                0x10003538       0x24 CMakeFiles/final_project.dir/C_/Program_Files/Raspberry_Pi/Pico_SDK_v1.5.1/pico-sdk/lib/lwip/src/core/init.c.obj
                0x10003538                lwip_init
 .text.lwip_htons
                0x1000355c        0xa CMakeFiles/final_project.dir/C_/Program_Files/Raspberry_Pi/Pico_SDK_v1.5.1/pico-sdk/lib/lwip/src/core/def.c.obj
                0x1000355c                lwip_htons
 .text.lwip_htonl
                0x10003566       0x1c CMakeFiles/final_project.dir/C_/Program_Files/Raspberry_Pi/Pico_SDK_v1.5.1/pico-sdk/lib/lwip/src/core/def.c.obj
                0x10003566                lwip_htonl
 *fill*         0x10003582        0x2 
 .text.dns_backupserver_available
                0x10003584       0x28 CMakeFiles/final_project.dir/C_/Program_Files/Raspberry_Pi/Pico_SDK_v1.5.1/pico-sdk/lib/lwip/src/core/dns.c.obj
 .text.dns_create_txid
                0x100035ac       0x3c CMakeFiles/final_project.dir/C_/Program_Files/Raspberry_Pi/Pico_SDK_v1.5.1/pico-sdk/lib/lwip/src/core/dns.c.obj
 .text.dns_call_found
                0x100035e8       0xf4 CMakeFiles/final_project.dir/C_/Program_Files/Raspberry_Pi/Pico_SDK_v1.5.1/pico-sdk/lib/lwip/src/core/dns.c.obj
 .text.dns_send
                0x100036dc      0x178 CMakeFiles/final_project.dir/C_/Program_Files/Raspberry_Pi/Pico_SDK_v1.5.1/pico-sdk/lib/lwip/src/core/dns.c.obj
 .text.dns_check_entry
                0x10003854      0x11c CMakeFiles/final_project.dir/C_/Program_Files/Raspberry_Pi/Pico_SDK_v1.5.1/pico-sdk/lib/lwip/src/core/dns.c.obj
 .text.dns_check_entries
                0x10003970       0x16 CMakeFiles/final_project.dir/C_/Program_Files/Raspberry_Pi/Pico_SDK_v1.5.1/pico-sdk/lib/lwip/src/core/dns.c.obj
 .text.dns_init
                0x10003986        0x2 CMakeFiles/final_project.dir/C_/Program_Files/Raspberry_Pi/Pico_SDK_v1.5.1/pico-sdk/lib/lwip/src/core/dns.c.obj
                0x10003986                dns_init
 .text.dns_setserver
                0x10003988       0x28 CMakeFiles/final_project.dir/C_/Program_Files/Raspberry_Pi/Pico_SDK_v1.5.1/pico-sdk/lib/lwip/src/core/dns.c.obj
                0x10003988                dns_setserver
 .text.dns_tmr  0x100039b0        0x8 CMakeFiles/final_project.dir/C_/Program_Files/Raspberry_Pi/Pico_SDK_v1.5.1/pico-sdk/lib/lwip/src/core/dns.c.obj
                0x100039b0                dns_tmr
 .text.lwip_standard_chksum
                0x100039b8       0xac CMakeFiles/final_project.dir/C_/Program_Files/Raspberry_Pi/Pico_SDK_v1.5.1/pico-sdk/lib/lwip/src/core/inet_chksum.c.obj
                0x100039b8                lwip_standard_chksum
 .text.inet_cksum_pseudo_base
                0x10003a64       0x7c CMakeFiles/final_project.dir/C_/Program_Files/Raspberry_Pi/Pico_SDK_v1.5.1/pico-sdk/lib/lwip/src/core/inet_chksum.c.obj
 .text.inet_chksum_pseudo
                0x10003ae0       0x30 CMakeFiles/final_project.dir/C_/Program_Files/Raspberry_Pi/Pico_SDK_v1.5.1/pico-sdk/lib/lwip/src/core/inet_chksum.c.obj
                0x10003ae0                inet_chksum_pseudo
 .text.ip_chksum_pseudo
                0x10003b10       0x10 CMakeFiles/final_project.dir/C_/Program_Files/Raspberry_Pi/Pico_SDK_v1.5.1/pico-sdk/lib/lwip/src/core/inet_chksum.c.obj
                0x10003b10                ip_chksum_pseudo
 .text.inet_chksum
                0x10003b20        0xc CMakeFiles/final_project.dir/C_/Program_Files/Raspberry_Pi/Pico_SDK_v1.5.1/pico-sdk/lib/lwip/src/core/inet_chksum.c.obj
                0x10003b20                inet_chksum
 .text.inet_chksum_pbuf
                0x10003b2c       0x52 CMakeFiles/final_project.dir/C_/Program_Files/Raspberry_Pi/Pico_SDK_v1.5.1/pico-sdk/lib/lwip/src/core/inet_chksum.c.obj
                0x10003b2c                inet_chksum_pbuf
 *fill*         0x10003b7e        0x2 
 .text.ptr_to_mem
                0x10003b80        0xc CMakeFiles/final_project.dir/C_/Program_Files/Raspberry_Pi/Pico_SDK_v1.5.1/pico-sdk/lib/lwip/src/core/mem.c.obj
 .text.mem_to_ptr
                0x10003b8c       0x10 CMakeFiles/final_project.dir/C_/Program_Files/Raspberry_Pi/Pico_SDK_v1.5.1/pico-sdk/lib/lwip/src/core/mem.c.obj
 .text.mem_link_valid
                0x10003b9c       0x5c CMakeFiles/final_project.dir/C_/Program_Files/Raspberry_Pi/Pico_SDK_v1.5.1/pico-sdk/lib/lwip/src/core/mem.c.obj
 .text.plug_holes
                0x10003bf8       0xd4 CMakeFiles/final_project.dir/C_/Program_Files/Raspberry_Pi/Pico_SDK_v1.5.1/pico-sdk/lib/lwip/src/core/mem.c.obj
 .text.mem_init
                0x10003ccc       0x44 CMakeFiles/final_project.dir/C_/Program_Files/Raspberry_Pi/Pico_SDK_v1.5.1/pico-sdk/lib/lwip/src/core/mem.c.obj
                0x10003ccc                mem_init
 .text.mem_free
                0x10003d10       0x84 CMakeFiles/final_project.dir/C_/Program_Files/Raspberry_Pi/Pico_SDK_v1.5.1/pico-sdk/lib/lwip/src/core/mem.c.obj
                0x10003d10                mem_free
 .text.mem_trim
                0x10003d94      0x134 CMakeFiles/final_project.dir/C_/Program_Files/Raspberry_Pi/Pico_SDK_v1.5.1/pico-sdk/lib/lwip/src/core/mem.c.obj
                0x10003d94                mem_trim
 .text.mem_malloc
                0x10003ec8      0x134 CMakeFiles/final_project.dir/C_/Program_Files/Raspberry_Pi/Pico_SDK_v1.5.1/pico-sdk/lib/lwip/src/core/mem.c.obj
                0x10003ec8                mem_malloc
 .text.mem_calloc
                0x10003ffc       0x28 CMakeFiles/final_project.dir/C_/Program_Files/Raspberry_Pi/Pico_SDK_v1.5.1/pico-sdk/lib/lwip/src/core/mem.c.obj
                0x10003ffc                mem_calloc
 .text.do_memp_malloc_pool
                0x10004024       0x30 CMakeFiles/final_project.dir/C_/Program_Files/Raspberry_Pi/Pico_SDK_v1.5.1/pico-sdk/lib/lwip/src/core/memp.c.obj
 .text.do_memp_free_pool
                0x10004054       0x28 CMakeFiles/final_project.dir/C_/Program_Files/Raspberry_Pi/Pico_SDK_v1.5.1/pico-sdk/lib/lwip/src/core/memp.c.obj
 .text.memp_init_pool
                0x1000407c       0x2a CMakeFiles/final_project.dir/C_/Program_Files/Raspberry_Pi/Pico_SDK_v1.5.1/pico-sdk/lib/lwip/src/core/memp.c.obj
                0x1000407c                memp_init_pool
 *fill*         0x100040a6        0x2 
 .text.memp_init
                0x100040a8       0x20 CMakeFiles/final_project.dir/C_/Program_Files/Raspberry_Pi/Pico_SDK_v1.5.1/pico-sdk/lib/lwip/src/core/memp.c.obj
                0x100040a8                memp_init
 .text.memp_malloc
                0x100040c8       0x24 CMakeFiles/final_project.dir/C_/Program_Files/Raspberry_Pi/Pico_SDK_v1.5.1/pico-sdk/lib/lwip/src/core/memp.c.obj
                0x100040c8                memp_malloc
 .text.memp_free
                0x100040ec       0x28 CMakeFiles/final_project.dir/C_/Program_Files/Raspberry_Pi/Pico_SDK_v1.5.1/pico-sdk/lib/lwip/src/core/memp.c.obj
                0x100040ec                memp_free
 .text.netif_do_set_netmask
                0x10004114       0x1a CMakeFiles/final_project.dir/C_/Program_Files/Raspberry_Pi/Pico_SDK_v1.5.1/pico-sdk/lib/lwip/src/core/netif.c.obj
 .text.netif_do_set_gw
                0x1000412e       0x1a CMakeFiles/final_project.dir/C_/Program_Files/Raspberry_Pi/Pico_SDK_v1.5.1/pico-sdk/lib/lwip/src/core/netif.c.obj
 .text.netif_null_output_ip4
                0x10004148        0x6 CMakeFiles/final_project.dir/C_/Program_Files/Raspberry_Pi/Pico_SDK_v1.5.1/pico-sdk/lib/lwip/src/core/netif.c.obj
 .text.netif_do_ip_addr_changed
                0x1000414e       0x1c CMakeFiles/final_project.dir/C_/Program_Files/Raspberry_Pi/Pico_SDK_v1.5.1/pico-sdk/lib/lwip/src/core/netif.c.obj
 *fill*         0x1000416a        0x2 
 .text.netif_issue_reports
                0x1000416c       0x34 CMakeFiles/final_project.dir/C_/Program_Files/Raspberry_Pi/Pico_SDK_v1.5.1/pico-sdk/lib/lwip/src/core/netif.c.obj
 .text.netif_do_set_ipaddr
                0x100041a0       0x54 CMakeFiles/final_project.dir/C_/Program_Files/Raspberry_Pi/Pico_SDK_v1.5.1/pico-sdk/lib/lwip/src/core/netif.c.obj
 .text.netif_init
                0x100041f4        0x2 CMakeFiles/final_project.dir/C_/Program_Files/Raspberry_Pi/Pico_SDK_v1.5.1/pico-sdk/lib/lwip/src/core/netif.c.obj
                0x100041f4                netif_init
 *fill*         0x100041f6        0x2 
 .text.netif_set_addr
                0x100041f8       0x78 CMakeFiles/final_project.dir/C_/Program_Files/Raspberry_Pi/Pico_SDK_v1.5.1/pico-sdk/lib/lwip/src/core/netif.c.obj
                0x100041f8                netif_set_addr
 .text.netif_add
                0x10004270      0x124 CMakeFiles/final_project.dir/C_/Program_Files/Raspberry_Pi/Pico_SDK_v1.5.1/pico-sdk/lib/lwip/src/core/netif.c.obj
                0x10004270                netif_add
 .text.netif_set_default
                0x10004394        0xc CMakeFiles/final_project.dir/C_/Program_Files/Raspberry_Pi/Pico_SDK_v1.5.1/pico-sdk/lib/lwip/src/core/netif.c.obj
                0x10004394                netif_set_default
 .text.netif_set_up
                0x100043a0       0x34 CMakeFiles/final_project.dir/C_/Program_Files/Raspberry_Pi/Pico_SDK_v1.5.1/pico-sdk/lib/lwip/src/core/netif.c.obj
                0x100043a0                netif_set_up
 .text.netif_set_down
                0x100043d4       0x38 CMakeFiles/final_project.dir/C_/Program_Files/Raspberry_Pi/Pico_SDK_v1.5.1/pico-sdk/lib/lwip/src/core/netif.c.obj
                0x100043d4                netif_set_down
 .text.netif_remove
                0x1000440c       0x64 CMakeFiles/final_project.dir/C_/Program_Files/Raspberry_Pi/Pico_SDK_v1.5.1/pico-sdk/lib/lwip/src/core/netif.c.obj
                0x1000440c                netif_remove
 .text.netif_set_link_up
                0x10004470       0x3c CMakeFiles/final_project.dir/C_/Program_Files/Raspberry_Pi/Pico_SDK_v1.5.1/pico-sdk/lib/lwip/src/core/netif.c.obj
                0x10004470                netif_set_link_up
 .text.netif_set_link_down
                0x100044ac       0x2c CMakeFiles/final_project.dir/C_/Program_Files/Raspberry_Pi/Pico_SDK_v1.5.1/pico-sdk/lib/lwip/src/core/netif.c.obj
                0x100044ac                netif_set_link_down
 .text.netif_get_by_index
                0x100044d8       0x24 CMakeFiles/final_project.dir/C_/Program_Files/Raspberry_Pi/Pico_SDK_v1.5.1/pico-sdk/lib/lwip/src/core/netif.c.obj
                0x100044d8                netif_get_by_index
 .text.pbuf_init_alloced_pbuf
                0x100044fc       0x20 CMakeFiles/final_project.dir/C_/Program_Files/Raspberry_Pi/Pico_SDK_v1.5.1/pico-sdk/lib/lwip/src/core/pbuf.c.obj
 .text.pbuf_skip_const
                0x1000451c       0x1a CMakeFiles/final_project.dir/C_/Program_Files/Raspberry_Pi/Pico_SDK_v1.5.1/pico-sdk/lib/lwip/src/core/pbuf.c.obj
 *fill*         0x10004536        0x2 
 .text.pbuf_pool_is_empty
                0x10004538       0x18 CMakeFiles/final_project.dir/C_/Program_Files/Raspberry_Pi/Pico_SDK_v1.5.1/pico-sdk/lib/lwip/src/core/pbuf.c.obj
 .text.pbuf_add_header_impl
                0x10004550       0x68 CMakeFiles/final_project.dir/C_/Program_Files/Raspberry_Pi/Pico_SDK_v1.5.1/pico-sdk/lib/lwip/src/core/pbuf.c.obj
 .text.pbuf_free_ooseq
                0x100045b8       0x30 CMakeFiles/final_project.dir/C_/Program_Files/Raspberry_Pi/Pico_SDK_v1.5.1/pico-sdk/lib/lwip/src/core/pbuf.c.obj
                0x100045b8                pbuf_free_ooseq
 .text.pbuf_alloc_reference
                0x100045e8       0x3c CMakeFiles/final_project.dir/C_/Program_Files/Raspberry_Pi/Pico_SDK_v1.5.1/pico-sdk/lib/lwip/src/core/pbuf.c.obj
                0x100045e8                pbuf_alloc_reference
 .text.pbuf_add_header
                0x10004624        0xa CMakeFiles/final_project.dir/C_/Program_Files/Raspberry_Pi/Pico_SDK_v1.5.1/pico-sdk/lib/lwip/src/core/pbuf.c.obj
                0x10004624                pbuf_add_header
 *fill*         0x1000462e        0x2 
 .text.pbuf_remove_header
                0x10004630       0x50 CMakeFiles/final_project.dir/C_/Program_Files/Raspberry_Pi/Pico_SDK_v1.5.1/pico-sdk/lib/lwip/src/core/pbuf.c.obj
                0x10004630                pbuf_remove_header
 .text.pbuf_header_impl
                0x10004680       0x14 CMakeFiles/final_project.dir/C_/Program_Files/Raspberry_Pi/Pico_SDK_v1.5.1/pico-sdk/lib/lwip/src/core/pbuf.c.obj
 .text.pbuf_header_force
                0x10004694        0xa CMakeFiles/final_project.dir/C_/Program_Files/Raspberry_Pi/Pico_SDK_v1.5.1/pico-sdk/lib/lwip/src/core/pbuf.c.obj
                0x10004694                pbuf_header_force
 *fill*         0x1000469e        0x2 
 .text.pbuf_free
                0x100046a0       0x7c CMakeFiles/final_project.dir/C_/Program_Files/Raspberry_Pi/Pico_SDK_v1.5.1/pico-sdk/lib/lwip/src/core/pbuf.c.obj
                0x100046a0                pbuf_free
 .text.pbuf_alloc
                0x1000471c      0x148 CMakeFiles/final_project.dir/C_/Program_Files/Raspberry_Pi/Pico_SDK_v1.5.1/pico-sdk/lib/lwip/src/core/pbuf.c.obj
                0x1000471c                pbuf_alloc
 .text.pbuf_realloc
                0x10004864       0x84 CMakeFiles/final_project.dir/C_/Program_Files/Raspberry_Pi/Pico_SDK_v1.5.1/pico-sdk/lib/lwip/src/core/pbuf.c.obj
                0x10004864                pbuf_realloc
 .text.pbuf_clen
                0x100048e8       0x12 CMakeFiles/final_project.dir/C_/Program_Files/Raspberry_Pi/Pico_SDK_v1.5.1/pico-sdk/lib/lwip/src/core/pbuf.c.obj
                0x100048e8                pbuf_clen
 *fill*         0x100048fa        0x2 
 .text.pbuf_ref
                0x100048fc       0x28 CMakeFiles/final_project.dir/C_/Program_Files/Raspberry_Pi/Pico_SDK_v1.5.1/pico-sdk/lib/lwip/src/core/pbuf.c.obj
                0x100048fc                pbuf_ref
 .text.pbuf_cat
                0x10004924       0x44 CMakeFiles/final_project.dir/C_/Program_Files/Raspberry_Pi/Pico_SDK_v1.5.1/pico-sdk/lib/lwip/src/core/pbuf.c.obj
                0x10004924                pbuf_cat
 .text.pbuf_chain
                0x10004968       0x10 CMakeFiles/final_project.dir/C_/Program_Files/Raspberry_Pi/Pico_SDK_v1.5.1/pico-sdk/lib/lwip/src/core/pbuf.c.obj
                0x10004968                pbuf_chain
 .text.pbuf_copy_partial_pbuf
                0x10004978      0x13c CMakeFiles/final_project.dir/C_/Program_Files/Raspberry_Pi/Pico_SDK_v1.5.1/pico-sdk/lib/lwip/src/core/pbuf.c.obj
                0x10004978                pbuf_copy_partial_pbuf
 .text.pbuf_copy
                0x10004ab4       0x20 CMakeFiles/final_project.dir/C_/Program_Files/Raspberry_Pi/Pico_SDK_v1.5.1/pico-sdk/lib/lwip/src/core/pbuf.c.obj
                0x10004ab4                pbuf_copy
 .text.pbuf_copy_partial
                0x10004ad4       0x90 CMakeFiles/final_project.dir/C_/Program_Files/Raspberry_Pi/Pico_SDK_v1.5.1/pico-sdk/lib/lwip/src/core/pbuf.c.obj
                0x10004ad4                pbuf_copy_partial
 .text.pbuf_get_contiguous
                0x10004b64       0x78 CMakeFiles/final_project.dir/C_/Program_Files/Raspberry_Pi/Pico_SDK_v1.5.1/pico-sdk/lib/lwip/src/core/pbuf.c.obj
                0x10004b64                pbuf_get_contiguous
 .text.pbuf_skip
                0x10004bdc        0x8 CMakeFiles/final_project.dir/C_/Program_Files/Raspberry_Pi/Pico_SDK_v1.5.1/pico-sdk/lib/lwip/src/core/pbuf.c.obj
                0x10004bdc                pbuf_skip
 .text.pbuf_take
                0x10004be4       0x98 CMakeFiles/final_project.dir/C_/Program_Files/Raspberry_Pi/Pico_SDK_v1.5.1/pico-sdk/lib/lwip/src/core/pbuf.c.obj
                0x10004be4                pbuf_take
 .text.pbuf_take_at
                0x10004c7c       0x70 CMakeFiles/final_project.dir/C_/Program_Files/Raspberry_Pi/Pico_SDK_v1.5.1/pico-sdk/lib/lwip/src/core/pbuf.c.obj
                0x10004c7c                pbuf_take_at
 .text.pbuf_clone
                0x10004cec       0x2c CMakeFiles/final_project.dir/C_/Program_Files/Raspberry_Pi/Pico_SDK_v1.5.1/pico-sdk/lib/lwip/src/core/pbuf.c.obj
                0x10004cec                pbuf_clone
 .text.pbuf_try_get_at
                0x10004d18       0x30 CMakeFiles/final_project.dir/C_/Program_Files/Raspberry_Pi/Pico_SDK_v1.5.1/pico-sdk/lib/lwip/src/core/pbuf.c.obj
                0x10004d18                pbuf_try_get_at
 .text.pbuf_get_at
                0x10004d48       0x12 CMakeFiles/final_project.dir/C_/Program_Files/Raspberry_Pi/Pico_SDK_v1.5.1/pico-sdk/lib/lwip/src/core/pbuf.c.obj
                0x10004d48                pbuf_get_at
 .text.pbuf_put_at
                0x10004d5a       0x26 CMakeFiles/final_project.dir/C_/Program_Files/Raspberry_Pi/Pico_SDK_v1.5.1/pico-sdk/lib/lwip/src/core/pbuf.c.obj
                0x10004d5a                pbuf_put_at
 .text.raw_input_local_match
                0x10004d80       0x5c CMakeFiles/final_project.dir/C_/Program_Files/Raspberry_Pi/Pico_SDK_v1.5.1/pico-sdk/lib/lwip/src/core/raw.c.obj
 .text.raw_input
                0x10004ddc       0xb0 CMakeFiles/final_project.dir/C_/Program_Files/Raspberry_Pi/Pico_SDK_v1.5.1/pico-sdk/lib/lwip/src/core/raw.c.obj
                0x10004ddc                raw_input
 .text.raw_netif_ip_addr_changed
                0x10004e8c       0x38 CMakeFiles/final_project.dir/C_/Program_Files/Raspberry_Pi/Pico_SDK_v1.5.1/pico-sdk/lib/lwip/src/core/raw.c.obj
                0x10004e8c                raw_netif_ip_addr_changed
 .text.stats_init
                0x10004ec4        0x2 CMakeFiles/final_project.dir/C_/Program_Files/Raspberry_Pi/Pico_SDK_v1.5.1/pico-sdk/lib/lwip/src/core/stats.c.obj
                0x10004ec4                stats_init
 *fill*         0x10004ec6        0x2 
 .text.tcp_new_port
                0x10004ec8       0x6c CMakeFiles/final_project.dir/C_/Program_Files/Raspberry_Pi/Pico_SDK_v1.5.1/pico-sdk/lib/lwip/src/core/tcp.c.obj
 .text.tcp_remove_listener
                0x10004f34       0x24 CMakeFiles/final_project.dir/C_/Program_Files/Raspberry_Pi/Pico_SDK_v1.5.1/pico-sdk/lib/lwip/src/core/tcp.c.obj
 .text.tcp_listen_closed
                0x10004f58       0x40 CMakeFiles/final_project.dir/C_/Program_Files/Raspberry_Pi/Pico_SDK_v1.5.1/pico-sdk/lib/lwip/src/core/tcp.c.obj
 .text.tcp_free_listen
                0x10004f98       0x1c CMakeFiles/final_project.dir/C_/Program_Files/Raspberry_Pi/Pico_SDK_v1.5.1/pico-sdk/lib/lwip/src/core/tcp.c.obj
 .text.tcp_close_shutdown_fin
                0x10004fb4       0x68 CMakeFiles/final_project.dir/C_/Program_Files/Raspberry_Pi/Pico_SDK_v1.5.1/pico-sdk/lib/lwip/src/core/tcp.c.obj
 .text.tcp_handle_closepend
                0x1000501c       0x28 CMakeFiles/final_project.dir/C_/Program_Files/Raspberry_Pi/Pico_SDK_v1.5.1/pico-sdk/lib/lwip/src/core/tcp.c.obj
 .text.tcp_init
                0x10005044       0x20 CMakeFiles/final_project.dir/C_/Program_Files/Raspberry_Pi/Pico_SDK_v1.5.1/pico-sdk/lib/lwip/src/core/tcp.c.obj
                0x10005044                tcp_init
 .text.tcp_free
                0x10005064       0x1c CMakeFiles/final_project.dir/C_/Program_Files/Raspberry_Pi/Pico_SDK_v1.5.1/pico-sdk/lib/lwip/src/core/tcp.c.obj
                0x10005064                tcp_free
 .text.tcp_bind
                0x10005080       0xc8 CMakeFiles/final_project.dir/C_/Program_Files/Raspberry_Pi/Pico_SDK_v1.5.1/pico-sdk/lib/lwip/src/core/tcp.c.obj
                0x10005080                tcp_bind
 .text.tcp_update_rcv_ann_wnd
                0x10005148       0x58 CMakeFiles/final_project.dir/C_/Program_Files/Raspberry_Pi/Pico_SDK_v1.5.1/pico-sdk/lib/lwip/src/core/tcp.c.obj
                0x10005148                tcp_update_rcv_ann_wnd
 .text.tcp_recved
                0x100051a0       0x60 CMakeFiles/final_project.dir/C_/Program_Files/Raspberry_Pi/Pico_SDK_v1.5.1/pico-sdk/lib/lwip/src/core/tcp.c.obj
                0x100051a0                tcp_recved
 .text.tcp_seg_free
                0x10005200       0x1a CMakeFiles/final_project.dir/C_/Program_Files/Raspberry_Pi/Pico_SDK_v1.5.1/pico-sdk/lib/lwip/src/core/tcp.c.obj
                0x10005200                tcp_seg_free
 .text.tcp_segs_free
                0x1000521a       0x12 CMakeFiles/final_project.dir/C_/Program_Files/Raspberry_Pi/Pico_SDK_v1.5.1/pico-sdk/lib/lwip/src/core/tcp.c.obj
                0x1000521a                tcp_segs_free
 .text.tcp_seg_copy
                0x1000522c       0x2c CMakeFiles/final_project.dir/C_/Program_Files/Raspberry_Pi/Pico_SDK_v1.5.1/pico-sdk/lib/lwip/src/core/tcp.c.obj
                0x1000522c                tcp_seg_copy
 .text.tcp_arg  0x10005258        0x8 CMakeFiles/final_project.dir/C_/Program_Files/Raspberry_Pi/Pico_SDK_v1.5.1/pico-sdk/lib/lwip/src/core/tcp.c.obj
                0x10005258                tcp_arg
 .text.tcp_recv
                0x10005260       0x1c CMakeFiles/final_project.dir/C_/Program_Files/Raspberry_Pi/Pico_SDK_v1.5.1/pico-sdk/lib/lwip/src/core/tcp.c.obj
                0x10005260                tcp_recv
 .text.tcp_sent
                0x1000527c       0x1c CMakeFiles/final_project.dir/C_/Program_Files/Raspberry_Pi/Pico_SDK_v1.5.1/pico-sdk/lib/lwip/src/core/tcp.c.obj
                0x1000527c                tcp_sent
 .text.tcp_err  0x10005298       0x1c CMakeFiles/final_project.dir/C_/Program_Files/Raspberry_Pi/Pico_SDK_v1.5.1/pico-sdk/lib/lwip/src/core/tcp.c.obj
                0x10005298                tcp_err
 .text.tcp_poll
                0x100052b4       0x2c CMakeFiles/final_project.dir/C_/Program_Files/Raspberry_Pi/Pico_SDK_v1.5.1/pico-sdk/lib/lwip/src/core/tcp.c.obj
                0x100052b4                tcp_poll
 .text.tcp_next_iss
                0x100052e0       0x28 CMakeFiles/final_project.dir/C_/Program_Files/Raspberry_Pi/Pico_SDK_v1.5.1/pico-sdk/lib/lwip/src/core/tcp.c.obj
                0x100052e0                tcp_next_iss
 .text.tcp_eff_send_mss_netif
                0x10005308       0x34 CMakeFiles/final_project.dir/C_/Program_Files/Raspberry_Pi/Pico_SDK_v1.5.1/pico-sdk/lib/lwip/src/core/tcp.c.obj
                0x10005308                tcp_eff_send_mss_netif
 .text.tcp_connect
                0x1000533c      0x140 CMakeFiles/final_project.dir/C_/Program_Files/Raspberry_Pi/Pico_SDK_v1.5.1/pico-sdk/lib/lwip/src/core/tcp.c.obj
                0x1000533c                tcp_connect
 .text.tcp_free_ooseq
                0x1000547c       0x14 CMakeFiles/final_project.dir/C_/Program_Files/Raspberry_Pi/Pico_SDK_v1.5.1/pico-sdk/lib/lwip/src/core/tcp.c.obj
                0x1000547c                tcp_free_ooseq
 .text.tcp_pcb_purge
                0x10005490       0x58 CMakeFiles/final_project.dir/C_/Program_Files/Raspberry_Pi/Pico_SDK_v1.5.1/pico-sdk/lib/lwip/src/core/tcp.c.obj
                0x10005490                tcp_pcb_purge
 .text.tcp_pcb_remove
                0x100054e8       0xa4 CMakeFiles/final_project.dir/C_/Program_Files/Raspberry_Pi/Pico_SDK_v1.5.1/pico-sdk/lib/lwip/src/core/tcp.c.obj
                0x100054e8                tcp_pcb_remove
 .text.tcp_abandon
                0x1000558c      0x10c CMakeFiles/final_project.dir/C_/Program_Files/Raspberry_Pi/Pico_SDK_v1.5.1/pico-sdk/lib/lwip/src/core/tcp.c.obj
                0x1000558c                tcp_abandon
 .text.tcp_abort
                0x10005698        0xa CMakeFiles/final_project.dir/C_/Program_Files/Raspberry_Pi/Pico_SDK_v1.5.1/pico-sdk/lib/lwip/src/core/tcp.c.obj
                0x10005698                tcp_abort
 *fill*         0x100056a2        0x2 
 .text.tcp_kill_timewait
                0x100056a4       0x38 CMakeFiles/final_project.dir/C_/Program_Files/Raspberry_Pi/Pico_SDK_v1.5.1/pico-sdk/lib/lwip/src/core/tcp.c.obj
 .text.tcp_kill_prio
                0x100056dc       0x58 CMakeFiles/final_project.dir/C_/Program_Files/Raspberry_Pi/Pico_SDK_v1.5.1/pico-sdk/lib/lwip/src/core/tcp.c.obj
 .text.tcp_netif_ip_addr_changed_pcblist
                0x10005734       0x30 CMakeFiles/final_project.dir/C_/Program_Files/Raspberry_Pi/Pico_SDK_v1.5.1/pico-sdk/lib/lwip/src/core/tcp.c.obj
 .text.tcp_netif_ip_addr_changed
                0x10005764       0x54 CMakeFiles/final_project.dir/C_/Program_Files/Raspberry_Pi/Pico_SDK_v1.5.1/pico-sdk/lib/lwip/src/core/tcp.c.obj
                0x10005764                tcp_netif_ip_addr_changed
 .text.tcp_kill_state
                0x100057b8       0x54 CMakeFiles/final_project.dir/C_/Program_Files/Raspberry_Pi/Pico_SDK_v1.5.1/pico-sdk/lib/lwip/src/core/tcp.c.obj
 .text.tcp_alloc
                0x1000580c       0xcc CMakeFiles/final_project.dir/C_/Program_Files/Raspberry_Pi/Pico_SDK_v1.5.1/pico-sdk/lib/lwip/src/core/tcp.c.obj
                0x1000580c                tcp_alloc
 .text.tcp_new_ip_type
                0x100058d8        0xa CMakeFiles/final_project.dir/C_/Program_Files/Raspberry_Pi/Pico_SDK_v1.5.1/pico-sdk/lib/lwip/src/core/tcp.c.obj
                0x100058d8                tcp_new_ip_type
 *fill*         0x100058e2        0x2 
 .text.tcp_close_shutdown
                0x100058e4      0x13c CMakeFiles/final_project.dir/C_/Program_Files/Raspberry_Pi/Pico_SDK_v1.5.1/pico-sdk/lib/lwip/src/core/tcp.c.obj
 .text.tcp_close
                0x10005a20       0x2c CMakeFiles/final_project.dir/C_/Program_Files/Raspberry_Pi/Pico_SDK_v1.5.1/pico-sdk/lib/lwip/src/core/tcp.c.obj
                0x10005a20                tcp_close
 .text.tcp_recv_null
                0x10005a4c       0x3c CMakeFiles/final_project.dir/C_/Program_Files/Raspberry_Pi/Pico_SDK_v1.5.1/pico-sdk/lib/lwip/src/core/tcp.c.obj
                0x10005a4c                tcp_recv_null
 .text.tcp_process_refused_data
                0x10005a88       0x88 CMakeFiles/final_project.dir/C_/Program_Files/Raspberry_Pi/Pico_SDK_v1.5.1/pico-sdk/lib/lwip/src/core/tcp.c.obj
                0x10005a88                tcp_process_refused_data
 .text.tcp_fasttmr
                0x10005b10       0x80 CMakeFiles/final_project.dir/C_/Program_Files/Raspberry_Pi/Pico_SDK_v1.5.1/pico-sdk/lib/lwip/src/core/tcp.c.obj
                0x10005b10                tcp_fasttmr
 .text.tcp_slowtmr
                0x10005b90      0x44c CMakeFiles/final_project.dir/C_/Program_Files/Raspberry_Pi/Pico_SDK_v1.5.1/pico-sdk/lib/lwip/src/core/tcp.c.obj
                0x10005b90                tcp_slowtmr
 .text.tcp_tmr  0x10005fdc       0x20 CMakeFiles/final_project.dir/C_/Program_Files/Raspberry_Pi/Pico_SDK_v1.5.1/pico-sdk/lib/lwip/src/core/tcp.c.obj
                0x10005fdc                tcp_tmr
 .text.tcp_get_next_optbyte
                0x10005ffc       0x40 CMakeFiles/final_project.dir/C_/Program_Files/Raspberry_Pi/Pico_SDK_v1.5.1/pico-sdk/lib/lwip/src/core/tcp_in.c.obj
 .text.tcp_parseopt
                0x1000603c       0x9c CMakeFiles/final_project.dir/C_/Program_Files/Raspberry_Pi/Pico_SDK_v1.5.1/pico-sdk/lib/lwip/src/core/tcp_in.c.obj
 .text.tcp_input_delayed_close
                0x100060d8       0x4c CMakeFiles/final_project.dir/C_/Program_Files/Raspberry_Pi/Pico_SDK_v1.5.1/pico-sdk/lib/lwip/src/core/tcp_in.c.obj
 .text.tcp_timewait_input
                0x10006124       0xa0 CMakeFiles/final_project.dir/C_/Program_Files/Raspberry_Pi/Pico_SDK_v1.5.1/pico-sdk/lib/lwip/src/core/tcp_in.c.obj
 .text.tcp_listen_input
                0x100061c4      0x15c CMakeFiles/final_project.dir/C_/Program_Files/Raspberry_Pi/Pico_SDK_v1.5.1/pico-sdk/lib/lwip/src/core/tcp_in.c.obj
 .text.tcp_free_acked_segments
                0x10006320       0xc0 CMakeFiles/final_project.dir/C_/Program_Files/Raspberry_Pi/Pico_SDK_v1.5.1/pico-sdk/lib/lwip/src/core/tcp_in.c.obj
 .text.tcp_oos_insert_segment
                0x100063e0       0xd4 CMakeFiles/final_project.dir/C_/Program_Files/Raspberry_Pi/Pico_SDK_v1.5.1/pico-sdk/lib/lwip/src/core/tcp_in.c.obj
 .text.tcp_receive
                0x100064b4      0x9f0 CMakeFiles/final_project.dir/C_/Program_Files/Raspberry_Pi/Pico_SDK_v1.5.1/pico-sdk/lib/lwip/src/core/tcp_in.c.obj
 .text.tcp_process
                0x10006ea4      0x55c CMakeFiles/final_project.dir/C_/Program_Files/Raspberry_Pi/Pico_SDK_v1.5.1/pico-sdk/lib/lwip/src/core/tcp_in.c.obj
 .text.tcp_input
                0x10007400      0x674 CMakeFiles/final_project.dir/C_/Program_Files/Raspberry_Pi/Pico_SDK_v1.5.1/pico-sdk/lib/lwip/src/core/tcp_in.c.obj
                0x10007400                tcp_input
 .text.tcp_trigger_input_pcb_close
                0x10007a74       0x10 CMakeFiles/final_project.dir/C_/Program_Files/Raspberry_Pi/Pico_SDK_v1.5.1/pico-sdk/lib/lwip/src/core/tcp_in.c.obj
                0x10007a74                tcp_trigger_input_pcb_close
 .text.tcp_write_checks
                0x10007a84       0xa8 CMakeFiles/final_project.dir/C_/Program_Files/Raspberry_Pi/Pico_SDK_v1.5.1/pico-sdk/lib/lwip/src/core/tcp_out.c.obj
 .text.tcp_output_segment_busy
                0x10007b2c       0x20 CMakeFiles/final_project.dir/C_/Program_Files/Raspberry_Pi/Pico_SDK_v1.5.1/pico-sdk/lib/lwip/src/core/tcp_out.c.obj
 .text.tcp_output_fill_options
                0x10007b4c       0x30 CMakeFiles/final_project.dir/C_/Program_Files/Raspberry_Pi/Pico_SDK_v1.5.1/pico-sdk/lib/lwip/src/core/tcp_out.c.obj
 .text.tcp_pbuf_prealloc
                0x10007b7c       0x4c CMakeFiles/final_project.dir/C_/Program_Files/Raspberry_Pi/Pico_SDK_v1.5.1/pico-sdk/lib/lwip/src/core/tcp_out.c.obj
 .text.tcp_create_segment
                0x10007bc8       0xf4 CMakeFiles/final_project.dir/C_/Program_Files/Raspberry_Pi/Pico_SDK_v1.5.1/pico-sdk/lib/lwip/src/core/tcp_out.c.obj
 .text.tcp_output_alloc_header_common
                0x10007cbc       0xd0 CMakeFiles/final_project.dir/C_/Program_Files/Raspberry_Pi/Pico_SDK_v1.5.1/pico-sdk/lib/lwip/src/core/tcp_out.c.obj
 .text.tcp_output_alloc_header
                0x10007d8c       0x3c CMakeFiles/final_project.dir/C_/Program_Files/Raspberry_Pi/Pico_SDK_v1.5.1/pico-sdk/lib/lwip/src/core/tcp_out.c.obj
 .text.tcp_rst_common
                0x10007dc8       0x68 CMakeFiles/final_project.dir/C_/Program_Files/Raspberry_Pi/Pico_SDK_v1.5.1/pico-sdk/lib/lwip/src/core/tcp_out.c.obj
 .text.tcp_route
                0x10007e30       0x1a CMakeFiles/final_project.dir/C_/Program_Files/Raspberry_Pi/Pico_SDK_v1.5.1/pico-sdk/lib/lwip/src/core/tcp_out.c.obj
 *fill*         0x10007e4a        0x2 
 .text.tcp_output_segment
                0x10007e4c      0x168 CMakeFiles/final_project.dir/C_/Program_Files/Raspberry_Pi/Pico_SDK_v1.5.1/pico-sdk/lib/lwip/src/core/tcp_out.c.obj
 .text.tcp_output_control_segment_netif
                0x10007fb4       0x84 CMakeFiles/final_project.dir/C_/Program_Files/Raspberry_Pi/Pico_SDK_v1.5.1/pico-sdk/lib/lwip/src/core/tcp_out.c.obj
 .text.tcp_output_control_segment
                0x10008038       0x44 CMakeFiles/final_project.dir/C_/Program_Files/Raspberry_Pi/Pico_SDK_v1.5.1/pico-sdk/lib/lwip/src/core/tcp_out.c.obj
 .text.tcp_write
                0x1000807c      0x368 CMakeFiles/final_project.dir/C_/Program_Files/Raspberry_Pi/Pico_SDK_v1.5.1/pico-sdk/lib/lwip/src/core/tcp_out.c.obj
                0x1000807c                tcp_write
 .text.tcp_split_unsent_seg
                0x100083e4      0x1f8 CMakeFiles/final_project.dir/C_/Program_Files/Raspberry_Pi/Pico_SDK_v1.5.1/pico-sdk/lib/lwip/src/core/tcp_out.c.obj
                0x100083e4                tcp_split_unsent_seg
 .text.tcp_enqueue_flags
                0x100085dc      0x11c CMakeFiles/final_project.dir/C_/Program_Files/Raspberry_Pi/Pico_SDK_v1.5.1/pico-sdk/lib/lwip/src/core/tcp_out.c.obj
                0x100085dc                tcp_enqueue_flags
 .text.tcp_send_fin
                0x100086f8       0x68 CMakeFiles/final_project.dir/C_/Program_Files/Raspberry_Pi/Pico_SDK_v1.5.1/pico-sdk/lib/lwip/src/core/tcp_out.c.obj
                0x100086f8                tcp_send_fin
 .text.tcp_rexmit_rto_prepare
                0x10008760       0xac CMakeFiles/final_project.dir/C_/Program_Files/Raspberry_Pi/Pico_SDK_v1.5.1/pico-sdk/lib/lwip/src/core/tcp_out.c.obj
                0x10008760                tcp_rexmit_rto_prepare
 .text.tcp_rexmit
                0x1000880c       0xa4 CMakeFiles/final_project.dir/C_/Program_Files/Raspberry_Pi/Pico_SDK_v1.5.1/pico-sdk/lib/lwip/src/core/tcp_out.c.obj
                0x1000880c                tcp_rexmit
 .text.tcp_rexmit_fast
                0x100088b0       0x68 CMakeFiles/final_project.dir/C_/Program_Files/Raspberry_Pi/Pico_SDK_v1.5.1/pico-sdk/lib/lwip/src/core/tcp_out.c.obj
                0x100088b0                tcp_rexmit_fast
 .text.tcp_rst  0x10008918       0x32 CMakeFiles/final_project.dir/C_/Program_Files/Raspberry_Pi/Pico_SDK_v1.5.1/pico-sdk/lib/lwip/src/core/tcp_out.c.obj
                0x10008918                tcp_rst
 .text.tcp_rst_netif
                0x1000894a       0x38 CMakeFiles/final_project.dir/C_/Program_Files/Raspberry_Pi/Pico_SDK_v1.5.1/pico-sdk/lib/lwip/src/core/tcp_out.c.obj
                0x1000894a                tcp_rst_netif
 *fill*         0x10008982        0x2 
 .text.tcp_send_empty_ack
                0x10008984       0x64 CMakeFiles/final_project.dir/C_/Program_Files/Raspberry_Pi/Pico_SDK_v1.5.1/pico-sdk/lib/lwip/src/core/tcp_out.c.obj
                0x10008984                tcp_send_empty_ack
 .text.tcp_output
                0x100089e8      0x338 CMakeFiles/final_project.dir/C_/Program_Files/Raspberry_Pi/Pico_SDK_v1.5.1/pico-sdk/lib/lwip/src/core/tcp_out.c.obj
                0x100089e8                tcp_output
 .text.tcp_rexmit_rto_commit
                0x10008d20       0x24 CMakeFiles/final_project.dir/C_/Program_Files/Raspberry_Pi/Pico_SDK_v1.5.1/pico-sdk/lib/lwip/src/core/tcp_out.c.obj
                0x10008d20                tcp_rexmit_rto_commit
 .text.tcp_rexmit_rto
                0x10008d44       0x24 CMakeFiles/final_project.dir/C_/Program_Files/Raspberry_Pi/Pico_SDK_v1.5.1/pico-sdk/lib/lwip/src/core/tcp_out.c.obj
                0x10008d44                tcp_rexmit_rto
 .text.tcp_keepalive
                0x10008d68       0x48 CMakeFiles/final_project.dir/C_/Program_Files/Raspberry_Pi/Pico_SDK_v1.5.1/pico-sdk/lib/lwip/src/core/tcp_out.c.obj
                0x10008d68                tcp_keepalive
 .text.tcp_zero_window_probe
                0x10008db0      0x10c CMakeFiles/final_project.dir/C_/Program_Files/Raspberry_Pi/Pico_SDK_v1.5.1/pico-sdk/lib/lwip/src/core/tcp_out.c.obj
                0x10008db0                tcp_zero_window_probe
 .text.sys_timeout_abs
                0x10008ebc       0x60 CMakeFiles/final_project.dir/C_/Program_Files/Raspberry_Pi/Pico_SDK_v1.5.1/pico-sdk/lib/lwip/src/core/timeouts.c.obj
 .text.lwip_cyclic_timer
                0x10008f1c       0x38 CMakeFiles/final_project.dir/C_/Program_Files/Raspberry_Pi/Pico_SDK_v1.5.1/pico-sdk/lib/lwip/src/core/timeouts.c.obj
 .text.sys_timeout
                0x10008f54       0x2c CMakeFiles/final_project.dir/C_/Program_Files/Raspberry_Pi/Pico_SDK_v1.5.1/pico-sdk/lib/lwip/src/core/timeouts.c.obj
                0x10008f54                sys_timeout
 .text.tcp_timer_needed
                0x10008f80       0x40 CMakeFiles/final_project.dir/C_/Program_Files/Raspberry_Pi/Pico_SDK_v1.5.1/pico-sdk/lib/lwip/src/core/timeouts.c.obj
                0x10008f80                tcp_timer_needed
 .text.tcpip_tcp_timer
                0x10008fc0       0x3c CMakeFiles/final_project.dir/C_/Program_Files/Raspberry_Pi/Pico_SDK_v1.5.1/pico-sdk/lib/lwip/src/core/timeouts.c.obj
 .text.sys_timeouts_init
                0x10008ffc       0x24 CMakeFiles/final_project.dir/C_/Program_Files/Raspberry_Pi/Pico_SDK_v1.5.1/pico-sdk/lib/lwip/src/core/timeouts.c.obj
                0x10008ffc                sys_timeouts_init
 .text.sys_untimeout
                0x10009020       0x40 CMakeFiles/final_project.dir/C_/Program_Files/Raspberry_Pi/Pico_SDK_v1.5.1/pico-sdk/lib/lwip/src/core/timeouts.c.obj
                0x10009020                sys_untimeout
 .text.sys_check_timeouts
                0x10009060       0x54 CMakeFiles/final_project.dir/C_/Program_Files/Raspberry_Pi/Pico_SDK_v1.5.1/pico-sdk/lib/lwip/src/core/timeouts.c.obj
                0x10009060                sys_check_timeouts
 .text.sys_timeouts_sleeptime
                0x100090b4       0x34 CMakeFiles/final_project.dir/C_/Program_Files/Raspberry_Pi/Pico_SDK_v1.5.1/pico-sdk/lib/lwip/src/core/timeouts.c.obj
                0x100090b4                sys_timeouts_sleeptime
 .text.udp_new_port
                0x100090e8       0x54 CMakeFiles/final_project.dir/C_/Program_Files/Raspberry_Pi/Pico_SDK_v1.5.1/pico-sdk/lib/lwip/src/core/udp.c.obj
 .text.udp_input_local_match
                0x1000913c       0x90 CMakeFiles/final_project.dir/C_/Program_Files/Raspberry_Pi/Pico_SDK_v1.5.1/pico-sdk/lib/lwip/src/core/udp.c.obj
 .text.udp_init
                0x100091cc       0x20 CMakeFiles/final_project.dir/C_/Program_Files/Raspberry_Pi/Pico_SDK_v1.5.1/pico-sdk/lib/lwip/src/core/udp.c.obj
                0x100091cc                udp_init
 .text.udp_input
                0x100091ec      0x210 CMakeFiles/final_project.dir/C_/Program_Files/Raspberry_Pi/Pico_SDK_v1.5.1/pico-sdk/lib/lwip/src/core/udp.c.obj
                0x100091ec                udp_input
 .text.udp_bind
                0x100093fc       0xbc CMakeFiles/final_project.dir/C_/Program_Files/Raspberry_Pi/Pico_SDK_v1.5.1/pico-sdk/lib/lwip/src/core/udp.c.obj
                0x100093fc                udp_bind
 .text.udp_sendto_if_src
                0x100094b8      0x17c CMakeFiles/final_project.dir/C_/Program_Files/Raspberry_Pi/Pico_SDK_v1.5.1/pico-sdk/lib/lwip/src/core/udp.c.obj
                0x100094b8                udp_sendto_if_src
 .text.udp_sendto_if
                0x10009634       0x84 CMakeFiles/final_project.dir/C_/Program_Files/Raspberry_Pi/Pico_SDK_v1.5.1/pico-sdk/lib/lwip/src/core/udp.c.obj
                0x10009634                udp_sendto_if
 .text.udp_sendto
                0x100096b8       0x84 CMakeFiles/final_project.dir/C_/Program_Files/Raspberry_Pi/Pico_SDK_v1.5.1/pico-sdk/lib/lwip/src/core/udp.c.obj
                0x100096b8                udp_sendto
 .text.udp_connect
                0x1000973c       0x74 CMakeFiles/final_project.dir/C_/Program_Files/Raspberry_Pi/Pico_SDK_v1.5.1/pico-sdk/lib/lwip/src/core/udp.c.obj
                0x1000973c                udp_connect
 .text.udp_recv
                0x100097b0       0x18 CMakeFiles/final_project.dir/C_/Program_Files/Raspberry_Pi/Pico_SDK_v1.5.1/pico-sdk/lib/lwip/src/core/udp.c.obj
                0x100097b0                udp_recv
 .text.udp_remove
                0x100097c8       0x44 CMakeFiles/final_project.dir/C_/Program_Files/Raspberry_Pi/Pico_SDK_v1.5.1/pico-sdk/lib/lwip/src/core/udp.c.obj
                0x100097c8                udp_remove
 .text.udp_new  0x1000980c       0x1c CMakeFiles/final_project.dir/C_/Program_Files/Raspberry_Pi/Pico_SDK_v1.5.1/pico-sdk/lib/lwip/src/core/udp.c.obj
                0x1000980c                udp_new
 .text.udp_netif_ip_addr_changed
                0x10009828       0x38 CMakeFiles/final_project.dir/C_/Program_Files/Raspberry_Pi/Pico_SDK_v1.5.1/pico-sdk/lib/lwip/src/core/udp.c.obj
                0x10009828                udp_netif_ip_addr_changed
 .text.dhcp_set_state
                0x10009860       0x10 CMakeFiles/final_project.dir/C_/Program_Files/Raspberry_Pi/Pico_SDK_v1.5.1/pico-sdk/lib/lwip/src/core/ipv4/dhcp.c.obj
 .text.dhcp_option_short
                0x10009870       0x24 CMakeFiles/final_project.dir/C_/Program_Files/Raspberry_Pi/Pico_SDK_v1.5.1/pico-sdk/lib/lwip/src/core/ipv4/dhcp.c.obj
 .text.dhcp_option
                0x10009894       0x24 CMakeFiles/final_project.dir/C_/Program_Files/Raspberry_Pi/Pico_SDK_v1.5.1/pico-sdk/lib/lwip/src/core/ipv4/dhcp.c.obj
 .text.dhcp_option_byte
                0x100098b8       0x1c CMakeFiles/final_project.dir/C_/Program_Files/Raspberry_Pi/Pico_SDK_v1.5.1/pico-sdk/lib/lwip/src/core/ipv4/dhcp.c.obj
 .text.dhcp_option_long
                0x100098d4       0x34 CMakeFiles/final_project.dir/C_/Program_Files/Raspberry_Pi/Pico_SDK_v1.5.1/pico-sdk/lib/lwip/src/core/ipv4/dhcp.c.obj
 .text.dhcp_create_msg
                0x10009908      0x138 CMakeFiles/final_project.dir/C_/Program_Files/Raspberry_Pi/Pico_SDK_v1.5.1/pico-sdk/lib/lwip/src/core/ipv4/dhcp.c.obj
 .text.dhcp_option_hostname
                0x10009a40       0x70 CMakeFiles/final_project.dir/C_/Program_Files/Raspberry_Pi/Pico_SDK_v1.5.1/pico-sdk/lib/lwip/src/core/ipv4/dhcp.c.obj
 .text.dhcp_option_trailer
                0x10009ab0       0x30 CMakeFiles/final_project.dir/C_/Program_Files/Raspberry_Pi/Pico_SDK_v1.5.1/pico-sdk/lib/lwip/src/core/ipv4/dhcp.c.obj
 .text.dhcp_rebind
                0x10009ae0       0xfc CMakeFiles/final_project.dir/C_/Program_Files/Raspberry_Pi/Pico_SDK_v1.5.1/pico-sdk/lib/lwip/src/core/ipv4/dhcp.c.obj
 .text.dhcp_t2_timeout
                0x10009bdc       0x2e CMakeFiles/final_project.dir/C_/Program_Files/Raspberry_Pi/Pico_SDK_v1.5.1/pico-sdk/lib/lwip/src/core/ipv4/dhcp.c.obj
 *fill*         0x10009c0a        0x2 
 .text.dhcp_reboot
                0x10009c0c      0x120 CMakeFiles/final_project.dir/C_/Program_Files/Raspberry_Pi/Pico_SDK_v1.5.1/pico-sdk/lib/lwip/src/core/ipv4/dhcp.c.obj
 .text.dhcp_select
                0x10009d2c      0x16c CMakeFiles/final_project.dir/C_/Program_Files/Raspberry_Pi/Pico_SDK_v1.5.1/pico-sdk/lib/lwip/src/core/ipv4/dhcp.c.obj
 .text.dhcp_handle_offer
                0x10009e98       0x48 CMakeFiles/final_project.dir/C_/Program_Files/Raspberry_Pi/Pico_SDK_v1.5.1/pico-sdk/lib/lwip/src/core/ipv4/dhcp.c.obj
 .text.dhcp_discover
                0x10009ee0       0xf8 CMakeFiles/final_project.dir/C_/Program_Files/Raspberry_Pi/Pico_SDK_v1.5.1/pico-sdk/lib/lwip/src/core/ipv4/dhcp.c.obj
 .text.dhcp_dec_pcb_refcount
                0x10009fd8       0x38 CMakeFiles/final_project.dir/C_/Program_Files/Raspberry_Pi/Pico_SDK_v1.5.1/pico-sdk/lib/lwip/src/core/ipv4/dhcp.c.obj
 .text.dhcp_inc_pcb_refcount
                0x1000a010       0x74 CMakeFiles/final_project.dir/C_/Program_Files/Raspberry_Pi/Pico_SDK_v1.5.1/pico-sdk/lib/lwip/src/core/ipv4/dhcp.c.obj
 .text.dhcp_parse_reply
                0x1000a084      0x2fc CMakeFiles/final_project.dir/C_/Program_Files/Raspberry_Pi/Pico_SDK_v1.5.1/pico-sdk/lib/lwip/src/core/ipv4/dhcp.c.obj
 .text.dhcp_handle_ack
                0x1000a380       0xd0 CMakeFiles/final_project.dir/C_/Program_Files/Raspberry_Pi/Pico_SDK_v1.5.1/pico-sdk/lib/lwip/src/core/ipv4/dhcp.c.obj
 .text.dhcp_bind
                0x1000a450      0x104 CMakeFiles/final_project.dir/C_/Program_Files/Raspberry_Pi/Pico_SDK_v1.5.1/pico-sdk/lib/lwip/src/core/ipv4/dhcp.c.obj
 .text.dhcp_handle_nak
                0x1000a554       0x24 CMakeFiles/final_project.dir/C_/Program_Files/Raspberry_Pi/Pico_SDK_v1.5.1/pico-sdk/lib/lwip/src/core/ipv4/dhcp.c.obj
 .text.dhcp_recv
                0x1000a578       0xf4 CMakeFiles/final_project.dir/C_/Program_Files/Raspberry_Pi/Pico_SDK_v1.5.1/pico-sdk/lib/lwip/src/core/ipv4/dhcp.c.obj
 .text.dhcp_set_struct
                0x1000a66c       0x44 CMakeFiles/final_project.dir/C_/Program_Files/Raspberry_Pi/Pico_SDK_v1.5.1/pico-sdk/lib/lwip/src/core/ipv4/dhcp.c.obj
                0x1000a66c                dhcp_set_struct
 .text.dhcp_network_changed_link_up
                0x1000a6b0       0x40 CMakeFiles/final_project.dir/C_/Program_Files/Raspberry_Pi/Pico_SDK_v1.5.1/pico-sdk/lib/lwip/src/core/ipv4/dhcp.c.obj
                0x1000a6b0                dhcp_network_changed_link_up
 .text.dhcp_renew
                0x1000a6f0       0xf8 CMakeFiles/final_project.dir/C_/Program_Files/Raspberry_Pi/Pico_SDK_v1.5.1/pico-sdk/lib/lwip/src/core/ipv4/dhcp.c.obj
                0x1000a6f0                dhcp_renew
 .text.dhcp_t1_timeout
                0x1000a7e8       0x2a CMakeFiles/final_project.dir/C_/Program_Files/Raspberry_Pi/Pico_SDK_v1.5.1/pico-sdk/lib/lwip/src/core/ipv4/dhcp.c.obj
 .text.dhcp_supplied_address
                0x1000a812       0x32 CMakeFiles/final_project.dir/C_/Program_Files/Raspberry_Pi/Pico_SDK_v1.5.1/pico-sdk/lib/lwip/src/core/ipv4/dhcp.c.obj
                0x1000a812                dhcp_supplied_address
 .text.dhcp_release_and_stop
                0x1000a844       0xdc CMakeFiles/final_project.dir/C_/Program_Files/Raspberry_Pi/Pico_SDK_v1.5.1/pico-sdk/lib/lwip/src/core/ipv4/dhcp.c.obj
                0x1000a844                dhcp_release_and_stop
 .text.dhcp_start
                0x1000a920       0xac CMakeFiles/final_project.dir/C_/Program_Files/Raspberry_Pi/Pico_SDK_v1.5.1/pico-sdk/lib/lwip/src/core/ipv4/dhcp.c.obj
                0x1000a920                dhcp_start
 .text.dhcp_coarse_tmr
                0x1000a9cc       0x6c CMakeFiles/final_project.dir/C_/Program_Files/Raspberry_Pi/Pico_SDK_v1.5.1/pico-sdk/lib/lwip/src/core/ipv4/dhcp.c.obj
                0x1000a9cc                dhcp_coarse_tmr
 .text.dhcp_timeout
                0x1000aa38       0x4a CMakeFiles/final_project.dir/C_/Program_Files/Raspberry_Pi/Pico_SDK_v1.5.1/pico-sdk/lib/lwip/src/core/ipv4/dhcp.c.obj
 *fill*         0x1000aa82        0x2 
 .text.dhcp_fine_tmr
                0x1000aa84       0x38 CMakeFiles/final_project.dir/C_/Program_Files/Raspberry_Pi/Pico_SDK_v1.5.1/pico-sdk/lib/lwip/src/core/ipv4/dhcp.c.obj
                0x1000aa84                dhcp_fine_tmr
 .text.dhcp_stop
                0x1000aabc        0x8 CMakeFiles/final_project.dir/C_/Program_Files/Raspberry_Pi/Pico_SDK_v1.5.1/pico-sdk/lib/lwip/src/core/ipv4/dhcp.c.obj
                0x1000aabc                dhcp_stop
 .text.etharp_free_entry
                0x1000aac4       0x4c CMakeFiles/final_project.dir/C_/Program_Files/Raspberry_Pi/Pico_SDK_v1.5.1/pico-sdk/lib/lwip/src/core/ipv4/etharp.c.obj
 .text.etharp_find_entry
                0x1000ab10      0x1b0 CMakeFiles/final_project.dir/C_/Program_Files/Raspberry_Pi/Pico_SDK_v1.5.1/pico-sdk/lib/lwip/src/core/ipv4/etharp.c.obj
 .text.etharp_update_arp_entry
                0x1000acc0       0xc8 CMakeFiles/final_project.dir/C_/Program_Files/Raspberry_Pi/Pico_SDK_v1.5.1/pico-sdk/lib/lwip/src/core/ipv4/etharp.c.obj
 .text.etharp_raw
                0x1000ad88       0xf0 CMakeFiles/final_project.dir/C_/Program_Files/Raspberry_Pi/Pico_SDK_v1.5.1/pico-sdk/lib/lwip/src/core/ipv4/etharp.c.obj
 .text.etharp_request_dst
                0x1000ae78       0x24 CMakeFiles/final_project.dir/C_/Program_Files/Raspberry_Pi/Pico_SDK_v1.5.1/pico-sdk/lib/lwip/src/core/ipv4/etharp.c.obj
 .text.etharp_cleanup_netif
                0x1000ae9c       0x3c CMakeFiles/final_project.dir/C_/Program_Files/Raspberry_Pi/Pico_SDK_v1.5.1/pico-sdk/lib/lwip/src/core/ipv4/etharp.c.obj
                0x1000ae9c                etharp_cleanup_netif
 .text.etharp_input
                0x1000aed8      0x120 CMakeFiles/final_project.dir/C_/Program_Files/Raspberry_Pi/Pico_SDK_v1.5.1/pico-sdk/lib/lwip/src/core/ipv4/etharp.c.obj
                0x1000aed8                etharp_input
 .text.etharp_request
                0x1000aff8       0x10 CMakeFiles/final_project.dir/C_/Program_Files/Raspberry_Pi/Pico_SDK_v1.5.1/pico-sdk/lib/lwip/src/core/ipv4/etharp.c.obj
                0x1000aff8                etharp_request
 .text.etharp_tmr
                0x1000b008       0x8c CMakeFiles/final_project.dir/C_/Program_Files/Raspberry_Pi/Pico_SDK_v1.5.1/pico-sdk/lib/lwip/src/core/ipv4/etharp.c.obj
                0x1000b008                etharp_tmr
 .text.etharp_output_to_arp_index
                0x1000b094       0xc0 CMakeFiles/final_project.dir/C_/Program_Files/Raspberry_Pi/Pico_SDK_v1.5.1/pico-sdk/lib/lwip/src/core/ipv4/etharp.c.obj
 .text.etharp_query
                0x1000b154      0x1d8 CMakeFiles/final_project.dir/C_/Program_Files/Raspberry_Pi/Pico_SDK_v1.5.1/pico-sdk/lib/lwip/src/core/ipv4/etharp.c.obj
                0x1000b154                etharp_query
 .text.etharp_output
                0x1000b32c      0x154 CMakeFiles/final_project.dir/C_/Program_Files/Raspberry_Pi/Pico_SDK_v1.5.1/pico-sdk/lib/lwip/src/core/ipv4/etharp.c.obj
                0x1000b32c                etharp_output
 .text.icmp_send_response
                0x1000b480       0xd4 CMakeFiles/final_project.dir/C_/Program_Files/Raspberry_Pi/Pico_SDK_v1.5.1/pico-sdk/lib/lwip/src/core/ipv4/icmp.c.obj
 .text.icmp_input
                0x1000b554      0x204 CMakeFiles/final_project.dir/C_/Program_Files/Raspberry_Pi/Pico_SDK_v1.5.1/pico-sdk/lib/lwip/src/core/ipv4/icmp.c.obj
                0x1000b554                icmp_input
 .text.icmp_dest_unreach
                0x1000b758        0xc CMakeFiles/final_project.dir/C_/Program_Files/Raspberry_Pi/Pico_SDK_v1.5.1/pico-sdk/lib/lwip/src/core/ipv4/icmp.c.obj
                0x1000b758                icmp_dest_unreach
 .text.icmp_time_exceeded
                0x1000b764        0xc CMakeFiles/final_project.dir/C_/Program_Files/Raspberry_Pi/Pico_SDK_v1.5.1/pico-sdk/lib/lwip/src/core/ipv4/icmp.c.obj
                0x1000b764                icmp_time_exceeded
 .text.ip_reass_dequeue_datagram
                0x1000b770       0x34 CMakeFiles/final_project.dir/C_/Program_Files/Raspberry_Pi/Pico_SDK_v1.5.1/pico-sdk/lib/lwip/src/core/ipv4/ip4_frag.c.obj
 .text.ip_reass_free_complete_datagram
                0x1000b7a4       0xe8 CMakeFiles/final_project.dir/C_/Program_Files/Raspberry_Pi/Pico_SDK_v1.5.1/pico-sdk/lib/lwip/src/core/ipv4/ip4_frag.c.obj
 .text.ip_reass_remove_oldest_datagram
                0x1000b88c       0xc4 CMakeFiles/final_project.dir/C_/Program_Files/Raspberry_Pi/Pico_SDK_v1.5.1/pico-sdk/lib/lwip/src/core/ipv4/ip4_frag.c.obj
 .text.ip_reass_chain_frag_into_datagram_and_validate
                0x1000b950      0x27c CMakeFiles/final_project.dir/C_/Program_Files/Raspberry_Pi/Pico_SDK_v1.5.1/pico-sdk/lib/lwip/src/core/ipv4/ip4_frag.c.obj
 .text.ip_reass_enqueue_new_datagram
                0x1000bbcc       0x64 CMakeFiles/final_project.dir/C_/Program_Files/Raspberry_Pi/Pico_SDK_v1.5.1/pico-sdk/lib/lwip/src/core/ipv4/ip4_frag.c.obj
 .text.ip_reass_tmr
                0x1000bc30       0x30 CMakeFiles/final_project.dir/C_/Program_Files/Raspberry_Pi/Pico_SDK_v1.5.1/pico-sdk/lib/lwip/src/core/ipv4/ip4_frag.c.obj
                0x1000bc30                ip_reass_tmr
 .text.ip4_reass
                0x1000bc60      0x284 CMakeFiles/final_project.dir/C_/Program_Files/Raspberry_Pi/Pico_SDK_v1.5.1/pico-sdk/lib/lwip/src/core/ipv4/ip4_frag.c.obj
                0x1000bc60                ip4_reass
 .text.ip4_frag
                0x1000bee4      0x178 CMakeFiles/final_project.dir/C_/Program_Files/Raspberry_Pi/Pico_SDK_v1.5.1/pico-sdk/lib/lwip/src/core/ipv4/ip4_frag.c.obj
                0x1000bee4                ip4_frag
 .text.ip4_input_accept
                0x1000c05c       0x38 CMakeFiles/final_project.dir/C_/Program_Files/Raspberry_Pi/Pico_SDK_v1.5.1/pico-sdk/lib/lwip/src/core/ipv4/ip4.c.obj
 .text.ip4_route
                0x1000c094       0x7c CMakeFiles/final_project.dir/C_/Program_Files/Raspberry_Pi/Pico_SDK_v1.5.1/pico-sdk/lib/lwip/src/core/ipv4/ip4.c.obj
                0x1000c094                ip4_route
 .text.ip4_input
                0x1000c110      0x2a0 CMakeFiles/final_project.dir/C_/Program_Files/Raspberry_Pi/Pico_SDK_v1.5.1/pico-sdk/lib/lwip/src/core/ipv4/ip4.c.obj
                0x1000c110                ip4_input
 .text.ip4_output_if_src
                0x1000c3b0      0x1c4 CMakeFiles/final_project.dir/C_/Program_Files/Raspberry_Pi/Pico_SDK_v1.5.1/pico-sdk/lib/lwip/src/core/ipv4/ip4.c.obj
                0x1000c3b0                ip4_output_if_src
 .text.ip4_output_if
                0x1000c574       0x2e CMakeFiles/final_project.dir/C_/Program_Files/Raspberry_Pi/Pico_SDK_v1.5.1/pico-sdk/lib/lwip/src/core/ipv4/ip4.c.obj
                0x1000c574                ip4_output_if
 .text.ip4_addr_isbroadcast_u32
                0x1000c5a2       0x42 CMakeFiles/final_project.dir/C_/Program_Files/Raspberry_Pi/Pico_SDK_v1.5.1/pico-sdk/lib/lwip/src/core/ipv4/ip4_addr.c.obj
                0x1000c5a2                ip4_addr_isbroadcast_u32
 .text.ip4addr_aton
                0x1000c5e4      0x15c CMakeFiles/final_project.dir/C_/Program_Files/Raspberry_Pi/Pico_SDK_v1.5.1/pico-sdk/lib/lwip/src/core/ipv4/ip4_addr.c.obj
                0x1000c5e4                ip4addr_aton
 .text.ethernet_input
                0x1000c740       0xe0 CMakeFiles/final_project.dir/C_/Program_Files/Raspberry_Pi/Pico_SDK_v1.5.1/pico-sdk/lib/lwip/src/netif/ethernet.c.obj
                0x1000c740                ethernet_input
 .text.ethernet_output
                0x1000c820       0x6c CMakeFiles/final_project.dir/C_/Program_Files/Raspberry_Pi/Pico_SDK_v1.5.1/pico-sdk/lib/lwip/src/netif/ethernet.c.obj
                0x1000c820                ethernet_output
 .text.cyw43_tcpip_link_status_name
                0x1000c88c       0x54 CMakeFiles/final_project.dir/C_/Program_Files/Raspberry_Pi/Pico_SDK_v1.5.1/pico-sdk/src/rp2_common/pico_cyw43_arch/cyw43_arch.c.obj
 .text.cyw43_arch_set_async_context
                0x1000c8e0        0xc CMakeFiles/final_project.dir/C_/Program_Files/Raspberry_Pi/Pico_SDK_v1.5.1/pico-sdk/src/rp2_common/pico_cyw43_arch/cyw43_arch.c.obj
                0x1000c8e0                cyw43_arch_set_async_context
 .text.cyw43_arch_wifi_connect_bssid_async
                0x1000c8ec       0x54 CMakeFiles/final_project.dir/C_/Program_Files/Raspberry_Pi/Pico_SDK_v1.5.1/pico-sdk/src/rp2_common/pico_cyw43_arch/cyw43_arch.c.obj
                0x1000c8ec                cyw43_arch_wifi_connect_bssid_async
 .text.cyw43_arch_get_country_code
                0x1000c940        0xc CMakeFiles/final_project.dir/C_/Program_Files/Raspberry_Pi/Pico_SDK_v1.5.1/pico-sdk/src/rp2_common/pico_cyw43_arch/cyw43_arch.c.obj
                0x1000c940                cyw43_arch_get_country_code
 .text.cyw43_arch_enable_sta_mode
                0x1000c94c       0x40 CMakeFiles/final_project.dir/C_/Program_Files/Raspberry_Pi/Pico_SDK_v1.5.1/pico-sdk/src/rp2_common/pico_cyw43_arch/cyw43_arch.c.obj
                0x1000c94c                cyw43_arch_enable_sta_mode
 .text.cyw43_arch_async_context
                0x1000c98c        0xc CMakeFiles/final_project.dir/C_/Program_Files/Raspberry_Pi/Pico_SDK_v1.5.1/pico-sdk/src/rp2_common/pico_cyw43_arch/cyw43_arch.c.obj
                0x1000c98c                cyw43_arch_async_context
 .text.cyw43_arch_poll
                0x1000c998       0x18 CMakeFiles/final_project.dir/C_/Program_Files/Raspberry_Pi/Pico_SDK_v1.5.1/pico-sdk/src/rp2_common/pico_cyw43_arch/cyw43_arch.c.obj
                0x1000c998                cyw43_arch_poll
 .text.cyw43_arch_wait_for_work_until
                0x1000c9b0       0x18 CMakeFiles/final_project.dir/C_/Program_Files/Raspberry_Pi/Pico_SDK_v1.5.1/pico-sdk/src/rp2_common/pico_cyw43_arch/cyw43_arch.c.obj
                0x1000c9b0                cyw43_arch_wait_for_work_until
 .text.cyw43_arch_wifi_connect_bssid_until
                0x1000c9c8       0xfc CMakeFiles/final_project.dir/C_/Program_Files/Raspberry_Pi/Pico_SDK_v1.5.1/pico-sdk/src/rp2_common/pico_cyw43_arch/cyw43_arch.c.obj
 .text.cyw43_arch_wifi_connect_until
                0x1000cac4       0x1a CMakeFiles/final_project.dir/C_/Program_Files/Raspberry_Pi/Pico_SDK_v1.5.1/pico-sdk/src/rp2_common/pico_cyw43_arch/cyw43_arch.c.obj
 *fill*         0x1000cade        0x2 
 .text.cyw43_arch_wifi_connect_timeout_ms
                0x1000cae0       0x80 CMakeFiles/final_project.dir/C_/Program_Files/Raspberry_Pi/Pico_SDK_v1.5.1/pico-sdk/src/rp2_common/pico_cyw43_arch/cyw43_arch.c.obj
                0x1000cae0                cyw43_arch_wifi_connect_timeout_ms
 .text.cyw43_arch_init_default_async_context
                0x1000cb60       0x20 CMakeFiles/final_project.dir/C_/Program_Files/Raspberry_Pi/Pico_SDK_v1.5.1/pico-sdk/src/rp2_common/pico_cyw43_arch/cyw43_arch_threadsafe_background.c.obj
                0x1000cb60                cyw43_arch_init_default_async_context
 .text.cyw43_arch_deinit
                0x1000cb80       0x30 CMakeFiles/final_project.dir/C_/Program_Files/Raspberry_Pi/Pico_SDK_v1.5.1/pico-sdk/src/rp2_common/pico_cyw43_arch/cyw43_arch_threadsafe_background.c.obj
                0x1000cb80                cyw43_arch_deinit
 .text.cyw43_arch_init
                0x1000cbb0       0x42 CMakeFiles/final_project.dir/C_/Program_Files/Raspberry_Pi/Pico_SDK_v1.5.1/pico-sdk/src/rp2_common/pico_cyw43_arch/cyw43_arch_threadsafe_background.c.obj
                0x1000cbb0                cyw43_arch_init
 .text.cs_set   0x1000cbf2       0x1c CMakeFiles/final_project.dir/C_/Program_Files/Raspberry_Pi/Pico_SDK_v1.5.1/pico-sdk/src/rp2_common/pico_cyw43_driver/cyw43_bus_pio_spi.c.obj
 *fill*         0x1000cc0e        0x2 
 .text.start_spi_comms
                0x1000cc10       0x2c CMakeFiles/final_project.dir/C_/Program_Files/Raspberry_Pi/Pico_SDK_v1.5.1/pico-sdk/src/rp2_common/pico_cyw43_driver/cyw43_bus_pio_spi.c.obj
 .text.ns_delay
                0x1000cc3c       0x20 CMakeFiles/final_project.dir/C_/Program_Files/Raspberry_Pi/Pico_SDK_v1.5.1/pico-sdk/src/rp2_common/pico_cyw43_driver/cyw43_bus_pio_spi.c.obj
 .text.stop_spi_comms
                0x1000cc5c       0x10 CMakeFiles/final_project.dir/C_/Program_Files/Raspberry_Pi/Pico_SDK_v1.5.1/pico-sdk/src/rp2_common/pico_cyw43_driver/cyw43_bus_pio_spi.c.obj
 .text.cyw43_spi_deinit
                0x1000cc6c       0x74 CMakeFiles/final_project.dir/C_/Program_Files/Raspberry_Pi/Pico_SDK_v1.5.1/pico-sdk/src/rp2_common/pico_cyw43_driver/cyw43_bus_pio_spi.c.obj
                0x1000cc6c                cyw43_spi_deinit
 .text.cyw43_spi_init
                0x1000cce0      0x284 CMakeFiles/final_project.dir/C_/Program_Files/Raspberry_Pi/Pico_SDK_v1.5.1/pico-sdk/src/rp2_common/pico_cyw43_driver/cyw43_bus_pio_spi.c.obj
                0x1000cce0                cyw43_spi_init
 .text.cyw43_spi_transfer
                0x1000cf64      0x694 CMakeFiles/final_project.dir/C_/Program_Files/Raspberry_Pi/Pico_SDK_v1.5.1/pico-sdk/src/rp2_common/pico_cyw43_driver/cyw43_bus_pio_spi.c.obj
                0x1000cf64                cyw43_spi_transfer
 .text.cyw43_spi_gpio_setup
                0x1000d5f8       0x3a CMakeFiles/final_project.dir/C_/Program_Files/Raspberry_Pi/Pico_SDK_v1.5.1/pico-sdk/src/rp2_common/pico_cyw43_driver/cyw43_bus_pio_spi.c.obj
                0x1000d5f8                cyw43_spi_gpio_setup
 .text.cyw43_spi_reset
                0x1000d632       0x28 CMakeFiles/final_project.dir/C_/Program_Files/Raspberry_Pi/Pico_SDK_v1.5.1/pico-sdk/src/rp2_common/pico_cyw43_driver/cyw43_bus_pio_spi.c.obj
                0x1000d632                cyw43_spi_reset
 *fill*         0x1000d65a        0x2 
 .text.read_reg_u32_swap
                0x1000d65c       0x68 CMakeFiles/final_project.dir/C_/Program_Files/Raspberry_Pi/Pico_SDK_v1.5.1/pico-sdk/src/rp2_common/pico_cyw43_driver/cyw43_bus_pio_spi.c.obj
                0x1000d65c                read_reg_u32_swap
 .text.cyw43_read_reg_u32
                0x1000d6c4       0x54 CMakeFiles/final_project.dir/C_/Program_Files/Raspberry_Pi/Pico_SDK_v1.5.1/pico-sdk/src/rp2_common/pico_cyw43_driver/cyw43_bus_pio_spi.c.obj
                0x1000d6c4                cyw43_read_reg_u32
 .text.cyw43_read_reg_u16
                0x1000d718       0x54 CMakeFiles/final_project.dir/C_/Program_Files/Raspberry_Pi/Pico_SDK_v1.5.1/pico-sdk/src/rp2_common/pico_cyw43_driver/cyw43_bus_pio_spi.c.obj
                0x1000d718                cyw43_read_reg_u16
 .text.cyw43_read_reg_u8
                0x1000d76c       0x54 CMakeFiles/final_project.dir/C_/Program_Files/Raspberry_Pi/Pico_SDK_v1.5.1/pico-sdk/src/rp2_common/pico_cyw43_driver/cyw43_bus_pio_spi.c.obj
                0x1000d76c                cyw43_read_reg_u8
 .text.write_reg_u32_swap
                0x1000d7c0       0x34 CMakeFiles/final_project.dir/C_/Program_Files/Raspberry_Pi/Pico_SDK_v1.5.1/pico-sdk/src/rp2_common/pico_cyw43_driver/cyw43_bus_pio_spi.c.obj
                0x1000d7c0                write_reg_u32_swap
 .text.cyw43_write_reg_u32
                0x1000d7f4       0x58 CMakeFiles/final_project.dir/C_/Program_Files/Raspberry_Pi/Pico_SDK_v1.5.1/pico-sdk/src/rp2_common/pico_cyw43_driver/cyw43_bus_pio_spi.c.obj
                0x1000d7f4                cyw43_write_reg_u32
 .text.cyw43_write_reg_u16