Archive member included to satisfy reference by file (symbol)

c:/progra~1/raspbe~1/picosd~1.1/gcc-ar~1/bin/../lib/gcc/arm-none-eabi/10.3.1/thumb/v6-m/nofp\libgcc.a(_dvmd_tls.o)
                              CMakeFiles/final_project.dir/C_/Program_Files/Raspberry_Pi/Pico_SDK_v1.5.1/pico-sdk/src/rp2_common/pico_divider/divider.S.obj (__aeabi_idiv0)
c:/progra~1/raspbe~1/picosd~1.1/gcc-ar~1/bin/../lib/gcc/arm-none-eabi/10.3.1/../../../../arm-none-eabi/lib/thumb/v6-m/nofp\libg.a(lib_a-atoi.o)
                              CMakeFiles/final_project.dir/C_/Program_Files/Raspberry_Pi/Pico_SDK_v1.5.1/pico-sdk/lib/lwip/src/core/netif.c.obj (atoi)
c:/progra~1/raspbe~1/picosd~1.1/gcc-ar~1/bin/../lib/gcc/arm-none-eabi/10.3.1/../../../../arm-none-eabi/lib/thumb/v6-m/nofp\libg.a(lib_a-calloc.o)
                              CMakeFiles/final_project.dir/C_/Program_Files/Raspberry_Pi/Pico_SDK_v1.5.1/pico-sdk/src/rp2_common/pico_malloc/pico_malloc.c.obj (calloc)
c:/progra~1/raspbe~1/picosd~1.1/gcc-ar~1/bin/../lib/gcc/arm-none-eabi/10.3.1/../../../../arm-none-eabi/lib/thumb/v6-m/nofp\libg.a(lib_a-callocr.o)
                              c:/progra~1/raspbe~1/picosd~1.1/gcc-ar~1/bin/../lib/gcc/arm-none-eabi/10.3.1/../../../../arm-none-eabi/lib/thumb/v6-m/nofp\libg.a(lib_a-calloc.o) (_calloc_r)
c:/progra~1/raspbe~1/picosd~1.1/gcc-ar~1/bin/../lib/gcc/arm-none-eabi/10.3.1/../../../../arm-none-eabi/lib/thumb/v6-m/nofp\libg.a(lib_a-ctype_.o)
                              CMakeFiles/final_project.dir/C_/Program_Files/Raspberry_Pi/Pico_SDK_v1.5.1/pico-sdk/lib/lwip/src/core/dns.c.obj (_ctype_)
c:/progra~1/raspbe~1/picosd~1.1/gcc-ar~1/bin/../lib/gcc/arm-none-eabi/10.3.1/../../../../arm-none-eabi/lib/thumb/v6-m/nofp\libg.a(lib_a-errno.o)
                              c:/progra~1/raspbe~1/picosd~1.1/gcc-ar~1/bin/../lib/gcc/arm-none-eabi/10.3.1/../../../../arm-none-eabi/lib/thumb/v6-m/nofp\libg.a(lib_a-callocr.o) (__errno)
c:/progra~1/raspbe~1/picosd~1.1/gcc-ar~1/bin/../lib/gcc/arm-none-eabi/10.3.1/../../../../arm-none-eabi/lib/thumb/v6-m/nofp\libg.a(lib_a-impure.o)
                              c:/progra~1/raspbe~1/picosd~1.1/gcc-ar~1/bin/../lib/gcc/arm-none-eabi/10.3.1/../../../../arm-none-eabi/lib/thumb/v6-m/nofp\libg.a(lib_a-calloc.o) (_impure_ptr)
c:/progra~1/raspbe~1/picosd~1.1/gcc-ar~1/bin/../lib/gcc/arm-none-eabi/10.3.1/../../../../arm-none-eabi/lib/thumb/v6-m/nofp\libg.a(lib_a-init.o)
                              c:/progra~1/raspbe~1/picosd~1.1/gcc-ar~1/bin/../lib/gcc/arm-none-eabi/10.3.1/../../../../arm-none-eabi/lib/thumb/v6-m/nofp/crt0.o (__libc_init_array)
c:/progra~1/raspbe~1/picosd~1.1/gcc-ar~1/bin/../lib/gcc/arm-none-eabi/10.3.1/../../../../arm-none-eabi/lib/thumb/v6-m/nofp\libg.a(lib_a-malloc.o)
                              CMakeFiles/final_project.dir/C_/Program_Files/Raspberry_Pi/Pico_SDK_v1.5.1/pico-sdk/src/rp2_common/pico_malloc/pico_malloc.c.obj (malloc)
c:/progra~1/raspbe~1/picosd~1.1/gcc-ar~1/bin/../lib/gcc/arm-none-eabi/10.3.1/../../../../arm-none-eabi/lib/thumb/v6-m/nofp\libg.a(lib_a-mallocr.o)
                              c:/progra~1/raspbe~1/picosd~1.1/gcc-ar~1/bin/../lib/gcc/arm-none-eabi/10.3.1/../../../../arm-none-eabi/lib/thumb/v6-m/nofp\libg.a(lib_a-callocr.o) (_malloc_r)
c:/progra~1/raspbe~1/picosd~1.1/gcc-ar~1/bin/../lib/gcc/arm-none-eabi/10.3.1/../../../../arm-none-eabi/lib/thumb/v6-m/nofp\libg.a(lib_a-memcmp.o)
                              CMakeFiles/final_project.dir/C_/Program_Files/Raspberry_Pi/Pico_SDK_v1.5.1/pico-sdk/lib/lwip/src/netif/ethernet.c.obj (memcmp)
c:/progra~1/raspbe~1/picosd~1.1/gcc-ar~1/bin/../lib/gcc/arm-none-eabi/10.3.1/../../../../arm-none-eabi/lib/thumb/v6-m/nofp\libg.a(lib_a-memmove.o)
                              CMakeFiles/final_project.dir/C_/Program_Files/Raspberry_Pi/Pico_SDK_v1.5.1/pico-sdk/lib/lwip/src/core/def.c.obj (memmove)
c:/progra~1/raspbe~1/picosd~1.1/gcc-ar~1/bin/../lib/gcc/arm-none-eabi/10.3.1/../../../../arm-none-eabi/lib/thumb/v6-m/nofp\libg.a(lib_a-mlock.o)
                              c:/progra~1/raspbe~1/picosd~1.1/gcc-ar~1/bin/../lib/gcc/arm-none-eabi/10.3.1/../../../../arm-none-eabi/lib/thumb/v6-m/nofp\libg.a(lib_a-mallocr.o) (__malloc_lock)
c:/progra~1/raspbe~1/picosd~1.1/gcc-ar~1/bin/../lib/gcc/arm-none-eabi/10.3.1/../../../../arm-none-eabi/lib/thumb/v6-m/nofp\libg.a(lib_a-realloc.o)
                              CMakeFiles/final_project.dir/C_/Program_Files/Raspberry_Pi/Pico_SDK_v1.5.1/pico-sdk/src/rp2_common/pico_malloc/pico_malloc.c.obj (realloc)
c:/progra~1/raspbe~1/picosd~1.1/gcc-ar~1/bin/../lib/gcc/arm-none-eabi/10.3.1/../../../../arm-none-eabi/lib/thumb/v6-m/nofp\libg.a(lib_a-reallocr.o)
                              c:/progra~1/raspbe~1/picosd~1.1/gcc-ar~1/bin/../lib/gcc/arm-none-eabi/10.3.1/../../../../arm-none-eabi/lib/thumb/v6-m/nofp\libg.a(lib_a-realloc.o) (_realloc_r)
c:/progra~1/raspbe~1/picosd~1.1/gcc-ar~1/bin/../lib/gcc/arm-none-eabi/10.3.1/../../../../arm-none-eabi/lib/thumb/v6-m/nofp\libg.a(lib_a-sbrkr.o)
[...]
Memory Configuration

Name             Origin             Length             Attributes
FLASH            0x10000000         0x00200000         xr
RAM              0x20000000         0x00040000         xrw
SCRATCH_X        0x20040000         0x00001000         xrw
SCRATCH_Y        0x20041000         0x00001000         xrw
*default*        0x00000000         0xffffffff

Linker script and memory map

LOAD c:/progra~1/raspbe~1/picosd~1.1/gcc-ar~1/bin/../lib/gcc/arm-none-eabi/10.3.1/thumb/v6-m/nofp/crti.o
LOAD c:/progra~1/raspbe~1/picosd~1.1/gcc-ar~1/bin/../lib/gcc/arm-none-eabi/10.3.1/thumb/v6-m/nofp/crtbegin.o
LOAD c:/progra~1/raspbe~1/picosd~1.1/gcc-ar~1/bin/../lib/gcc/arm-none-eabi/10.3.1/../../../../arm-none-eabi/lib/thumb/v6-m/nofp/crt0.o

.flash_begin    0x10000000        0x0
                0x10000000                __flash_binary_start = .

.boot2          0x10000000      0x100
                0x10000000                __boot2_start__ = .
 *(.boot2)
 .boot2         0x10000000      0x100 C:\Users\jjviana\AppData\Local\Temp\ccIyCDoi.o
                0x10000100                __boot2_end__ = .
                0x00000001                ASSERT (((__boot2_end__ - __boot2_start__) == 0x100), ERROR: Pico second stage bootloader must be 256 bytes in size)

.text           0x10000100    0x178e8
                0x10000100                __logical_binary_start = .
 *(.vectors)
 .vectors       0x10000100       0xd4 CMakeFiles/final_project.dir/C_/Program_Files/Raspberry_Pi/Pico_SDK_v1.5.1/pico-sdk/src/rp2_common/pico_standard_link/crt0.S.obj
                0x10000100                __VECTOR_TABLE
                0x10000100                __vectors
                0x100001c0                isr_invalid
                0x100001c0                __default_isrs_start
                0x100001c2                isr_nmi
                0x100001c4                isr_hardfault
                0x100001c6                isr_svcall
                0x100001c8                isr_pendsv
                0x100001ca                isr_systick
                0x100001cc                isr_irq23
                0x100001cc                isr_irq18
                0x100001cc                isr_irq11
                0x100001cc                isr_irq28
                0x100001cc                isr_irq19
                0x100001cc                isr_irq0
                0x100001cc                isr_irq6
                0x100001cc                isr_irq5
                0x100001cc                isr_irq12
                0x100001cc                isr_irq22
                0x100001cc                isr_irq31
                0x100001cc                isr_irq17
                0x100001cc                isr_irq27
                0x100001cc                isr_irq30
                0x100001cc                isr_irq2
                0x100001cc                isr_irq10
                0x100001cc                isr_irq8
                0x100001cc                isr_irq24
                0x100001cc                isr_irq1
                0x100001cc                isr_irq7
                0x100001cc                isr_irq21
                0x100001cc                isr_irq20
                0x100001cc                isr_irq15
                0x100001cc                isr_irq25
                0x100001cc                isr_irq13
                0x100001cc                __unhandled_user_irq
                0x100001cc                isr_irq4
                0x100001cc                isr_irq16
                0x100001cc                isr_irq29
                0x100001cc                isr_irq26
                0x100001cc                __default_isrs_end
                0x100001cc                isr_irq3
                0x100001cc                isr_irq14
                0x100001cc                isr_irq9
                0x100001d2                unhandled_user_irq_num_in_r0
 *(.binary_info_header)
 .binary_info_header
                0x100001d4       0x14 CMakeFiles/final_project.dir/C_/Program_Files/Raspberry_Pi/Pico_SDK_v1.5.1/pico-sdk/src/rp2_common/pico_standard_link/crt0.S.obj
                0x100001e8                __binary_info_header_end = .
 *(.reset)
 .reset         0x100001e8       0xa0 CMakeFiles/final_project.dir/C_/Program_Files/Raspberry_Pi/Pico_SDK_v1.5.1/pico-sdk/src/rp2_common/pico_standard_link/crt0.S.obj
                0x100001e8                _entry_point
 .reset         0x10000288       0x30 CMakeFiles/final_project.dir/C_/Program_Files/Raspberry_Pi/Pico_SDK_v1.5.1/pico-sdk/src/rp2_common/pico_standard_link/binary_info.c.obj
 *(.init)
 .init          0x100002b8        0x4 c:/progra~1/raspbe~1/picosd~1.1/gcc-ar~1/bin/../lib/gcc/arm-none-eabi/10.3.1/thumb/v6-m/nofp/crti.o
                0x100002b8                _init
 *(EXCLUDE_FILE(*libm.a: *libc.a:*lib_a-mem*.o *libgcc.a:) .text*)
 .text          0x100002bc       0x48 c:/progra~1/raspbe~1/picosd~1.1/gcc-ar~1/bin/../lib/gcc/arm-none-eabi/10.3.1/thumb/v6-m/nofp/crtbegin.o
 .text.init_ports
                0x10000304       0x84 CMakeFiles/final_project.dir/main.c.obj
                0x10000304                init_ports
 .text.main     0x10000388      0x1a0 CMakeFiles/final_project.dir/main.c.obj
                0x10000388                main
 .text.read_adc_value
                0x10000528       0xb0 CMakeFiles/final_project.dir/frecuencia.c.obj
                0x10000528                read_adc_value
 .text.irq_handler_read_frec
                0x100005d8       0x18 CMakeFiles/final_project.dir/frecuencia.c.obj
                0x100005d8                irq_handler_read_frec
 .text.convert_accel
                0x100005f0       0x38 CMakeFiles/final_project.dir/acelerometro.c.obj
                0x100005f0                convert_accel
 .text.set_state
                0x10000628       0x48 CMakeFiles/final_project.dir/acelerometro.c.obj
                0x10000628                set_state
 .text.read_accelerometer
                0x10000670      0x15c CMakeFiles/final_project.dir/acelerometro.c.obj
                0x10000670                read_accelerometer
 .text.timer_callback
                0x100007cc       0x18 CMakeFiles/final_project.dir/acelerometro.c.obj
                0x100007cc                timer_callback
 .text.mqtt_pub_request_cb
                0x100007e4       0x14 CMakeFiles/final_project.dir/mqtt_sending.c.obj
 .text.mqtt_request_cb
                0x100007f8       0x14 CMakeFiles/final_project.dir/mqtt_sending.c.obj
                0x100007f8                mqtt_request_cb
 .text.publish_frecuencia
                0x1000080c       0x74 CMakeFiles/final_project.dir/mqtt_sending.c.obj
                0x1000080c                publish_frecuencia
 .text.publish_acelerometro
                0x10000880       0x68 CMakeFiles/final_project.dir/mqtt_sending.c.obj
                0x10000880                publish_acelerometro
 .text.mqtt_incoming_data_cb
                0x100008e8       0x44 CMakeFiles/final_project.dir/mqtt_sending.c.obj
                0x100008e8                mqtt_incoming_data_cb
 .text.mqtt_incoming_publish_cb
                0x1000092c       0x20 CMakeFiles/final_project.dir/mqtt_sending.c.obj
                0x1000092c                mqtt_incoming_publish_cb
 .text.mqtt_connection_cb
                0x1000094c       0x5c CMakeFiles/final_project.dir/mqtt_sending.c.obj
                0x1000094c                mqtt_connection_cb
 .text.lwip_timeout_reached
                0x100009a8       0x2c CMakeFiles/final_project.dir/C_/Program_Files/Raspberry_Pi/Pico_SDK_v1.5.1/pico-sdk/src/rp2_common/pico_lwip/lwip_nosys.c.obj
 .text.update_next_timeout
                0x100009d4       0xb0 CMakeFiles/final_project.dir/C_/Program_Files/Raspberry_Pi/Pico_SDK_v1.5.1/pico-sdk/src/rp2_common/pico_lwip/lwip_nosys.c.obj
 .text.lwip_nosys_init
                0x10000a84       0x34 CMakeFiles/final_project.dir/C_/Program_Files/Raspberry_Pi/Pico_SDK_v1.5.1/pico-sdk/src/rp2_common/pico_lwip/lwip_nosys.c.obj
                0x10000a84                lwip_nosys_init
 .text.lwip_nosys_deinit
                0x10000ab8       0x20 CMakeFiles/final_project.dir/C_/Program_Files/Raspberry_Pi/Pico_SDK_v1.5.1/pico-sdk/src/rp2_common/pico_lwip/lwip_nosys.c.obj
                0x10000ab8                lwip_nosys_deinit
 .text.sys_arch_protect
                0x10000ad8        0x4 CMakeFiles/final_project.dir/C_/Program_Files/Raspberry_Pi/Pico_SDK_v1.5.1/pico-sdk/src/rp2_common/pico_lwip/lwip_nosys.c.obj
                0x10000ad8                sys_arch_protect
 .text.sys_arch_unprotect
                0x10000adc        0x2 CMakeFiles/final_project.dir/C_/Program_Files/Raspberry_Pi/Pico_SDK_v1.5.1/pico-sdk/src/rp2_common/pico_lwip/lwip_nosys.c.obj
                0x10000adc                sys_arch_unprotect
 *fill*         0x10000ade        0x2 
 .text.sys_now  0x10000ae0       0x3c CMakeFiles/final_project.dir/C_/Program_Files/Raspberry_Pi/Pico_SDK_v1.5.1/pico-sdk/src/rp2_common/pico_lwip/lwip_nosys.c.obj
                0x10000ae0                sys_now
 .text.async_context_base_add_at_time_worker
                0x10000b1c       0x1c CMakeFiles/final_project.dir/C_/Program_Files/Raspberry_Pi/Pico_SDK_v1.5.1/pico-sdk/src/rp2_common/pico_async_context/async_context_base.c.obj
                0x10000b1c                async_context_base_add_at_time_worker
 .text.async_context_base_remove_at_time_worker
                0x10000b38       0x1c CMakeFiles/final_project.dir/C_/Program_Files/Raspberry_Pi/Pico_SDK_v1.5.1/pico-sdk/src/rp2_common/pico_async_context/async_context_base.c.obj
                0x10000b38                async_context_base_remove_at_time_worker
 .text.async_context_base_add_when_pending_worker
                0x10000b54       0x1c CMakeFiles/final_project.dir/C_/Program_Files/Raspberry_Pi/Pico_SDK_v1.5.1/pico-sdk/src/rp2_common/pico_async_context/async_context_base.c.obj
                0x10000b54                async_context_base_add_when_pending_worker
 .text.async_context_base_remove_when_pending_worker
                0x10000b70       0x1c CMakeFiles/final_project.dir/C_/Program_Files/Raspberry_Pi/Pico_SDK_v1.5.1/pico-sdk/src/rp2_common/pico_async_context/async_context_base.c.obj
                0x10000b70                async_context_base_remove_when_pending_worker
 .text.async_context_base_remove_ready_at_time_worker
                0x10000b8c       0x94 CMakeFiles/final_project.dir/C_/Program_Files/Raspberry_Pi/Pico_SDK_v1.5.1/pico-sdk/src/rp2_common/pico_async_context/async_context_base.c.obj
                0x10000b8c                async_context_base_remove_ready_at_time_worker
 .text.async_context_base_refresh_next_timeout
                0x10000c20       0x4c CMakeFiles/final_project.dir/C_/Program_Files/Raspberry_Pi/Pico_SDK_v1.5.1/pico-sdk/src/rp2_common/pico_async_context/async_context_base.c.obj
                0x10000c20                async_context_base_refresh_next_timeout
 .text.async_context_base_execute_once
                0x10000c6c       0x48 CMakeFiles/final_project.dir/C_/Program_Files/Raspberry_Pi/Pico_SDK_v1.5.1/pico-sdk/src/rp2_common/pico_async_context/async_context_base.c.obj
                0x10000c6c                async_context_base_execute_once
 .text.running_on_fpga
                0x10000cb4       0x14 CMakeFiles/final_project.dir/C_/Program_Files/Raspberry_Pi/Pico_SDK_v1.5.1/pico-sdk/src/rp2_common/pico_platform/platform.c.obj
                0x10000cb4                running_on_fpga
 .text.splitmix64
                0x10000cc8       0x5c CMakeFiles/final_project.dir/C_/Program_Files/Raspberry_Pi/Pico_SDK_v1.5.1/pico-sdk/src/rp2_common/pico_rand/rand.c.obj
 .text.sdbm_hash64_sram
                0x10000d24       0x64 CMakeFiles/final_project.dir/C_/Program_Files/Raspberry_Pi/Pico_SDK_v1.5.1/pico-sdk/src/rp2_common/pico_rand/rand.c.obj
 .text.xoroshiro128ss
                0x10000d88       0xb8 CMakeFiles/final_project.dir/C_/Program_Files/Raspberry_Pi/Pico_SDK_v1.5.1/pico-sdk/src/rp2_common/pico_rand/rand.c.obj
 .text.capture_additional_rosc_samples
                0x10000e40      0x1a4 CMakeFiles/final_project.dir/C_/Program_Files/Raspberry_Pi/Pico_SDK_v1.5.1/pico-sdk/src/rp2_common/pico_rand/rand.c.obj
 .text.initialise_rand
                0x10000fe4      0x118 CMakeFiles/final_project.dir/C_/Program_Files/Raspberry_Pi/Pico_SDK_v1.5.1/pico-sdk/src/rp2_common/pico_rand/rand.c.obj
 .text.get_rand_64
                0x100010fc      0x11c CMakeFiles/final_project.dir/C_/Program_Files/Raspberry_Pi/Pico_SDK_v1.5.1/pico-sdk/src/rp2_common/pico_rand/rand.c.obj
                0x100010fc                get_rand_64
 .text.get_rand_32
                0x10001218        0x8 CMakeFiles/final_project.dir/C_/Program_Files/Raspberry_Pi/Pico_SDK_v1.5.1/pico-sdk/src/rp2_common/pico_rand/rand.c.obj
                0x10001218                get_rand_32
 .text._retrieve_unique_id_on_boot
                0x10001220       0x10 CMakeFiles/final_project.dir/C_/Program_Files/Raspberry_Pi/Pico_SDK_v1.5.1/pico-sdk/src/rp2_common/pico_unique_id/unique_id.c.obj
 .text.pico_get_unique_board_id
                0x10001230       0x10 CMakeFiles/final_project.dir/C_/Program_Files/Raspberry_Pi/Pico_SDK_v1.5.1/pico-sdk/src/rp2_common/pico_unique_id/unique_id.c.obj
                0x10001230                pico_get_unique_board_id
 .text.pico_get_unique_board_id_string
                0x10001240       0x60 CMakeFiles/final_project.dir/C_/Program_Files/Raspberry_Pi/Pico_SDK_v1.5.1/pico-sdk/src/rp2_common/pico_unique_id/unique_id.c.obj
                0x10001240                pico_get_unique_board_id_string
 .text.flash_get_unique_id
                0x100012a0       0x46 CMakeFiles/final_project.dir/C_/Program_Files/Raspberry_Pi/Pico_SDK_v1.5.1/pico-sdk/src/rp2_common/hardware_flash/flash.c.obj
                0x100012a0                flash_get_unique_id
 *fill*         0x100012e6        0x2 
 .text.hw_claim_lock
                0x100012e8       0x18 CMakeFiles/final_project.dir/C_/Program_Files/Raspberry_Pi/Pico_SDK_v1.5.1/pico-sdk/src/rp2_common/hardware_claim/claim.c.obj
                0x100012e8                hw_claim_lock
 .text.hw_claim_unlock
                0x10001300       0x14 CMakeFiles/final_project.dir/C_/Program_Files/Raspberry_Pi/Pico_SDK_v1.5.1/pico-sdk/src/rp2_common/hardware_claim/claim.c.obj
                0x10001300                hw_claim_unlock
 .text.hw_claim_or_assert
                0x10001314       0x32 CMakeFiles/final_project.dir/C_/Program_Files/Raspberry_Pi/Pico_SDK_v1.5.1/pico-sdk/src/rp2_common/hardware_claim/claim.c.obj
                0x10001314                hw_claim_or_assert
 .text.hw_claim_unused_from_range
                0x10001346       0x50 CMakeFiles/final_project.dir/C_/Program_Files/Raspberry_Pi/Pico_SDK_v1.5.1/pico-sdk/src/rp2_common/hardware_claim/claim.c.obj
                0x10001346                hw_claim_unused_from_range
 *fill*         0x10001396        0x2 
 .text.hw_claim_clear
                0x10001398       0x40 CMakeFiles/final_project.dir/C_/Program_Files/Raspberry_Pi/Pico_SDK_v1.5.1/pico-sdk/src/rp2_common/hardware_claim/claim.c.obj
                0x10001398                hw_claim_clear
 .text.spin_locks_reset
                0x100013d8       0x20 CMakeFiles/final_project.dir/C_/Program_Files/Raspberry_Pi/Pico_SDK_v1.5.1/pico-sdk/src/rp2_common/hardware_sync/sync.c.obj
                0x100013d8                spin_locks_reset
 .text.next_striped_spin_lock_num
                0x100013f8       0x1c CMakeFiles/final_project.dir/C_/Program_Files/Raspberry_Pi/Pico_SDK_v1.5.1/pico-sdk/src/rp2_common/hardware_sync/sync.c.obj
                0x100013f8                next_striped_spin_lock_num
 .text.spin_lock_claim_unused
                0x10001414       0x20 CMakeFiles/final_project.dir/C_/Program_Files/Raspberry_Pi/Pico_SDK_v1.5.1/pico-sdk/src/rp2_common/hardware_sync/sync.c.obj
                0x10001414                spin_lock_claim_unused
 .text.rom_func_lookup
                0x10001434       0x10 CMakeFiles/final_project.dir/C_/Program_Files/Raspberry_Pi/Pico_SDK_v1.5.1/pico-sdk/src/rp2_common/pico_bootrom/bootrom.c.obj
                0x10001434                rom_func_lookup
 .text.rom_data_lookup
                0x10001444       0x10 CMakeFiles/final_project.dir/C_/Program_Files/Raspberry_Pi/Pico_SDK_v1.5.1/pico-sdk/src/rp2_common/pico_bootrom/bootrom.c.obj
                0x10001444                rom_data_lookup
 .text.rom_funcs_lookup
                0x10001454       0x36 CMakeFiles/final_project.dir/C_/Program_Files/Raspberry_Pi/Pico_SDK_v1.5.1/pico-sdk/src/rp2_common/pico_bootrom/bootrom.c.obj
                0x10001454                rom_funcs_lookup
 *fill*         0x1000148a        0x2 
 .text.clock_configure
                0x1000148c      0x108 CMakeFiles/final_project.dir/C_/Program_Files/Raspberry_Pi/Pico_SDK_v1.5.1/pico-sdk/src/rp2_common/hardware_clocks/clocks.c.obj
                0x1000148c                clock_configure
 .text.clocks_init
                0x10001594      0x100 CMakeFiles/final_project.dir/C_/Program_Files/Raspberry_Pi/Pico_SDK_v1.5.1/pico-sdk/src/rp2_common/hardware_clocks/clocks.c.obj
                0x10001594                clocks_init
 .text.clock_get_hz
                0x10001694        0xc CMakeFiles/final_project.dir/C_/Program_Files/Raspberry_Pi/Pico_SDK_v1.5.1/pico-sdk/src/rp2_common/hardware_clocks/clocks.c.obj
                0x10001694                clock_get_hz
 .text.gpio_set_function
                0x100016a0       0x30 CMakeFiles/final_project.dir/C_/Program_Files/Raspberry_Pi/Pico_SDK_v1.5.1/pico-sdk/src/rp2_common/hardware_gpio/gpio.c.obj
                0x100016a0                gpio_set_function
 .text.gpio_set_pulls
                0x100016d0       0x34 CMakeFiles/final_project.dir/C_/Program_Files/Raspberry_Pi/Pico_SDK_v1.5.1/pico-sdk/src/rp2_common/hardware_gpio/gpio.c.obj
                0x100016d0                gpio_set_pulls
 .text.gpio_set_input_hysteresis_enabled
                0x10001704       0x30 CMakeFiles/final_project.dir/C_/Program_Files/Raspberry_Pi/Pico_SDK_v1.5.1/pico-sdk/src/rp2_common/hardware_gpio/gpio.c.obj
                0x10001704                gpio_set_input_hysteresis_enabled
 .text.gpio_add_raw_irq_handler_with_order_priority_masked
                0x10001734       0x40 CMakeFiles/final_project.dir/C_/Program_Files/Raspberry_Pi/Pico_SDK_v1.5.1/pico-sdk/src/rp2_common/hardware_gpio/gpio.c.obj
                0x10001734                gpio_add_raw_irq_handler_with_order_priority_masked
 .text.gpio_remove_raw_irq_handler_masked
                0x10001774       0x48 CMakeFiles/final_project.dir/C_/Program_Files/Raspberry_Pi/Pico_SDK_v1.5.1/pico-sdk/src/rp2_common/hardware_gpio/gpio.c.obj
                0x10001774                gpio_remove_raw_irq_handler_masked
 .text.gpio_acknowledge_irq
                0x100017bc       0x18 CMakeFiles/final_project.dir/C_/Program_Files/Raspberry_Pi/Pico_SDK_v1.5.1/pico-sdk/src/rp2_common/hardware_gpio/gpio.c.obj
                0x100017bc                gpio_acknowledge_irq
 .text._gpio_set_irq_enabled
                0x100017d4       0x34 CMakeFiles/final_project.dir/C_/Program_Files/Raspberry_Pi/Pico_SDK_v1.5.1/pico-sdk/src/rp2_common/hardware_gpio/gpio.c.obj
 .text.gpio_set_irq_enabled
                0x10001808       0x20 CMakeFiles/final_project.dir/C_/Program_Files/Raspberry_Pi/Pico_SDK_v1.5.1/pico-sdk/src/rp2_common/hardware_gpio/gpio.c.obj
                0x10001808                gpio_set_irq_enabled
 .text.gpio_set_input_enabled
                0x10001828       0x30 CMakeFiles/final_project.dir/C_/Program_Files/Raspberry_Pi/Pico_SDK_v1.5.1/pico-sdk/src/rp2_common/hardware_gpio/gpio.c.obj
                0x10001828                gpio_set_input_enabled
 .text.gpio_init
                0x10001858       0x16 CMakeFiles/final_project.dir/C_/Program_Files/Raspberry_Pi/Pico_SDK_v1.5.1/pico-sdk/src/rp2_common/hardware_gpio/gpio.c.obj
                0x10001858                gpio_init
 *fill*         0x1000186e        0x2 
 .text.set_raw_irq_handler_and_unlock
                0x10001870       0x28 CMakeFiles/final_project.dir/C_/Program_Files/Raspberry_Pi/Pico_SDK_v1.5.1/pico-sdk/src/rp2_common/hardware_irq/irq.c.obj
 .text.get_user_irq_claim_index
                0x10001898        0x6 CMakeFiles/final_project.dir/C_/Program_Files/Raspberry_Pi/Pico_SDK_v1.5.1/pico-sdk/src/rp2_common/hardware_irq/irq.c.obj
 *fill*         0x1000189e        0x2 
 .text.make_branch
                0x100018a0       0x48 CMakeFiles/final_project.dir/C_/Program_Files/Raspberry_Pi/Pico_SDK_v1.5.1/pico-sdk/src/rp2_common/hardware_irq/irq.c.obj
 .text.insert_branch_and_link
                0x100018e8       0x40 CMakeFiles/final_project.dir/C_/Program_Files/Raspberry_Pi/Pico_SDK_v1.5.1/pico-sdk/src/rp2_common/hardware_irq/irq.c.obj
 .text.irq_is_enabled
                0x10001928       0x18 CMakeFiles/final_project.dir/C_/Program_Files/Raspberry_Pi/Pico_SDK_v1.5.1/pico-sdk/src/rp2_common/hardware_irq/irq.c.obj
                0x10001928                irq_is_enabled
 .text.irq_set_mask_enabled
                0x10001940       0x20 CMakeFiles/final_project.dir/C_/Program_Files/Raspberry_Pi/Pico_SDK_v1.5.1/pico-sdk/src/rp2_common/hardware_irq/irq.c.obj
                0x10001940                irq_set_mask_enabled
 .text.irq_set_enabled
                0x10001960        0xe CMakeFiles/final_project.dir/C_/Program_Files/Raspberry_Pi/Pico_SDK_v1.5.1/pico-sdk/src/rp2_common/hardware_irq/irq.c.obj
                0x10001960                irq_set_enabled
 *fill*         0x1000196e        0x2 
 .text.irq_set_pending
                0x10001970       0x10 CMakeFiles/final_project.dir/C_/Program_Files/Raspberry_Pi/Pico_SDK_v1.5.1/pico-sdk/src/rp2_common/hardware_irq/irq.c.obj
                0x10001970                irq_set_pending
 .text.irq_get_vtable_handler
                0x10001980       0x10 CMakeFiles/final_project.dir/C_/Program_Files/Raspberry_Pi/Pico_SDK_v1.5.1/pico-sdk/src/rp2_common/hardware_irq/irq.c.obj
                0x10001980                irq_get_vtable_handler
 .text.irq_has_shared_handler
                0x10001990       0x24 CMakeFiles/final_project.dir/C_/Program_Files/Raspberry_Pi/Pico_SDK_v1.5.1/pico-sdk/src/rp2_common/hardware_irq/irq.c.obj
                0x10001990                irq_has_shared_handler
 .text.irq_set_exclusive_handler
                0x100019b4       0x54 CMakeFiles/final_project.dir/C_/Program_Files/Raspberry_Pi/Pico_SDK_v1.5.1/pico-sdk/src/rp2_common/hardware_irq/irq.c.obj
                0x100019b4                irq_set_exclusive_handler
 .text.irq_add_shared_handler
                0x10001a08      0x234 CMakeFiles/final_project.dir/C_/Program_Files/Raspberry_Pi/Pico_SDK_v1.5.1/pico-sdk/src/rp2_common/hardware_irq/irq.c.obj
                0x10001a08                irq_add_shared_handler
 .text.irq_remove_handler
                0x10001c3c      0x1ac CMakeFiles/final_project.dir/C_/Program_Files/Raspberry_Pi/Pico_SDK_v1.5.1/pico-sdk/src/rp2_common/hardware_irq/irq.c.obj
                0x10001c3c                irq_remove_handler
 .text.irq_set_priority
                0x10001de8       0x28 CMakeFiles/final_project.dir/C_/Program_Files/Raspberry_Pi/Pico_SDK_v1.5.1/pico-sdk/src/rp2_common/hardware_irq/irq.c.obj
                0x10001de8                irq_set_priority
 .text.irq_add_tail_to_free_list
                0x10001e10       0xf0 CMakeFiles/final_project.dir/C_/Program_Files/Raspberry_Pi/Pico_SDK_v1.5.1/pico-sdk/src/rp2_common/hardware_irq/irq.c.obj
                0x10001e10                irq_add_tail_to_free_list
 .text.irq_init_priorities
                0x10001f00       0x1c CMakeFiles/final_project.dir/C_/Program_Files/Raspberry_Pi/Pico_SDK_v1.5.1/pico-sdk/src/rp2_common/hardware_irq/irq.c.obj
                0x10001f00                irq_init_priorities
 .text.user_irq_unclaim
                0x10001f1c       0x14 CMakeFiles/final_project.dir/C_/Program_Files/Raspberry_Pi/Pico_SDK_v1.5.1/pico-sdk/src/rp2_common/hardware_irq/irq.c.obj
                0x10001f1c                user_irq_unclaim
 .text.user_irq_claim_unused
                0x10001f30       0x28 CMakeFiles/final_project.dir/C_/Program_Files/Raspberry_Pi/Pico_SDK_v1.5.1/pico-sdk/src/rp2_common/hardware_irq/irq.c.obj
                0x10001f30                user_irq_claim_unused
 .text.sem_init
                0x10001f58       0x1e CMakeFiles/final_project.dir/C_/Program_Files/Raspberry_Pi/Pico_SDK_v1.5.1/pico-sdk/src/common/pico_sync/sem.c.obj
                0x10001f58                sem_init
 *fill*         0x10001f76        0x2 
 .text.lock_init
                0x10001f78       0x10 CMakeFiles/final_project.dir/C_/Program_Files/Raspberry_Pi/Pico_SDK_v1.5.1/pico-sdk/src/common/pico_sync/lock_core.c.obj
                0x10001f78                lock_init
 .text.mutex_init
                0x10001f88       0x1a CMakeFiles/final_project.dir/C_/Program_Files/Raspberry_Pi/Pico_SDK_v1.5.1/pico-sdk/src/common/pico_sync/mutex.c.obj
                0x10001f88                mutex_init
 .text.recursive_mutex_init
                0x10001fa2       0x1e CMakeFiles/final_project.dir/C_/Program_Files/Raspberry_Pi/Pico_SDK_v1.5.1/pico-sdk/src/common/pico_sync/mutex.c.obj
                0x10001fa2                recursive_mutex_init
 .text.critical_section_init_with_lock_num
                0x10001fc0       0x14 CMakeFiles/final_project.dir/C_/Program_Files/Raspberry_Pi/Pico_SDK_v1.5.1/pico-sdk/src/common/pico_sync/critical_section.c.obj
                0x10001fc0                critical_section_init_with_lock_num
 .text.critical_section_init
                0x10001fd4       0x14 CMakeFiles/final_project.dir/C_/Program_Files/Raspberry_Pi/Pico_SDK_v1.5.1/pico-sdk/src/common/pico_sync/critical_section.c.obj
                0x10001fd4                critical_section_init
 .text.repeating_timer_callback
                0x10001fe8       0x40 CMakeFiles/final_project.dir/C_/Program_Files/Raspberry_Pi/Pico_SDK_v1.5.1/pico-sdk/src/common/pico_time/time.c.obj
 .text.alarm_pool_post_alloc_init
                0x10002028       0x40 CMakeFiles/final_project.dir/C_/Program_Files/Raspberry_Pi/Pico_SDK_v1.5.1/pico-sdk/src/common/pico_time/time.c.obj
 .text.sleep_until_callback
                0x10002068       0x30 CMakeFiles/final_project.dir/C_/Program_Files/Raspberry_Pi/Pico_SDK_v1.5.1/pico-sdk/src/common/pico_time/time.c.obj
 .text.timer_pool_entry_comparator
                0x10002098       0x7c CMakeFiles/final_project.dir/C_/Program_Files/Raspberry_Pi/Pico_SDK_v1.5.1/pico-sdk/src/common/pico_time/time.c.obj
                0x10002098                timer_pool_entry_comparator
 .text.ph_add_child_node
                0x10002114       0xa4 CMakeFiles/final_project.dir/C_/Program_Files/Raspberry_Pi/Pico_SDK_v1.5.1/pico-sdk/src/common/pico_time/time.c.obj
 .text.ph_merge_nodes
                0x100021b8       0x3e CMakeFiles/final_project.dir/C_/Program_Files/Raspberry_Pi/Pico_SDK_v1.5.1/pico-sdk/src/common/pico_time/time.c.obj
 *fill*         0x100021f6        0x2 
 .text.add_alarm_under_lock
                0x100021f8      0x174 CMakeFiles/final_project.dir/C_/Program_Files/Raspberry_Pi/Pico_SDK_v1.5.1/pico-sdk/src/common/pico_time/time.c.obj
 .text.alarm_pool_alarm_callback
                0x1000236c      0x33c CMakeFiles/final_project.dir/C_/Program_Files/Raspberry_Pi/Pico_SDK_v1.5.1/pico-sdk/src/common/pico_time/time.c.obj
 .text.alarm_pool_init_default
                0x100026a8       0x40 CMakeFiles/final_project.dir/C_/Program_Files/Raspberry_Pi/Pico_SDK_v1.5.1/pico-sdk/src/common/pico_time/time.c.obj
                0x100026a8                alarm_pool_init_default
 .text.alarm_pool_get_default
                0x100026e8       0x2c CMakeFiles/final_project.dir/C_/Program_Files/Raspberry_Pi/Pico_SDK_v1.5.1/pico-sdk/src/common/pico_time/time.c.obj
                0x100026e8                alarm_pool_get_default
 .text.alarm_pool_add_alarm_at
                0x10002714      0x168 CMakeFiles/final_project.dir/C_/Program_Files/Raspberry_Pi/Pico_SDK_v1.5.1/pico-sdk/src/common/pico_time/time.c.obj
                0x10002714                alarm_pool_add_alarm_at
 .text.alarm_pool_cancel_alarm
                0x1000287c       0xf8 CMakeFiles/final_project.dir/C_/Program_Files/Raspberry_Pi/Pico_SDK_v1.5.1/pico-sdk/src/common/pico_time/time.c.obj
                0x1000287c                alarm_pool_cancel_alarm
 .text.alarm_pool_core_num
                0x10002974        0x4 CMakeFiles/final_project.dir/C_/Program_Files/Raspberry_Pi/Pico_SDK_v1.5.1/pico-sdk/src/common/pico_time/time.c.obj
                0x10002974                alarm_pool_core_num
 .text.alarm_pool_add_repeating_timer_us
                0x10002978       0x98 CMakeFiles/final_project.dir/C_/Program_Files/Raspberry_Pi/Pico_SDK_v1.5.1/pico-sdk/src/common/pico_time/time.c.obj
                0x10002978                alarm_pool_add_repeating_timer_us
 .text.sleep_until
                0x10002a10       0xfc CMakeFiles/final_project.dir/C_/Program_Files/Raspberry_Pi/Pico_SDK_v1.5.1/pico-sdk/src/common/pico_time/time.c.obj
                0x10002a10                sleep_until
 .text.sleep_us
                0x10002b0c       0x58 CMakeFiles/final_project.dir/C_/Program_Files/Raspberry_Pi/Pico_SDK_v1.5.1/pico-sdk/src/common/pico_time/time.c.obj
                0x10002b0c                sleep_us
 .text.sleep_ms
                0x10002b64       0x14 CMakeFiles/final_project.dir/C_/Program_Files/Raspberry_Pi/Pico_SDK_v1.5.1/pico-sdk/src/common/pico_time/time.c.obj
                0x10002b64                sleep_ms
 .text.best_effort_wfe_or_timeout
                0x10002b78       0xac CMakeFiles/final_project.dir/C_/Program_Files/Raspberry_Pi/Pico_SDK_v1.5.1/pico-sdk/src/common/pico_time/time.c.obj
                0x10002b78                best_effort_wfe_or_timeout
 .text.hardware_alarm_irq_handler
                0x10002c24       0x90 CMakeFiles/final_project.dir/C_/Program_Files/Raspberry_Pi/Pico_SDK_v1.5.1/pico-sdk/src/rp2_common/hardware_timer/timer.c.obj
 .text.hardware_alarm_claim
                0x10002cb4       0x18 CMakeFiles/final_project.dir/C_/Program_Files/Raspberry_Pi/Pico_SDK_v1.5.1/pico-sdk/src/rp2_common/hardware_timer/timer.c.obj
                0x10002cb4                hardware_alarm_claim
 .text.time_us_64
                0x10002ccc       0x18 CMakeFiles/final_project.dir/C_/Program_Files/Raspberry_Pi/Pico_SDK_v1.5.1/pico-sdk/src/rp2_common/hardware_timer/timer.c.obj
                0x10002ccc                time_us_64
 .text.busy_wait_until
                0x10002ce4       0x28 CMakeFiles/final_project.dir/C_/Program_Files/Raspberry_Pi/Pico_SDK_v1.5.1/pico-sdk/src/rp2_common/hardware_timer/timer.c.obj
                0x10002ce4                busy_wait_until
 .text.hardware_alarm_set_callback
                0x10002d0c       0x90 CMakeFiles/final_project.dir/C_/Program_Files/Raspberry_Pi/Pico_SDK_v1.5.1/pico-sdk/src/rp2_common/hardware_timer/timer.c.obj
                0x10002d0c                hardware_alarm_set_callback
 .text.hardware_alarm_set_target
                0x10002d9c       0xe8 CMakeFiles/final_project.dir/C_/Program_Files/Raspberry_Pi/Pico_SDK_v1.5.1/pico-sdk/src/rp2_common/hardware_timer/timer.c.obj
                0x10002d9c                hardware_alarm_set_target
 .text.hardware_alarm_cancel
                0x10002e84       0x40 CMakeFiles/final_project.dir/C_/Program_Files/Raspberry_Pi/Pico_SDK_v1.5.1/pico-sdk/src/rp2_common/hardware_timer/timer.c.obj
                0x10002e84                hardware_alarm_cancel
 .text.ph_add_child_node
                0x10002ec4       0xa4 CMakeFiles/final_project.dir/C_/Program_Files/Raspberry_Pi/Pico_SDK_v1.5.1/pico-sdk/src/common/pico_util/pheap.c.obj
 .text.ph_merge_nodes
                0x10002f68       0x3e CMakeFiles/final_project.dir/C_/Program_Files/Raspberry_Pi/Pico_SDK_v1.5.1/pico-sdk/src/common/pico_util/pheap.c.obj
 *fill*         0x10002fa6        0x2 
 .text.ph_clear
                0x10002fa8       0x70 CMakeFiles/final_project.dir/C_/Program_Files/Raspberry_Pi/Pico_SDK_v1.5.1/pico-sdk/src/common/pico_util/pheap.c.obj
                0x10002fa8                ph_clear
 .text.ph_post_alloc_init
                0x10003018        0xe CMakeFiles/final_project.dir/C_/Program_Files/Raspberry_Pi/Pico_SDK_v1.5.1/pico-sdk/src/common/pico_util/pheap.c.obj
                0x10003018                ph_post_alloc_init
 *fill*         0x10003026        0x2 
 .text.ph_merge_two_pass
                0x10003028       0xa8 CMakeFiles/final_project.dir/C_/Program_Files/Raspberry_Pi/Pico_SDK_v1.5.1/pico-sdk/src/common/pico_util/pheap.c.obj
                0x10003028                ph_merge_two_pass
 .text.ph_remove_any_head
                0x100030d0      0x128 CMakeFiles/final_project.dir/C_/Program_Files/Raspberry_Pi/Pico_SDK_v1.5.1/pico-sdk/src/common/pico_util/pheap.c.obj
 .text.ph_remove_head
                0x100031f8       0x14 CMakeFiles/final_project.dir/C_/Program_Files/Raspberry_Pi/Pico_SDK_v1.5.1/pico-sdk/src/common/pico_util/pheap.c.obj
                0x100031f8                ph_remove_head
 .text.ph_remove_and_free_node
                0x1000320c       0xf8 CMakeFiles/final_project.dir/C_/Program_Files/Raspberry_Pi/Pico_SDK_v1.5.1/pico-sdk/src/common/pico_util/pheap.c.obj
                0x1000320c                ph_remove_and_free_node
 .text.pll_init
                0x10003304      0x120 CMakeFiles/final_project.dir/C_/Program_Files/Raspberry_Pi/Pico_SDK_v1.5.1/pico-sdk/src/rp2_common/hardware_pll/pll.c.obj
                0x10003304                pll_init
 .text.watchdog_start_tick
                0x10003424       0x10 CMakeFiles/final_project.dir/C_/Program_Files/Raspberry_Pi/Pico_SDK_v1.5.1/pico-sdk/src/rp2_common/hardware_watchdog/watchdog.c.obj
                0x10003424                watchdog_start_tick
 .text.watchdog_update
                0x10003434       0x14 CMakeFiles/final_project.dir/C_/Program_Files/Raspberry_Pi/Pico_SDK_v1.5.1/pico-sdk/src/rp2_common/hardware_watchdog/watchdog.c.obj
                0x10003434                watchdog_update
 .text._watchdog_enable
                0x10003448       0x78 CMakeFiles/final_project.dir/C_/Program_Files/Raspberry_Pi/Pico_SDK_v1.5.1/pico-sdk/src/rp2_common/hardware_watchdog/watchdog.c.obj
                0x10003448                _watchdog_enable
 .text.watchdog_reboot
                0x100034c0       0x48 CMakeFiles/final_project.dir/C_/Program_Files/Raspberry_Pi/Pico_SDK_v1.5.1/pico-sdk/src/rp2_common/hardware_watchdog/watchdog.c.obj
                0x100034c0                watchdog_reboot
 .text.xosc_init
                0x10003508       0x28 CMakeFiles/final_project.dir/C_/Program_Files/Raspberry_Pi/Pico_SDK_v1.5.1/pico-sdk/src/rp2_common/hardware_xosc/xosc.c.obj
                0x10003508                xosc_init
 .text.lwip_init
                0x10003530       0x24 CMakeFiles/final_project.dir/C_/Program_Files/Raspberry_Pi/Pico_SDK_v1.5.1/pico-sdk/lib/lwip/src/core/init.c.obj
                0x10003530                lwip_init
 .text.lwip_htons
                0x10003554        0xa CMakeFiles/final_project.dir/C_/Program_Files/Raspberry_Pi/Pico_SDK_v1.5.1/pico-sdk/lib/lwip/src/core/def.c.obj
                0x10003554                lwip_htons
 .text.lwip_htonl
                0x1000355e       0x1c CMakeFiles/final_project.dir/C_/Program_Files/Raspberry_Pi/Pico_SDK_v1.5.1/pico-sdk/lib/lwip/src/core/def.c.obj
                0x1000355e                lwip_htonl
 *fill*         0x1000357a        0x2 
 .text.dns_backupserver_available
                0x1000357c       0x28 CMakeFiles/final_project.dir/C_/Program_Files/Raspberry_Pi/Pico_SDK_v1.5.1/pico-sdk/lib/lwip/src/core/dns.c.obj
 .text.dns_create_txid
                0x100035a4       0x3c CMakeFiles/final_project.dir/C_/Program_Files/Raspberry_Pi/Pico_SDK_v1.5.1/pico-sdk/lib/lwip/src/core/dns.c.obj
 .text.dns_call_found
                0x100035e0       0xf4 CMakeFiles/final_project.dir/C_/Program_Files/Raspberry_Pi/Pico_SDK_v1.5.1/pico-sdk/lib/lwip/src/core/dns.c.obj
 .text.dns_send
                0x100036d4      0x178 CMakeFiles/final_project.dir/C_/Program_Files/Raspberry_Pi/Pico_SDK_v1.5.1/pico-sdk/lib/lwip/src/core/dns.c.obj
 .text.dns_check_entry
                0x1000384c      0x11c CMakeFiles/final_project.dir/C_/Program_Files/Raspberry_Pi/Pico_SDK_v1.5.1/pico-sdk/lib/lwip/src/core/dns.c.obj
 .text.dns_check_entries
                0x10003968       0x16 CMakeFiles/final_project.dir/C_/Program_Files/Raspberry_Pi/Pico_SDK_v1.5.1/pico-sdk/lib/lwip/src/core/dns.c.obj
 .text.dns_init
                0x1000397e        0x2 CMakeFiles/final_project.dir/C_/Program_Files/Raspberry_Pi/Pico_SDK_v1.5.1/pico-sdk/lib/lwip/src/core/dns.c.obj
                0x1000397e                dns_init
 .text.dns_setserver
                0x10003980       0x28 CMakeFiles/final_project.dir/C_/Program_Files/Raspberry_Pi/Pico_SDK_v1.5.1/pico-sdk/lib/lwip/src/core/dns.c.obj
                0x10003980                dns_setserver
 .text.dns_tmr  0x100039a8        0x8 CMakeFiles/final_project.dir/C_/Program_Files/Raspberry_Pi/Pico_SDK_v1.5.1/pico-sdk/lib/lwip/src/core/dns.c.obj
                0x100039a8                dns_tmr
 .text.lwip_standard_chksum
                0x100039b0       0xac CMakeFiles/final_project.dir/C_/Program_Files/Raspberry_Pi/Pico_SDK_v1.5.1/pico-sdk/lib/lwip/src/core/inet_chksum.c.obj
                0x100039b0                lwip_standard_chksum
 .text.inet_cksum_pseudo_base
                0x10003a5c       0x7c CMakeFiles/final_project.dir/C_/Program_Files/Raspberry_Pi/Pico_SDK_v1.5.1/pico-sdk/lib/lwip/src/core/inet_chksum.c.obj
 .text.inet_chksum_pseudo
                0x10003ad8       0x30 CMakeFiles/final_project.dir/C_/Program_Files/Raspberry_Pi/Pico_SDK_v1.5.1/pico-sdk/lib/lwip/src/core/inet_chksum.c.obj
                0x10003ad8                inet_chksum_pseudo
 .text.ip_chksum_pseudo
                0x10003b08       0x10 CMakeFiles/final_project.dir/C_/Program_Files/Raspberry_Pi/Pico_SDK_v1.5.1/pico-sdk/lib/lwip/src/core/inet_chksum.c.obj
                0x10003b08                ip_chksum_pseudo
 .text.inet_chksum
                0x10003b18        0xc CMakeFiles/final_project.dir/C_/Program_Files/Raspberry_Pi/Pico_SDK_v1.5.1/pico-sdk/lib/lwip/src/core/inet_chksum.c.obj
                0x10003b18                inet_chksum
 .text.inet_chksum_pbuf
                0x10003b24       0x52 CMakeFiles/final_project.dir/C_/Program_Files/Raspberry_Pi/Pico_SDK_v1.5.1/pico-sdk/lib/lwip/src/core/inet_chksum.c.obj
                0x10003b24                inet_chksum_pbuf
 *fill*         0x10003b76        0x2 
 .text.ptr_to_mem
                0x10003b78        0xc CMakeFiles/final_project.dir/C_/Program_Files/Raspberry_Pi/Pico_SDK_v1.5.1/pico-sdk/lib/lwip/src/core/mem.c.obj
 .text.mem_to_ptr
                0x10003b84       0x10 CMakeFiles/final_project.dir/C_/Program_Files/Raspberry_Pi/Pico_SDK_v1.5.1/pico-sdk/lib/lwip/src/core/mem.c.obj
 .text.mem_link_valid
                0x10003b94       0x5c CMakeFiles/final_project.dir/C_/Program_Files/Raspberry_Pi/Pico_SDK_v1.5.1/pico-sdk/lib/lwip/src/core/mem.c.obj
 .text.plug_holes
                0x10003bf0       0xd4 CMakeFiles/final_project.dir/C_/Program_Files/Raspberry_Pi/Pico_SDK_v1.5.1/pico-sdk/lib/lwip/src/core/mem.c.obj
 .text.mem_init
                0x10003cc4       0x44 CMakeFiles/final_project.dir/C_/Program_Files/Raspberry_Pi/Pico_SDK_v1.5.1/pico-sdk/lib/lwip/src/core/mem.c.obj
                0x10003cc4                mem_init
 .text.mem_free
                0x10003d08       0x84 CMakeFiles/final_project.dir/C_/Program_Files/Raspberry_Pi/Pico_SDK_v1.5.1/pico-sdk/lib/lwip/src/core/mem.c.obj
                0x10003d08                mem_free
 .text.mem_trim
                0x10003d8c      0x134 CMakeFiles/final_project.dir/C_/Program_Files/Raspberry_Pi/Pico_SDK_v1.5.1/pico-sdk/lib/lwip/src/core/mem.c.obj
                0x10003d8c                mem_trim
 .text.mem_malloc
                0x10003ec0      0x134 CMakeFiles/final_project.dir/C_/Program_Files/Raspberry_Pi/Pico_SDK_v1.5.1/pico-sdk/lib/lwip/src/core/mem.c.obj
                0x10003ec0                mem_malloc
 .text.mem_calloc
                0x10003ff4       0x28 CMakeFiles/final_project.dir/C_/Program_Files/Raspberry_Pi/Pico_SDK_v1.5.1/pico-sdk/lib/lwip/src/core/mem.c.obj
                0x10003ff4                mem_calloc
 .text.do_memp_malloc_pool
                0x1000401c       0x30 CMakeFiles/final_project.dir/C_/Program_Files/Raspberry_Pi/Pico_SDK_v1.5.1/pico-sdk/lib/lwip/src/core/memp.c.obj
 .text.do_memp_free_pool
                0x1000404c       0x28 CMakeFiles/final_project.dir/C_/Program_Files/Raspberry_Pi/Pico_SDK_v1.5.1/pico-sdk/lib/lwip/src/core/memp.c.obj
 .text.memp_init_pool
                0x10004074       0x2a CMakeFiles/final_project.dir/C_/Program_Files/Raspberry_Pi/Pico_SDK_v1.5.1/pico-sdk/lib/lwip/src/core/memp.c.obj
                0x10004074                memp_init_pool
 *fill*         0x1000409e        0x2 
 .text.memp_init
                0x100040a0       0x20 CMakeFiles/final_project.dir/C_/Program_Files/Raspberry_Pi/Pico_SDK_v1.5.1/pico-sdk/lib/lwip/src/core/memp.c.obj
                0x100040a0                memp_init
 .text.memp_malloc
                0x100040c0       0x24 CMakeFiles/final_project.dir/C_/Program_Files/Raspberry_Pi/Pico_SDK_v1.5.1/pico-sdk/lib/lwip/src/core/memp.c.obj
                0x100040c0                memp_malloc
 .text.memp_free
                0x100040e4       0x28 CMakeFiles/final_project.dir/C_/Program_Files/Raspberry_Pi/Pico_SDK_v1.5.1/pico-sdk/lib/lwip/src/core/memp.c.obj
                0x100040e4                memp_free
 .text.netif_do_set_netmask
                0x1000410c       0x1a CMakeFiles/final_project.dir/C_/Program_Files/Raspberry_Pi/Pico_SDK_v1.5.1/pico-sdk/lib/lwip/src/core/netif.c.obj
 .text.netif_do_set_gw
                0x10004126       0x1a CMakeFiles/final_project.dir/C_/Program_Files/Raspberry_Pi/Pico_SDK_v1.5.1/pico-sdk/lib/lwip/src/core/netif.c.obj
 .text.netif_null_output_ip4
                0x10004140        0x6 CMakeFiles/final_project.dir/C_/Program_Files/Raspberry_Pi/Pico_SDK_v1.5.1/pico-sdk/lib/lwip/src/core/netif.c.obj
 .text.netif_do_ip_addr_changed
                0x10004146       0x1c CMakeFiles/final_project.dir/C_/Program_Files/Raspberry_Pi/Pico_SDK_v1.5.1/pico-sdk/lib/lwip/src/core/netif.c.obj
 *fill*         0x10004162        0x2 
 .text.netif_issue_reports
                0x10004164       0x34 CMakeFiles/final_project.dir/C_/Program_Files/Raspberry_Pi/Pico_SDK_v1.5.1/pico-sdk/lib/lwip/src/core/netif.c.obj
 .text.netif_do_set_ipaddr
                0x10004198       0x54 CMakeFiles/final_project.dir/C_/Program_Files/Raspberry_Pi/Pico_SDK_v1.5.1/pico-sdk/lib/lwip/src/core/netif.c.obj
 .text.netif_init
                0x100041ec        0x2 CMakeFiles/final_project.dir/C_/Program_Files/Raspberry_Pi/Pico_SDK_v1.5.1/pico-sdk/lib/lwip/src/core/netif.c.obj
                0x100041ec                netif_init
 *fill*         0x100041ee        0x2 
 .text.netif_set_addr
                0x100041f0       0x78 CMakeFiles/final_project.dir/C_/Program_Files/Raspberry_Pi/Pico_SDK_v1.5.1/pico-sdk/lib/lwip/src/core/netif.c.obj
                0x100041f0                netif_set_addr
 .text.netif_add
                0x10004268      0x124 CMakeFiles/final_project.dir/C_/Program_Files/Raspberry_Pi/Pico_SDK_v1.5.1/pico-sdk/lib/lwip/src/core/netif.c.obj
                0x10004268                netif_add
 .text.netif_set_default
                0x1000438c        0xc CMakeFiles/final_project.dir/C_/Program_Files/Raspberry_Pi/Pico_SDK_v1.5.1/pico-sdk/lib/lwip/src/core/netif.c.obj
                0x1000438c                netif_set_default
 .text.netif_set_up
                0x10004398       0x34 CMakeFiles/final_project.dir/C_/Program_Files/Raspberry_Pi/Pico_SDK_v1.5.1/pico-sdk/lib/lwip/src/core/netif.c.obj
                0x10004398                netif_set_up
 .text.netif_set_down
                0x100043cc       0x38 CMakeFiles/final_project.dir/C_/Program_Files/Raspberry_Pi/Pico_SDK_v1.5.1/pico-sdk/lib/lwip/src/core/netif.c.obj
                0x100043cc                netif_set_down
 .text.netif_remove
                0x10004404       0x64 CMakeFiles/final_project.dir/C_/Program_Files/Raspberry_Pi/Pico_SDK_v1.5.1/pico-sdk/lib/lwip/src/core/netif.c.obj
                0x10004404                netif_remove
 .text.netif_set_link_up
                0x10004468       0x3c CMakeFiles/final_project.dir/C_/Program_Files/Raspberry_Pi/Pico_SDK_v1.5.1/pico-sdk/lib/lwip/src/core/netif.c.obj
                0x10004468                netif_set_link_up
 .text.netif_set_link_down
                0x100044a4       0x2c CMakeFiles/final_project.dir/C_/Program_Files/Raspberry_Pi/Pico_SDK_v1.5.1/pico-sdk/lib/lwip/src/core/netif.c.obj
                0x100044a4                netif_set_link_down
 .text.netif_get_by_index
                0x100044d0       0x24 CMakeFiles/final_project.dir/C_/Program_Files/Raspberry_Pi/Pico_SDK_v1.5.1/pico-sdk/lib/lwip/src/core/netif.c.obj
                0x100044d0                netif_get_by_index
 .text.pbuf_init_alloced_pbuf
                0x100044f4       0x20 CMakeFiles/final_project.dir/C_/Program_Files/Raspberry_Pi/Pico_SDK_v1.5.1/pico-sdk/lib/lwip/src/core/pbuf.c.obj
 .text.pbuf_skip_const
                0x10004514       0x1a CMakeFiles/final_project.dir/C_/Program_Files/Raspberry_Pi/Pico_SDK_v1.5.1/pico-sdk/lib/lwip/src/core/pbuf.c.obj
 *fill*         0x1000452e        0x2 
 .text.pbuf_pool_is_empty
                0x10004530       0x18 CMakeFiles/final_project.dir/C_/Program_Files/Raspberry_Pi/Pico_SDK_v1.5.1/pico-sdk/lib/lwip/src/core/pbuf.c.obj
 .text.pbuf_add_header_impl
                0x10004548       0x68 CMakeFiles/final_project.dir/C_/Program_Files/Raspberry_Pi/Pico_SDK_v1.5.1/pico-sdk/lib/lwip/src/core/pbuf.c.obj
 .text.pbuf_free_ooseq
                0x100045b0       0x30 CMakeFiles/final_project.dir/C_/Program_Files/Raspberry_Pi/Pico_SDK_v1.5.1/pico-sdk/lib/lwip/src/core/pbuf.c.obj
                0x100045b0                pbuf_free_ooseq
 .text.pbuf_alloc_reference
                0x100045e0       0x3c CMakeFiles/final_project.dir/C_/Program_Files/Raspberry_Pi/Pico_SDK_v1.5.1/pico-sdk/lib/lwip/src/core/pbuf.c.obj
                0x100045e0                pbuf_alloc_reference
 .text.pbuf_add_header
                0x1000461c        0xa CMakeFiles/final_project.dir/C_/Program_Files/Raspberry_Pi/Pico_SDK_v1.5.1/pico-sdk/lib/lwip/src/core/pbuf.c.obj
                0x1000461c                pbuf_add_header
 *fill*         0x10004626        0x2 
 .text.pbuf_remove_header
                0x10004628       0x50 CMakeFiles/final_project.dir/C_/Program_Files/Raspberry_Pi/Pico_SDK_v1.5.1/pico-sdk/lib/lwip/src/core/pbuf.c.obj
                0x10004628                pbuf_remove_header
 .text.pbuf_header_impl
                0x10004678       0x14 CMakeFiles/final_project.dir/C_/Program_Files/Raspberry_Pi/Pico_SDK_v1.5.1/pico-sdk/lib/lwip/src/core/pbuf.c.obj
 .text.pbuf_header_force
                0x1000468c        0xa CMakeFiles/final_project.dir/C_/Program_Files/Raspberry_Pi/Pico_SDK_v1.5.1/pico-sdk/lib/lwip/src/core/pbuf.c.obj
                0x1000468c                pbuf_header_force
 *fill*         0x10004696        0x2 
 .text.pbuf_free
                0x10004698       0x7c CMakeFiles/final_project.dir/C_/Program_Files/Raspberry_Pi/Pico_SDK_v1.5.1/pico-sdk/lib/lwip/src/core/pbuf.c.obj
                0x10004698                pbuf_free
 .text.pbuf_alloc
                0x10004714      0x148 CMakeFiles/final_project.dir/C_/Program_Files/Raspberry_Pi/Pico_SDK_v1.5.1/pico-sdk/lib/lwip/src/core/pbuf.c.obj
                0x10004714                pbuf_alloc
 .text.pbuf_realloc
                0x1000485c       0x84 CMakeFiles/final_project.dir/C_/Program_Files/Raspberry_Pi/Pico_SDK_v1.5.1/pico-sdk/lib/lwip/src/core/pbuf.c.obj
                0x1000485c                pbuf_realloc
 .text.pbuf_clen
                0x100048e0       0x12 CMakeFiles/final_project.dir/C_/Program_Files/Raspberry_Pi/Pico_SDK_v1.5.1/pico-sdk/lib/lwip/src/core/pbuf.c.obj
                0x100048e0                pbuf_clen
 *fill*         0x100048f2        0x2 
 .text.pbuf_ref
                0x100048f4       0x28 CMakeFiles/final_project.dir/C_/Program_Files/Raspberry_Pi/Pico_SDK_v1.5.1/pico-sdk/lib/lwip/src/core/pbuf.c.obj
                0x100048f4                pbuf_ref
 .text.pbuf_cat
                0x1000491c       0x44 CMakeFiles/final_project.dir/C_/Program_Files/Raspberry_Pi/Pico_SDK_v1.5.1/pico-sdk/lib/lwip/src/core/pbuf.c.obj
                0x1000491c                pbuf_cat
 .text.pbuf_chain
                0x10004960       0x10 CMakeFiles/final_project.dir/C_/Program_Files/Raspberry_Pi/Pico_SDK_v1.5.1/pico-sdk/lib/lwip/src/core/pbuf.c.obj
                0x10004960                pbuf_chain
 .text.pbuf_copy_partial_pbuf
                0x10004970      0x13c CMakeFiles/final_project.dir/C_/Program_Files/Raspberry_Pi/Pico_SDK_v1.5.1/pico-sdk/lib/lwip/src/core/pbuf.c.obj
                0x10004970                pbuf_copy_partial_pbuf
 .text.pbuf_copy
                0x10004aac       0x20 CMakeFiles/final_project.dir/C_/Program_Files/Raspberry_Pi/Pico_SDK_v1.5.1/pico-sdk/lib/lwip/src/core/pbuf.c.obj
                0x10004aac                pbuf_copy
 .text.pbuf_copy_partial
                0x10004acc       0x90 CMakeFiles/final_project.dir/C_/Program_Files/Raspberry_Pi/Pico_SDK_v1.5.1/pico-sdk/lib/lwip/src/core/pbuf.c.obj
                0x10004acc                pbuf_copy_partial
 .text.pbuf_get_contiguous
                0x10004b5c       0x78 CMakeFiles/final_project.dir/C_/Program_Files/Raspberry_Pi/Pico_SDK_v1.5.1/pico-sdk/lib/lwip/src/core/pbuf.c.obj
                0x10004b5c                pbuf_get_contiguous
 .text.pbuf_skip
                0x10004bd4        0x8 CMakeFiles/final_project.dir/C_/Program_Files/Raspberry_Pi/Pico_SDK_v1.5.1/pico-sdk/lib/lwip/src/core/pbuf.c.obj
                0x10004bd4                pbuf_skip
 .text.pbuf_take
                0x10004bdc       0x98 CMakeFiles/final_project.dir/C_/Program_Files/Raspberry_Pi/Pico_SDK_v1.5.1/pico-sdk/lib/lwip/src/core/pbuf.c.obj
                0x10004bdc                pbuf_take
 .text.pbuf_take_at
                0x10004c74       0x70 CMakeFiles/final_project.dir/C_/Program_Files/Raspberry_Pi/Pico_SDK_v1.5.1/pico-sdk/lib/lwip/src/core/pbuf.c.obj
                0x10004c74                pbuf_take_at
 .text.pbuf_clone
                0x10004ce4       0x2c CMakeFiles/final_project.dir/C_/Program_Files/Raspberry_Pi/Pico_SDK_v1.5.1/pico-sdk/lib/lwip/src/core/pbuf.c.obj
                0x10004ce4                pbuf_clone
 .text.pbuf_try_get_at
                0x10004d10       0x30 CMakeFiles/final_project.dir/C_/Program_Files/Raspberry_Pi/Pico_SDK_v1.5.1/pico-sdk/lib/lwip/src/core/pbuf.c.obj
                0x10004d10                pbuf_try_get_at
 .text.pbuf_get_at
                0x10004d40       0x12 CMakeFiles/final_project.dir/C_/Program_Files/Raspberry_Pi/Pico_SDK_v1.5.1/pico-sdk/lib/lwip/src/core/pbuf.c.obj
                0x10004d40                pbuf_get_at
 .text.pbuf_put_at
                0x10004d52       0x26 CMakeFiles/final_project.dir/C_/Program_Files/Raspberry_Pi/Pico_SDK_v1.5.1/pico-sdk/lib/lwip/src/core/pbuf.c.obj
                0x10004d52                pbuf_put_at
 .text.raw_input_local_match
                0x10004d78       0x5c CMakeFiles/final_project.dir/C_/Program_Files/Raspberry_Pi/Pico_SDK_v1.5.1/pico-sdk/lib/lwip/src/core/raw.c.obj
 .text.raw_input
                0x10004dd4       0xb0 CMakeFiles/final_project.dir/C_/Program_Files/Raspberry_Pi/Pico_SDK_v1.5.1/pico-sdk/lib/lwip/src/core/raw.c.obj
                0x10004dd4                raw_input
 .text.raw_netif_ip_addr_changed
                0x10004e84       0x38 CMakeFiles/final_project.dir/C_/Program_Files/Raspberry_Pi/Pico_SDK_v1.5.1/pico-sdk/lib/lwip/src/core/raw.c.obj
                0x10004e84                raw_netif_ip_addr_changed
 .text.stats_init
                0x10004ebc        0x2 CMakeFiles/final_project.dir/C_/Program_Files/Raspberry_Pi/Pico_SDK_v1.5.1/pico-sdk/lib/lwip/src/core/stats.c.obj
                0x10004ebc                stats_init
 *fill*         0x10004ebe        0x2 
 .text.tcp_new_port
                0x10004ec0       0x6c CMakeFiles/final_project.dir/C_/Program_Files/Raspberry_Pi/Pico_SDK_v1.5.1/pico-sdk/lib/lwip/src/core/tcp.c.obj
 .text.tcp_remove_listener
                0x10004f2c       0x24 CMakeFiles/final_project.dir/C_/Program_Files/Raspberry_Pi/Pico_SDK_v1.5.1/pico-sdk/lib/lwip/src/core/tcp.c.obj
 .text.tcp_listen_closed
                0x10004f50       0x40 CMakeFiles/final_project.dir/C_/Program_Files/Raspberry_Pi/Pico_SDK_v1.5.1/pico-sdk/lib/lwip/src/core/tcp.c.obj
 .text.tcp_free_listen
                0x10004f90       0x1c CMakeFiles/final_project.dir/C_/Program_Files/Raspberry_Pi/Pico_SDK_v1.5.1/pico-sdk/lib/lwip/src/core/tcp.c.obj
 .text.tcp_close_shutdown_fin
                0x10004fac       0x68 CMakeFiles/final_project.dir/C_/Program_Files/Raspberry_Pi/Pico_SDK_v1.5.1/pico-sdk/lib/lwip/src/core/tcp.c.obj
 .text.tcp_handle_closepend
                0x10005014       0x28 CMakeFiles/final_project.dir/C_/Program_Files/Raspberry_Pi/Pico_SDK_v1.5.1/pico-sdk/lib/lwip/src/core/tcp.c.obj
 .text.tcp_init
                0x1000503c       0x20 CMakeFiles/final_project.dir/C_/Program_Files/Raspberry_Pi/Pico_SDK_v1.5.1/pico-sdk/lib/lwip/src/core/tcp.c.obj
                0x1000503c                tcp_init
 .text.tcp_free
                0x1000505c       0x1c CMakeFiles/final_project.dir/C_/Program_Files/Raspberry_Pi/Pico_SDK_v1.5.1/pico-sdk/lib/lwip/src/core/tcp.c.obj
                0x1000505c                tcp_free
 .text.tcp_bind
                0x10005078       0xc8 CMakeFiles/final_project.dir/C_/Program_Files/Raspberry_Pi/Pico_SDK_v1.5.1/pico-sdk/lib/lwip/src/core/tcp.c.obj
                0x10005078                tcp_bind
 .text.tcp_update_rcv_ann_wnd
                0x10005140       0x58 CMakeFiles/final_project.dir/C_/Program_Files/Raspberry_Pi/Pico_SDK_v1.5.1/pico-sdk/lib/lwip/src/core/tcp.c.obj
                0x10005140                tcp_update_rcv_ann_wnd
 .text.tcp_recved
                0x10005198       0x60 CMakeFiles/final_project.dir/C_/Program_Files/Raspberry_Pi/Pico_SDK_v1.5.1/pico-sdk/lib/lwip/src/core/tcp.c.obj
                0x10005198                tcp_recved
 .text.tcp_seg_free
                0x100051f8       0x1a CMakeFiles/final_project.dir/C_/Program_Files/Raspberry_Pi/Pico_SDK_v1.5.1/pico-sdk/lib/lwip/src/core/tcp.c.obj
                0x100051f8                tcp_seg_free
 .text.tcp_segs_free
                0x10005212       0x12 CMakeFiles/final_project.dir/C_/Program_Files/Raspberry_Pi/Pico_SDK_v1.5.1/pico-sdk/lib/lwip/src/core/tcp.c.obj
                0x10005212                tcp_segs_free
 .text.tcp_seg_copy
                0x10005224       0x2c CMakeFiles/final_project.dir/C_/Program_Files/Raspberry_Pi/Pico_SDK_v1.5.1/pico-sdk/lib/lwip/src/core/tcp.c.obj
                0x10005224                tcp_seg_copy
 .text.tcp_arg  0x10005250        0x8 CMakeFiles/final_project.dir/C_/Program_Files/Raspberry_Pi/Pico_SDK_v1.5.1/pico-sdk/lib/lwip/src/core/tcp.c.obj
                0x10005250                tcp_arg
 .text.tcp_recv
                0x10005258       0x1c CMakeFiles/final_project.dir/C_/Program_Files/Raspberry_Pi/Pico_SDK_v1.5.1/pico-sdk/lib/lwip/src/core/tcp.c.obj
                0x10005258                tcp_recv
 .text.tcp_sent
                0x10005274       0x1c CMakeFiles/final_project.dir/C_/Program_Files/Raspberry_Pi/Pico_SDK_v1.5.1/pico-sdk/lib/lwip/src/core/tcp.c.obj
                0x10005274                tcp_sent
 .text.tcp_err  0x10005290       0x1c CMakeFiles/final_project.dir/C_/Program_Files/Raspberry_Pi/Pico_SDK_v1.5.1/pico-sdk/lib/lwip/src/core/tcp.c.obj
                0x10005290                tcp_err
 .text.tcp_poll
                0x100052ac       0x2c CMakeFiles/final_project.dir/C_/Program_Files/Raspberry_Pi/Pico_SDK_v1.5.1/pico-sdk/lib/lwip/src/core/tcp.c.obj
                0x100052ac                tcp_poll
 .text.tcp_next_iss
                0x100052d8       0x28 CMakeFiles/final_project.dir/C_/Program_Files/Raspberry_Pi/Pico_SDK_v1.5.1/pico-sdk/lib/lwip/src/core/tcp.c.obj
                0x100052d8                tcp_next_iss
 .text.tcp_eff_send_mss_netif
                0x10005300       0x34 CMakeFiles/final_project.dir/C_/Program_Files/Raspberry_Pi/Pico_SDK_v1.5.1/pico-sdk/lib/lwip/src/core/tcp.c.obj
                0x10005300                tcp_eff_send_mss_netif
 .text.tcp_connect
                0x10005334      0x140 CMakeFiles/final_project.dir/C_/Program_Files/Raspberry_Pi/Pico_SDK_v1.5.1/pico-sdk/lib/lwip/src/core/tcp.c.obj
                0x10005334                tcp_connect
 .text.tcp_free_ooseq
                0x10005474       0x14 CMakeFiles/final_project.dir/C_/Program_Files/Raspberry_Pi/Pico_SDK_v1.5.1/pico-sdk/lib/lwip/src/core/tcp.c.obj
                0x10005474                tcp_free_ooseq
 .text.tcp_pcb_purge
                0x10005488       0x58 CMakeFiles/final_project.dir/C_/Program_Files/Raspberry_Pi/Pico_SDK_v1.5.1/pico-sdk/lib/lwip/src/core/tcp.c.obj
                0x10005488                tcp_pcb_purge
 .text.tcp_pcb_remove
                0x100054e0       0xa4 CMakeFiles/final_project.dir/C_/Program_Files/Raspberry_Pi/Pico_SDK_v1.5.1/pico-sdk/lib/lwip/src/core/tcp.c.obj
                0x100054e0                tcp_pcb_remove
 .text.tcp_abandon
                0x10005584      0x10c CMakeFiles/final_project.dir/C_/Program_Files/Raspberry_Pi/Pico_SDK_v1.5.1/pico-sdk/lib/lwip/src/core/tcp.c.obj
                0x10005584                tcp_abandon
 .text.tcp_abort
                0x10005690        0xa CMakeFiles/final_project.dir/C_/Program_Files/Raspberry_Pi/Pico_SDK_v1.5.1/pico-sdk/lib/lwip/src/core/tcp.c.obj
                0x10005690                tcp_abort
 *fill*         0x1000569a        0x2 
 .text.tcp_kill_timewait
                0x1000569c       0x38 CMakeFiles/final_project.dir/C_/Program_Files/Raspberry_Pi/Pico_SDK_v1.5.1/pico-sdk/lib/lwip/src/core/tcp.c.obj
 .text.tcp_kill_prio
                0x100056d4       0x58 CMakeFiles/final_project.dir/C_/Program_Files/Raspberry_Pi/Pico_SDK_v1.5.1/pico-sdk/lib/lwip/src/core/tcp.c.obj
 .text.tcp_netif_ip_addr_changed_pcblist
                0x1000572c       0x30 CMakeFiles/final_project.dir/C_/Program_Files/Raspberry_Pi/Pico_SDK_v1.5.1/pico-sdk/lib/lwip/src/core/tcp.c.obj
 .text.tcp_netif_ip_addr_changed
                0x1000575c       0x54 CMakeFiles/final_project.dir/C_/Program_Files/Raspberry_Pi/Pico_SDK_v1.5.1/pico-sdk/lib/lwip/src/core/tcp.c.obj
                0x1000575c                tcp_netif_ip_addr_changed
 .text.tcp_kill_state
                0x100057b0       0x54 CMakeFiles/final_project.dir/C_/Program_Files/Raspberry_Pi/Pico_SDK_v1.5.1/pico-sdk/lib/lwip/src/core/tcp.c.obj
 .text.tcp_alloc
                0x10005804       0xcc CMakeFiles/final_project.dir/C_/Program_Files/Raspberry_Pi/Pico_SDK_v1.5.1/pico-sdk/lib/lwip/src/core/tcp.c.obj
                0x10005804                tcp_alloc
 .text.tcp_new_ip_type
                0x100058d0        0xa CMakeFiles/final_project.dir/C_/Program_Files/Raspberry_Pi/Pico_SDK_v1.5.1/pico-sdk/lib/lwip/src/core/tcp.c.obj
                0x100058d0                tcp_new_ip_type
 *fill*         0x100058da        0x2 
 .text.tcp_close_shutdown
                0x100058dc      0x13c CMakeFiles/final_project.dir/C_/Program_Files/Raspberry_Pi/Pico_SDK_v1.5.1/pico-sdk/lib/lwip/src/core/tcp.c.obj
 .text.tcp_close
                0x10005a18       0x2c CMakeFiles/final_project.dir/C_/Program_Files/Raspberry_Pi/Pico_SDK_v1.5.1/pico-sdk/lib/lwip/src/core/tcp.c.obj
                0x10005a18                tcp_close
 .text.tcp_recv_null
                0x10005a44       0x3c CMakeFiles/final_project.dir/C_/Program_Files/Raspberry_Pi/Pico_SDK_v1.5.1/pico-sdk/lib/lwip/src/core/tcp.c.obj
                0x10005a44                tcp_recv_null
 .text.tcp_process_refused_data
                0x10005a80       0x88 CMakeFiles/final_project.dir/C_/Program_Files/Raspberry_Pi/Pico_SDK_v1.5.1/pico-sdk/lib/lwip/src/core/tcp.c.obj
                0x10005a80                tcp_process_refused_data
 .text.tcp_fasttmr
                0x10005b08       0x80 CMakeFiles/final_project.dir/C_/Program_Files/Raspberry_Pi/Pico_SDK_v1.5.1/pico-sdk/lib/lwip/src/core/tcp.c.obj
                0x10005b08                tcp_fasttmr
 .text.tcp_slowtmr
                0x10005b88      0x44c CMakeFiles/final_project.dir/C_/Program_Files/Raspberry_Pi/Pico_SDK_v1.5.1/pico-sdk/lib/lwip/src/core/tcp.c.obj
                0x10005b88                tcp_slowtmr
 .text.tcp_tmr  0x10005fd4       0x20 CMakeFiles/final_project.dir/C_/Program_Files/Raspberry_Pi/Pico_SDK_v1.5.1/pico-sdk/lib/lwip/src/core/tcp.c.obj
                0x10005fd4                tcp_tmr
 .text.tcp_get_next_optbyte
                0x10005ff4       0x40 CMakeFiles/final_project.dir/C_/Program_Files/Raspberry_Pi/Pico_SDK_v1.5.1/pico-sdk/lib/lwip/src/core/tcp_in.c.obj
 .text.tcp_parseopt
                0x10006034       0x9c CMakeFiles/final_project.dir/C_/Program_Files/Raspberry_Pi/Pico_SDK_v1.5.1/pico-sdk/lib/lwip/src/core/tcp_in.c.obj
 .text.tcp_input_delayed_close
                0x100060d0       0x4c CMakeFiles/final_project.dir/C_/Program_Files/Raspberry_Pi/Pico_SDK_v1.5.1/pico-sdk/lib/lwip/src/core/tcp_in.c.obj
 .text.tcp_timewait_input
                0x1000611c       0xa0 CMakeFiles/final_project.dir/C_/Program_Files/Raspberry_Pi/Pico_SDK_v1.5.1/pico-sdk/lib/lwip/src/core/tcp_in.c.obj
 .text.tcp_listen_input
                0x100061bc      0x15c CMakeFiles/final_project.dir/C_/Program_Files/Raspberry_Pi/Pico_SDK_v1.5.1/pico-sdk/lib/lwip/src/core/tcp_in.c.obj
 .text.tcp_free_acked_segments
                0x10006318       0xc0 CMakeFiles/final_project.dir/C_/Program_Files/Raspberry_Pi/Pico_SDK_v1.5.1/pico-sdk/lib/lwip/src/core/tcp_in.c.obj
 .text.tcp_oos_insert_segment
                0x100063d8       0xd4 CMakeFiles/final_project.dir/C_/Program_Files/Raspberry_Pi/Pico_SDK_v1.5.1/pico-sdk/lib/lwip/src/core/tcp_in.c.obj
 .text.tcp_receive
                0x100064ac      0x9f0 CMakeFiles/final_project.dir/C_/Program_Files/Raspberry_Pi/Pico_SDK_v1.5.1/pico-sdk/lib/lwip/src/core/tcp_in.c.obj
 .text.tcp_process
                0x10006e9c      0x55c CMakeFiles/final_project.dir/C_/Program_Files/Raspberry_Pi/Pico_SDK_v1.5.1/pico-sdk/lib/lwip/src/core/tcp_in.c.obj
 .text.tcp_input
                0x100073f8      0x674 CMakeFiles/final_project.dir/C_/Program_Files/Raspberry_Pi/Pico_SDK_v1.5.1/pico-sdk/lib/lwip/src/core/tcp_in.c.obj
                0x100073f8                tcp_input
 .text.tcp_trigger_input_pcb_close
                0x10007a6c       0x10 CMakeFiles/final_project.dir/C_/Program_Files/Raspberry_Pi/Pico_SDK_v1.5.1/pico-sdk/lib/lwip/src/core/tcp_in.c.obj
                0x10007a6c                tcp_trigger_input_pcb_close
 .text.tcp_write_checks
                0x10007a7c       0xa8 CMakeFiles/final_project.dir/C_/Program_Files/Raspberry_Pi/Pico_SDK_v1.5.1/pico-sdk/lib/lwip/src/core/tcp_out.c.obj
 .text.tcp_output_segment_busy
                0x10007b24       0x20 CMakeFiles/final_project.dir/C_/Program_Files/Raspberry_Pi/Pico_SDK_v1.5.1/pico-sdk/lib/lwip/src/core/tcp_out.c.obj
 .text.tcp_output_fill_options
                0x10007b44       0x30 CMakeFiles/final_project.dir/C_/Program_Files/Raspberry_Pi/Pico_SDK_v1.5.1/pico-sdk/lib/lwip/src/core/tcp_out.c.obj
 .text.tcp_pbuf_prealloc
                0x10007b74       0x4c CMakeFiles/final_project.dir/C_/Program_Files/Raspberry_Pi/Pico_SDK_v1.5.1/pico-sdk/lib/lwip/src/core/tcp_out.c.obj
 .text.tcp_create_segment
                0x10007bc0       0xf4 CMakeFiles/final_project.dir/C_/Program_Files/Raspberry_Pi/Pico_SDK_v1.5.1/pico-sdk/lib/lwip/src/core/tcp_out.c.obj
 .text.tcp_output_alloc_header_common
                0x10007cb4       0xd0 CMakeFiles/final_project.dir/C_/Program_Files/Raspberry_Pi/Pico_SDK_v1.5.1/pico-sdk/lib/lwip/src/core/tcp_out.c.obj
 .text.tcp_output_alloc_header
                0x10007d84       0x3c CMakeFiles/final_project.dir/C_/Program_Files/Raspberry_Pi/Pico_SDK_v1.5.1/pico-sdk/lib/lwip/src/core/tcp_out.c.obj
 .text.tcp_rst_common
                0x10007dc0       0x68 CMakeFiles/final_project.dir/C_/Program_Files/Raspberry_Pi/Pico_SDK_v1.5.1/pico-sdk/lib/lwip/src/core/tcp_out.c.obj
 .text.tcp_route
                0x10007e28       0x1a CMakeFiles/final_project.dir/C_/Program_Files/Raspberry_Pi/Pico_SDK_v1.5.1/pico-sdk/lib/lwip/src/core/tcp_out.c.obj
 *fill*         0x10007e42        0x2 
 .text.tcp_output_segment
                0x10007e44      0x168 CMakeFiles/final_project.dir/C_/Program_Files/Raspberry_Pi/Pico_SDK_v1.5.1/pico-sdk/lib/lwip/src/core/tcp_out.c.obj
 .text.tcp_output_control_segment_netif
                0x10007fac       0x84 CMakeFiles/final_project.dir/C_/Program_Files/Raspberry_Pi/Pico_SDK_v1.5.1/pico-sdk/lib/lwip/src/core/tcp_out.c.obj
 .text.tcp_output_control_segment
                0x10008030       0x44 CMakeFiles/final_project.dir/C_/Program_Files/Raspberry_Pi/Pico_SDK_v1.5.1/pico-sdk/lib/lwip/src/core/tcp_out.c.obj
 .text.tcp_write
                0x10008074      0x368 CMakeFiles/final_project.dir/C_/Program_Files/Raspberry_Pi/Pico_SDK_v1.5.1/pico-sdk/lib/lwip/src/core/tcp_out.c.obj
                0x10008074                tcp_write
 .text.tcp_split_unsent_seg
                0x100083dc      0x1f8 CMakeFiles/final_project.dir/C_/Program_Files/Raspberry_Pi/Pico_SDK_v1.5.1/pico-sdk/lib/lwip/src/core/tcp_out.c.obj
                0x100083dc                tcp_split_unsent_seg
 .text.tcp_enqueue_flags
                0x100085d4      0x11c CMakeFiles/final_project.dir/C_/Program_Files/Raspberry_Pi/Pico_SDK_v1.5.1/pico-sdk/lib/lwip/src/core/tcp_out.c.obj
                0x100085d4                tcp_enqueue_flags
 .text.tcp_send_fin
                0x100086f0       0x68 CMakeFiles/final_project.dir/C_/Program_Files/Raspberry_Pi/Pico_SDK_v1.5.1/pico-sdk/lib/lwip/src/core/tcp_out.c.obj
                0x100086f0                tcp_send_fin
 .text.tcp_rexmit_rto_prepare
                0x10008758       0xac CMakeFiles/final_project.dir/C_/Program_Files/Raspberry_Pi/Pico_SDK_v1.5.1/pico-sdk/lib/lwip/src/core/tcp_out.c.obj
                0x10008758                tcp_rexmit_rto_prepare
 .text.tcp_rexmit
                0x10008804       0xa4 CMakeFiles/final_project.dir/C_/Program_Files/Raspberry_Pi/Pico_SDK_v1.5.1/pico-sdk/lib/lwip/src/core/tcp_out.c.obj
                0x10008804                tcp_rexmit
 .text.tcp_rexmit_fast
                0x100088a8       0x68 CMakeFiles/final_project.dir/C_/Program_Files/Raspberry_Pi/Pico_SDK_v1.5.1/pico-sdk/lib/lwip/src/core/tcp_out.c.obj
                0x100088a8                tcp_rexmit_fast
 .text.tcp_rst  0x10008910       0x32 CMakeFiles/final_project.dir/C_/Program_Files/Raspberry_Pi/Pico_SDK_v1.5.1/pico-sdk/lib/lwip/src/core/tcp_out.c.obj
                0x10008910                tcp_rst
 .text.tcp_rst_netif
                0x10008942       0x38 CMakeFiles/final_project.dir/C_/Program_Files/Raspberry_Pi/Pico_SDK_v1.5.1/pico-sdk/lib/lwip/src/core/tcp_out.c.obj
                0x10008942                tcp_rst_netif
 *fill*         0x1000897a        0x2 
 .text.tcp_send_empty_ack
                0x1000897c       0x64 CMakeFiles/final_project.dir/C_/Program_Files/Raspberry_Pi/Pico_SDK_v1.5.1/pico-sdk/lib/lwip/src/core/tcp_out.c.obj
                0x1000897c                tcp_send_empty_ack
 .text.tcp_output
                0x100089e0      0x338 CMakeFiles/final_project.dir/C_/Program_Files/Raspberry_Pi/Pico_SDK_v1.5.1/pico-sdk/lib/lwip/src/core/tcp_out.c.obj
                0x100089e0                tcp_output
 .text.tcp_rexmit_rto_commit
                0x10008d18       0x24 CMakeFiles/final_project.dir/C_/Program_Files/Raspberry_Pi/Pico_SDK_v1.5.1/pico-sdk/lib/lwip/src/core/tcp_out.c.obj
                0x10008d18                tcp_rexmit_rto_commit
 .text.tcp_rexmit_rto
                0x10008d3c       0x24 CMakeFiles/final_project.dir/C_/Program_Files/Raspberry_Pi/Pico_SDK_v1.5.1/pico-sdk/lib/lwip/src/core/tcp_out.c.obj
                0x10008d3c                tcp_rexmit_rto
 .text.tcp_keepalive
                0x10008d60       0x48 CMakeFiles/final_project.dir/C_/Program_Files/Raspberry_Pi/Pico_SDK_v1.5.1/pico-sdk/lib/lwip/src/core/tcp_out.c.obj
                0x10008d60                tcp_keepalive
 .text.tcp_zero_window_probe
                0x10008da8      0x10c CMakeFiles/final_project.dir/C_/Program_Files/Raspberry_Pi/Pico_SDK_v1.5.1/pico-sdk/lib/lwip/src/core/tcp_out.c.obj
                0x10008da8                tcp_zero_window_probe
 .text.sys_timeout_abs
                0x10008eb4       0x60 CMakeFiles/final_project.dir/C_/Program_Files/Raspberry_Pi/Pico_SDK_v1.5.1/pico-sdk/lib/lwip/src/core/timeouts.c.obj
 .text.lwip_cyclic_timer
                0x10008f14       0x38 CMakeFiles/final_project.dir/C_/Program_Files/Raspberry_Pi/Pico_SDK_v1.5.1/pico-sdk/lib/lwip/src/core/timeouts.c.obj
 .text.sys_timeout
                0x10008f4c       0x2c CMakeFiles/final_project.dir/C_/Program_Files/Raspberry_Pi/Pico_SDK_v1.5.1/pico-sdk/lib/lwip/src/core/timeouts.c.obj
                0x10008f4c                sys_timeout
 .text.tcp_timer_needed
                0x10008f78       0x40 CMakeFiles/final_project.dir/C_/Program_Files/Raspberry_Pi/Pico_SDK_v1.5.1/pico-sdk/lib/lwip/src/core/timeouts.c.obj
                0x10008f78                tcp_timer_needed
 .text.tcpip_tcp_timer
                0x10008fb8       0x3c CMakeFiles/final_project.dir/C_/Program_Files/Raspberry_Pi/Pico_SDK_v1.5.1/pico-sdk/lib/lwip/src/core/timeouts.c.obj
 .text.sys_timeouts_init
                0x10008ff4       0x24 CMakeFiles/final_project.dir/C_/Program_Files/Raspberry_Pi/Pico_SDK_v1.5.1/pico-sdk/lib/lwip/src/core/timeouts.c.obj
                0x10008ff4                sys_timeouts_init
 .text.sys_untimeout
                0x10009018       0x40 CMakeFiles/final_project.dir/C_/Program_Files/Raspberry_Pi/Pico_SDK_v1.5.1/pico-sdk/lib/lwip/src/core/timeouts.c.obj
                0x10009018                sys_untimeout
 .text.sys_check_timeouts
                0x10009058       0x54 CMakeFiles/final_project.dir/C_/Program_Files/Raspberry_Pi/Pico_SDK_v1.5.1/pico-sdk/lib/lwip/src/core/timeouts.c.obj
                0x10009058                sys_check_timeouts
 .text.sys_timeouts_sleeptime
                0x100090ac       0x34 CMakeFiles/final_project.dir/C_/Program_Files/Raspberry_Pi/Pico_SDK_v1.5.1/pico-sdk/lib/lwip/src/core/timeouts.c.obj
                0x100090ac                sys_timeouts_sleeptime
 .text.udp_new_port
                0x100090e0       0x54 CMakeFiles/final_project.dir/C_/Program_Files/Raspberry_Pi/Pico_SDK_v1.5.1/pico-sdk/lib/lwip/src/core/udp.c.obj
 .text.udp_input_local_match
                0x10009134       0x90 CMakeFiles/final_project.dir/C_/Program_Files/Raspberry_Pi/Pico_SDK_v1.5.1/pico-sdk/lib/lwip/src/core/udp.c.obj
 .text.udp_init
                0x100091c4       0x20 CMakeFiles/final_project.dir/C_/Program_Files/Raspberry_Pi/Pico_SDK_v1.5.1/pico-sdk/lib/lwip/src/core/udp.c.obj
                0x100091c4                udp_init
 .text.udp_input
                0x100091e4      0x210 CMakeFiles/final_project.dir/C_/Program_Files/Raspberry_Pi/Pico_SDK_v1.5.1/pico-sdk/lib/lwip/src/core/udp.c.obj
                0x100091e4                udp_input
 .text.udp_bind
                0x100093f4       0xbc CMakeFiles/final_project.dir/C_/Program_Files/Raspberry_Pi/Pico_SDK_v1.5.1/pico-sdk/lib/lwip/src/core/udp.c.obj
                0x100093f4                udp_bind
 .text.udp_sendto_if_src
                0x100094b0      0x17c CMakeFiles/final_project.dir/C_/Program_Files/Raspberry_Pi/Pico_SDK_v1.5.1/pico-sdk/lib/lwip/src/core/udp.c.obj
                0x100094b0                udp_sendto_if_src
 .text.udp_sendto_if
                0x1000962c       0x84 CMakeFiles/final_project.dir/C_/Program_Files/Raspberry_Pi/Pico_SDK_v1.5.1/pico-sdk/lib/lwip/src/core/udp.c.obj
                0x1000962c                udp_sendto_if
 .text.udp_sendto
                0x100096b0       0x84 CMakeFiles/final_project.dir/C_/Program_Files/Raspberry_Pi/Pico_SDK_v1.5.1/pico-sdk/lib/lwip/src/core/udp.c.obj
                0x100096b0                udp_sendto
 .text.udp_connect
                0x10009734       0x74 CMakeFiles/final_project.dir/C_/Program_Files/Raspberry_Pi/Pico_SDK_v1.5.1/pico-sdk/lib/lwip/src/core/udp.c.obj
                0x10009734                udp_connect
 .text.udp_recv
                0x100097a8       0x18 CMakeFiles/final_project.dir/C_/Program_Files/Raspberry_Pi/Pico_SDK_v1.5.1/pico-sdk/lib/lwip/src/core/udp.c.obj
                0x100097a8                udp_recv
 .text.udp_remove
                0x100097c0       0x44 CMakeFiles/final_project.dir/C_/Program_Files/Raspberry_Pi/Pico_SDK_v1.5.1/pico-sdk/lib/lwip/src/core/udp.c.obj
                0x100097c0                udp_remove
 .text.udp_new  0x10009804       0x1c CMakeFiles/final_project.dir/C_/Program_Files/Raspberry_Pi/Pico_SDK_v1.5.1/pico-sdk/lib/lwip/src/core/udp.c.obj
                0x10009804                udp_new
 .text.udp_netif_ip_addr_changed
                0x10009820       0x38 CMakeFiles/final_project.dir/C_/Program_Files/Raspberry_Pi/Pico_SDK_v1.5.1/pico-sdk/lib/lwip/src/core/udp.c.obj
                0x10009820                udp_netif_ip_addr_changed
 .text.dhcp_set_state
                0x10009858       0x10 CMakeFiles/final_project.dir/C_/Program_Files/Raspberry_Pi/Pico_SDK_v1.5.1/pico-sdk/lib/lwip/src/core/ipv4/dhcp.c.obj
 .text.dhcp_option_short
                0x10009868       0x24 CMakeFiles/final_project.dir/C_/Program_Files/Raspberry_Pi/Pico_SDK_v1.5.1/pico-sdk/lib/lwip/src/core/ipv4/dhcp.c.obj
 .text.dhcp_option
                0x1000988c       0x24 CMakeFiles/final_project.dir/C_/Program_Files/Raspberry_Pi/Pico_SDK_v1.5.1/pico-sdk/lib/lwip/src/core/ipv4/dhcp.c.obj
 .text.dhcp_option_byte
                0x100098b0       0x1c CMakeFiles/final_project.dir/C_/Program_Files/Raspberry_Pi/Pico_SDK_v1.5.1/pico-sdk/lib/lwip/src/core/ipv4/dhcp.c.obj
 .text.dhcp_option_long
                0x100098cc       0x34 CMakeFiles/final_project.dir/C_/Program_Files/Raspberry_Pi/Pico_SDK_v1.5.1/pico-sdk/lib/lwip/src/core/ipv4/dhcp.c.obj
 .text.dhcp_create_msg
                0x10009900      0x138 CMakeFiles/final_project.dir/C_/Program_Files/Raspberry_Pi/Pico_SDK_v1.5.1/pico-sdk/lib/lwip/src/core/ipv4/dhcp.c.obj
 .text.dhcp_option_hostname
                0x10009a38       0x70 CMakeFiles/final_project.dir/C_/Program_Files/Raspberry_Pi/Pico_SDK_v1.5.1/pico-sdk/lib/lwip/src/core/ipv4/dhcp.c.obj
 .text.dhcp_option_trailer
                0x10009aa8       0x30 CMakeFiles/final_project.dir/C_/Program_Files/Raspberry_Pi/Pico_SDK_v1.5.1/pico-sdk/lib/lwip/src/core/ipv4/dhcp.c.obj
 .text.dhcp_rebind
                0x10009ad8       0xfc CMakeFiles/final_project.dir/C_/Program_Files/Raspberry_Pi/Pico_SDK_v1.5.1/pico-sdk/lib/lwip/src/core/ipv4/dhcp.c.obj
 .text.dhcp_t2_timeout
                0x10009bd4       0x2e CMakeFiles/final_project.dir/C_/Program_Files/Raspberry_Pi/Pico_SDK_v1.5.1/pico-sdk/lib/lwip/src/core/ipv4/dhcp.c.obj
 *fill*         0x10009c02        0x2 
 .text.dhcp_reboot
                0x10009c04      0x120 CMakeFiles/final_project.dir/C_/Program_Files/Raspberry_Pi/Pico_SDK_v1.5.1/pico-sdk/lib/lwip/src/core/ipv4/dhcp.c.obj
 .text.dhcp_select
                0x10009d24      0x16c CMakeFiles/final_project.dir/C_/Program_Files/Raspberry_Pi/Pico_SDK_v1.5.1/pico-sdk/lib/lwip/src/core/ipv4/dhcp.c.obj
 .text.dhcp_handle_offer
                0x10009e90       0x48 CMakeFiles/final_project.dir/C_/Program_Files/Raspberry_Pi/Pico_SDK_v1.5.1/pico-sdk/lib/lwip/src/core/ipv4/dhcp.c.obj
 .text.dhcp_discover
                0x10009ed8       0xf8 CMakeFiles/final_project.dir/C_/Program_Files/Raspberry_Pi/Pico_SDK_v1.5.1/pico-sdk/lib/lwip/src/core/ipv4/dhcp.c.obj
 .text.dhcp_dec_pcb_refcount
                0x10009fd0       0x38 CMakeFiles/final_project.dir/C_/Program_Files/Raspberry_Pi/Pico_SDK_v1.5.1/pico-sdk/lib/lwip/src/core/ipv4/dhcp.c.obj
 .text.dhcp_inc_pcb_refcount
                0x1000a008       0x74 CMakeFiles/final_project.dir/C_/Program_Files/Raspberry_Pi/Pico_SDK_v1.5.1/pico-sdk/lib/lwip/src/core/ipv4/dhcp.c.obj
 .text.dhcp_parse_reply
                0x1000a07c      0x2fc CMakeFiles/final_project.dir/C_/Program_Files/Raspberry_Pi/Pico_SDK_v1.5.1/pico-sdk/lib/lwip/src/core/ipv4/dhcp.c.obj
 .text.dhcp_handle_ack
                0x1000a378       0xd0 CMakeFiles/final_project.dir/C_/Program_Files/Raspberry_Pi/Pico_SDK_v1.5.1/pico-sdk/lib/lwip/src/core/ipv4/dhcp.c.obj
 .text.dhcp_bind
                0x1000a448      0x104 CMakeFiles/final_project.dir/C_/Program_Files/Raspberry_Pi/Pico_SDK_v1.5.1/pico-sdk/lib/lwip/src/core/ipv4/dhcp.c.obj
 .text.dhcp_handle_nak
                0x1000a54c       0x24 CMakeFiles/final_project.dir/C_/Program_Files/Raspberry_Pi/Pico_SDK_v1.5.1/pico-sdk/lib/lwip/src/core/ipv4/dhcp.c.obj
 .text.dhcp_recv
                0x1000a570       0xf4 CMakeFiles/final_project.dir/C_/Program_Files/Raspberry_Pi/Pico_SDK_v1.5.1/pico-sdk/lib/lwip/src/core/ipv4/dhcp.c.obj
 .text.dhcp_set_struct
                0x1000a664       0x44 CMakeFiles/final_project.dir/C_/Program_Files/Raspberry_Pi/Pico_SDK_v1.5.1/pico-sdk/lib/lwip/src/core/ipv4/dhcp.c.obj
                0x1000a664                dhcp_set_struct
 .text.dhcp_network_changed_link_up
                0x1000a6a8       0x40 CMakeFiles/final_project.dir/C_/Program_Files/Raspberry_Pi/Pico_SDK_v1.5.1/pico-sdk/lib/lwip/src/core/ipv4/dhcp.c.obj
                0x1000a6a8                dhcp_network_changed_link_up
 .text.dhcp_renew
                0x1000a6e8       0xf8 CMakeFiles/final_project.dir/C_/Program_Files/Raspberry_Pi/Pico_SDK_v1.5.1/pico-sdk/lib/lwip/src/core/ipv4/dhcp.c.obj
                0x1000a6e8                dhcp_renew
 .text.dhcp_t1_timeout
                0x1000a7e0       0x2a CMakeFiles/final_project.dir/C_/Program_Files/Raspberry_Pi/Pico_SDK_v1.5.1/pico-sdk/lib/lwip/src/core/ipv4/dhcp.c.obj
 .text.dhcp_supplied_address
                0x1000a80a       0x32 CMakeFiles/final_project.dir/C_/Program_Files/Raspberry_Pi/Pico_SDK_v1.5.1/pico-sdk/lib/lwip/src/core/ipv4/dhcp.c.obj
                0x1000a80a                dhcp_supplied_address
 .text.dhcp_release_and_stop
                0x1000a83c       0xdc CMakeFiles/final_project.dir/C_/Program_Files/Raspberry_Pi/Pico_SDK_v1.5.1/pico-sdk/lib/lwip/src/core/ipv4/dhcp.c.obj
                0x1000a83c                dhcp_release_and_stop
 .text.dhcp_start
                0x1000a918       0xac CMakeFiles/final_project.dir/C_/Program_Files/Raspberry_Pi/Pico_SDK_v1.5.1/pico-sdk/lib/lwip/src/core/ipv4/dhcp.c.obj
                0x1000a918                dhcp_start
 .text.dhcp_coarse_tmr
                0x1000a9c4       0x6c CMakeFiles/final_project.dir/C_/Program_Files/Raspberry_Pi/Pico_SDK_v1.5.1/pico-sdk/lib/lwip/src/core/ipv4/dhcp.c.obj
                0x1000a9c4                dhcp_coarse_tmr
 .text.dhcp_timeout
                0x1000aa30       0x4a CMakeFiles/final_project.dir/C_/Program_Files/Raspberry_Pi/Pico_SDK_v1.5.1/pico-sdk/lib/lwip/src/core/ipv4/dhcp.c.obj
 *fill*         0x1000aa7a        0x2 
 .text.dhcp_fine_tmr
                0x1000aa7c       0x38 CMakeFiles/final_project.dir/C_/Program_Files/Raspberry_Pi/Pico_SDK_v1.5.1/pico-sdk/lib/lwip/src/core/ipv4/dhcp.c.obj
                0x1000aa7c                dhcp_fine_tmr
 .text.dhcp_stop
                0x1000aab4        0x8 CMakeFiles/final_project.dir/C_/Program_Files/Raspberry_Pi/Pico_SDK_v1.5.1/pico-sdk/lib/lwip/src/core/ipv4/dhcp.c.obj
                0x1000aab4                dhcp_stop
 .text.etharp_free_entry
                0x1000aabc       0x4c CMakeFiles/final_project.dir/C_/Program_Files/Raspberry_Pi/Pico_SDK_v1.5.1/pico-sdk/lib/lwip/src/core/ipv4/etharp.c.obj
 .text.etharp_find_entry
                0x1000ab08      0x1b0 CMakeFiles/final_project.dir/C_/Program_Files/Raspberry_Pi/Pico_SDK_v1.5.1/pico-sdk/lib/lwip/src/core/ipv4/etharp.c.obj
 .text.etharp_update_arp_entry
                0x1000acb8       0xc8 CMakeFiles/final_project.dir/C_/Program_Files/Raspberry_Pi/Pico_SDK_v1.5.1/pico-sdk/lib/lwip/src/core/ipv4/etharp.c.obj
 .text.etharp_raw
                0x1000ad80       0xf0 CMakeFiles/final_project.dir/C_/Program_Files/Raspberry_Pi/Pico_SDK_v1.5.1/pico-sdk/lib/lwip/src/core/ipv4/etharp.c.obj
 .text.etharp_request_dst
                0x1000ae70       0x24 CMakeFiles/final_project.dir/C_/Program_Files/Raspberry_Pi/Pico_SDK_v1.5.1/pico-sdk/lib/lwip/src/core/ipv4/etharp.c.obj
 .text.etharp_cleanup_netif
                0x1000ae94       0x3c CMakeFiles/final_project.dir/C_/Program_Files/Raspberry_Pi/Pico_SDK_v1.5.1/pico-sdk/lib/lwip/src/core/ipv4/etharp.c.obj
                0x1000ae94                etharp_cleanup_netif
 .text.etharp_input
                0x1000aed0      0x120 CMakeFiles/final_project.dir/C_/Program_Files/Raspberry_Pi/Pico_SDK_v1.5.1/pico-sdk/lib/lwip/src/core/ipv4/etharp.c.obj
                0x1000aed0                etharp_input
 .text.etharp_request
                0x1000aff0       0x10 CMakeFiles/final_project.dir/C_/Program_Files/Raspberry_Pi/Pico_SDK_v1.5.1/pico-sdk/lib/lwip/src/core/ipv4/etharp.c.obj
                0x1000aff0                etharp_request
 .text.etharp_tmr
                0x1000b000       0x8c CMakeFiles/final_project.dir/C_/Program_Files/Raspberry_Pi/Pico_SDK_v1.5.1/pico-sdk/lib/lwip/src/core/ipv4/etharp.c.obj
                0x1000b000                etharp_tmr
 .text.etharp_output_to_arp_index
                0x1000b08c       0xc0 CMakeFiles/final_project.dir/C_/Program_Files/Raspberry_Pi/Pico_SDK_v1.5.1/pico-sdk/lib/lwip/src/core/ipv4/etharp.c.obj
 .text.etharp_query
                0x1000b14c      0x1d8 CMakeFiles/final_project.dir/C_/Program_Files/Raspberry_Pi/Pico_SDK_v1.5.1/pico-sdk/lib/lwip/src/core/ipv4/etharp.c.obj
                0x1000b14c                etharp_query
 .text.etharp_output
                0x1000b324      0x154 CMakeFiles/final_project.dir/C_/Program_Files/Raspberry_Pi/Pico_SDK_v1.5.1/pico-sdk/lib/lwip/src/core/ipv4/etharp.c.obj
                0x1000b324                etharp_output
 .text.icmp_send_response
                0x1000b478       0xd4 CMakeFiles/final_project.dir/C_/Program_Files/Raspberry_Pi/Pico_SDK_v1.5.1/pico-sdk/lib/lwip/src/core/ipv4/icmp.c.obj
 .text.icmp_input
                0x1000b54c      0x204 CMakeFiles/final_project.dir/C_/Program_Files/Raspberry_Pi/Pico_SDK_v1.5.1/pico-sdk/lib/lwip/src/core/ipv4/icmp.c.obj
                0x1000b54c                icmp_input
 .text.icmp_dest_unreach
                0x1000b750        0xc CMakeFiles/final_project.dir/C_/Program_Files/Raspberry_Pi/Pico_SDK_v1.5.1/pico-sdk/lib/lwip/src/core/ipv4/icmp.c.obj
                0x1000b750                icmp_dest_unreach
 .text.icmp_time_exceeded
                0x1000b75c        0xc CMakeFiles/final_project.dir/C_/Program_Files/Raspberry_Pi/Pico_SDK_v1.5.1/pico-sdk/lib/lwip/src/core/ipv4/icmp.c.obj
                0x1000b75c                icmp_time_exceeded
 .text.ip_reass_dequeue_datagram
                0x1000b768       0x34 CMakeFiles/final_project.dir/C_/Program_Files/Raspberry_Pi/Pico_SDK_v1.5.1/pico-sdk/lib/lwip/src/core/ipv4/ip4_frag.c.obj
 .text.ip_reass_free_complete_datagram
                0x1000b79c       0xe8 CMakeFiles/final_project.dir/C_/Program_Files/Raspberry_Pi/Pico_SDK_v1.5.1/pico-sdk/lib/lwip/src/core/ipv4/ip4_frag.c.obj
 .text.ip_reass_remove_oldest_datagram
                0x1000b884       0xc4 CMakeFiles/final_project.dir/C_/Program_Files/Raspberry_Pi/Pico_SDK_v1.5.1/pico-sdk/lib/lwip/src/core/ipv4/ip4_frag.c.obj
 .text.ip_reass_chain_frag_into_datagram_and_validate
                0x1000b948      0x27c CMakeFiles/final_project.dir/C_/Program_Files/Raspberry_Pi/Pico_SDK_v1.5.1/pico-sdk/lib/lwip/src/core/ipv4/ip4_frag.c.obj
 .text.ip_reass_enqueue_new_datagram
                0x1000bbc4       0x64 CMakeFiles/final_project.dir/C_/Program_Files/Raspberry_Pi/Pico_SDK_v1.5.1/pico-sdk/lib/lwip/src/core/ipv4/ip4_frag.c.obj
 .text.ip_reass_tmr
                0x1000bc28       0x30 CMakeFiles/final_project.dir/C_/Program_Files/Raspberry_Pi/Pico_SDK_v1.5.1/pico-sdk/lib/lwip/src/core/ipv4/ip4_frag.c.obj
                0x1000bc28                ip_reass_tmr
 .text.ip4_reass
                0x1000bc58      0x284 CMakeFiles/final_project.dir/C_/Program_Files/Raspberry_Pi/Pico_SDK_v1.5.1/pico-sdk/lib/lwip/src/core/ipv4/ip4_frag.c.obj
                0x1000bc58                ip4_reass
 .text.ip4_frag
                0x1000bedc      0x178 CMakeFiles/final_project.dir/C_/Program_Files/Raspberry_Pi/Pico_SDK_v1.5.1/pico-sdk/lib/lwip/src/core/ipv4/ip4_frag.c.obj
                0x1000bedc                ip4_frag
 .text.ip4_input_accept
                0x1000c054       0x38 CMakeFiles/final_project.dir/C_/Program_Files/Raspberry_Pi/Pico_SDK_v1.5.1/pico-sdk/lib/lwip/src/core/ipv4/ip4.c.obj
 .text.ip4_route
                0x1000c08c       0x7c CMakeFiles/final_project.dir/C_/Program_Files/Raspberry_Pi/Pico_SDK_v1.5.1/pico-sdk/lib/lwip/src/core/ipv4/ip4.c.obj
                0x1000c08c                ip4_route
 .text.ip4_input
                0x1000c108      0x2a0 CMakeFiles/final_project.dir/C_/Program_Files/Raspberry_Pi/Pico_SDK_v1.5.1/pico-sdk/lib/lwip/src/core/ipv4/ip4.c.obj
                0x1000c108                ip4_input
 .text.ip4_output_if_src
                0x1000c3a8      0x1c4 CMakeFiles/final_project.dir/C_/Program_Files/Raspberry_Pi/Pico_SDK_v1.5.1/pico-sdk/lib/lwip/src/core/ipv4/ip4.c.obj
                0x1000c3a8                ip4_output_if_src
 .text.ip4_output_if
                0x1000c56c       0x2e CMakeFiles/final_project.dir/C_/Program_Files/Raspberry_Pi/Pico_SDK_v1.5.1/pico-sdk/lib/lwip/src/core/ipv4/ip4.c.obj
                0x1000c56c                ip4_output_if
 .text.ip4_addr_isbroadcast_u32
                0x1000c59a       0x42 CMakeFiles/final_project.dir/C_/Program_Files/Raspberry_Pi/Pico_SDK_v1.5.1/pico-sdk/lib/lwip/src/core/ipv4/ip4_addr.c.obj
                0x1000c59a                ip4_addr_isbroadcast_u32
 .text.ip4addr_aton
                0x1000c5dc      0x15c CMakeFiles/final_project.dir/C_/Program_Files/Raspberry_Pi/Pico_SDK_v1.5.1/pico-sdk/lib/lwip/src/core/ipv4/ip4_addr.c.obj
                0x1000c5dc                ip4addr_aton
 .text.ethernet_input
                0x1000c738       0xe0 CMakeFiles/final_project.dir/C_/Program_Files/Raspberry_Pi/Pico_SDK_v1.5.1/pico-sdk/lib/lwip/src/netif/ethernet.c.obj
                0x1000c738                ethernet_input
 .text.ethernet_output
                0x1000c818       0x6c CMakeFiles/final_project.dir/C_/Program_Files/Raspberry_Pi/Pico_SDK_v1.5.1/pico-sdk/lib/lwip/src/netif/ethernet.c.obj
                0x1000c818                ethernet_output
 .text.cyw43_tcpip_link_status_name
                0x1000c884       0x54 CMakeFiles/final_project.dir/C_/Program_Files/Raspberry_Pi/Pico_SDK_v1.5.1/pico-sdk/src/rp2_common/pico_cyw43_arch/cyw43_arch.c.obj
 .text.cyw43_arch_set_async_context
                0x1000c8d8        0xc CMakeFiles/final_project.dir/C_/Program_Files/Raspberry_Pi/Pico_SDK_v1.5.1/pico-sdk/src/rp2_common/pico_cyw43_arch/cyw43_arch.c.obj
                0x1000c8d8                cyw43_arch_set_async_context
 .text.cyw43_arch_wifi_connect_bssid_async
                0x1000c8e4       0x54 CMakeFiles/final_project.dir/C_/Program_Files/Raspberry_Pi/Pico_SDK_v1.5.1/pico-sdk/src/rp2_common/pico_cyw43_arch/cyw43_arch.c.obj
                0x1000c8e4                cyw43_arch_wifi_connect_bssid_async
 .text.cyw43_arch_get_country_code
                0x1000c938        0xc CMakeFiles/final_project.dir/C_/Program_Files/Raspberry_Pi/Pico_SDK_v1.5.1/pico-sdk/src/rp2_common/pico_cyw43_arch/cyw43_arch.c.obj
                0x1000c938                cyw43_arch_get_country_code
 .text.cyw43_arch_enable_sta_mode
                0x1000c944       0x40 CMakeFiles/final_project.dir/C_/Program_Files/Raspberry_Pi/Pico_SDK_v1.5.1/pico-sdk/src/rp2_common/pico_cyw43_arch/cyw43_arch.c.obj
                0x1000c944                cyw43_arch_enable_sta_mode
 .text.cyw43_arch_async_context
                0x1000c984        0xc CMakeFiles/final_project.dir/C_/Program_Files/Raspberry_Pi/Pico_SDK_v1.5.1/pico-sdk/src/rp2_common/pico_cyw43_arch/cyw43_arch.c.obj
                0x1000c984                cyw43_arch_async_context
 .text.cyw43_arch_poll
                0x1000c990       0x18 CMakeFiles/final_project.dir/C_/Program_Files/Raspberry_Pi/Pico_SDK_v1.5.1/pico-sdk/src/rp2_common/pico_cyw43_arch/cyw43_arch.c.obj
                0x1000c990                cyw43_arch_poll
 .text.cyw43_arch_wait_for_work_until
                0x1000c9a8       0x18 CMakeFiles/final_project.dir/C_/Program_Files/Raspberry_Pi/Pico_SDK_v1.5.1/pico-sdk/src/rp2_common/pico_cyw43_arch/cyw43_arch.c.obj
                0x1000c9a8                cyw43_arch_wait_for_work_until
 .text.cyw43_arch_wifi_connect_bssid_until
                0x1000c9c0       0xfc CMakeFiles/final_project.dir/C_/Program_Files/Raspberry_Pi/Pico_SDK_v1.5.1/pico-sdk/src/rp2_common/pico_cyw43_arch/cyw43_arch.c.obj
 .text.cyw43_arch_wifi_connect_until
                0x1000cabc       0x1a CMakeFiles/final_project.dir/C_/Program_Files/Raspberry_Pi/Pico_SDK_v1.5.1/pico-sdk/src/rp2_common/pico_cyw43_arch/cyw43_arch.c.obj
 *fill*         0x1000cad6        0x2 
 .text.cyw43_arch_wifi_connect_timeout_ms
                0x1000cad8       0x80 CMakeFiles/final_project.dir/C_/Program_Files/Raspberry_Pi/Pico_SDK_v1.5.1/pico-sdk/src/rp2_common/pico_cyw43_arch/cyw43_arch.c.obj
                0x1000cad8                cyw43_arch_wifi_connect_timeout_ms
 .text.cyw43_arch_init_default_async_context
                0x1000cb58       0x20 CMakeFiles/final_project.dir/C_/Program_Files/Raspberry_Pi/Pico_SDK_v1.5.1/pico-sdk/src/rp2_common/pico_cyw43_arch/cyw43_arch_threadsafe_background.c.obj
                0x1000cb58                cyw43_arch_init_default_async_context
 .text.cyw43_arch_deinit
                0x1000cb78       0x30 CMakeFiles/final_project.dir/C_/Program_Files/Raspberry_Pi/Pico_SDK_v1.5.1/pico-sdk/src/rp2_common/pico_cyw43_arch/cyw43_arch_threadsafe_background.c.obj
                0x1000cb78                cyw43_arch_deinit
 .text.cyw43_arch_init
                0x1000cba8       0x42 CMakeFiles/final_project.dir/C_/Program_Files/Raspberry_Pi/Pico_SDK_v1.5.1/pico-sdk/src/rp2_common/pico_cyw43_arch/cyw43_arch_threadsafe_background.c.obj
                0x1000cba8                cyw43_arch_init
 .text.cs_set   0x1000cbea       0x1c CMakeFiles/final_project.dir/C_/Program_Files/Raspberry_Pi/Pico_SDK_v1.5.1/pico-sdk/src/rp2_common/pico_cyw43_driver/cyw43_bus_pio_spi.c.obj
 *fill*         0x1000cc06        0x2 
 .text.start_spi_comms
                0x1000cc08       0x2c CMakeFiles/final_project.dir/C_/Program_Files/Raspberry_Pi/Pico_SDK_v1.5.1/pico-sdk/src/rp2_common/pico_cyw43_driver/cyw43_bus_pio_spi.c.obj
 .text.ns_delay
                0x1000cc34       0x20 CMakeFiles/final_project.dir/C_/Program_Files/Raspberry_Pi/Pico_SDK_v1.5.1/pico-sdk/src/rp2_common/pico_cyw43_driver/cyw43_bus_pio_spi.c.obj
 .text.stop_spi_comms
                0x1000cc54       0x10 CMakeFiles/final_project.dir/C_/Program_Files/Raspberry_Pi/Pico_SDK_v1.5.1/pico-sdk/src/rp2_common/pico_cyw43_driver/cyw43_bus_pio_spi.c.obj
 .text.cyw43_spi_deinit
                0x1000cc64       0x74 CMakeFiles/final_project.dir/C_/Program_Files/Raspberry_Pi/Pico_SDK_v1.5.1/pico-sdk/src/rp2_common/pico_cyw43_driver/cyw43_bus_pio_spi.c.obj
                0x1000cc64                cyw43_spi_deinit
 .text.cyw43_spi_init
                0x1000ccd8      0x284 CMakeFiles/final_project.dir/C_/Program_Files/Raspberry_Pi/Pico_SDK_v1.5.1/pico-sdk/src/rp2_common/pico_cyw43_driver/cyw43_bus_pio_spi.c.obj
                0x1000ccd8                cyw43_spi_init
 .text.cyw43_spi_transfer
                0x1000cf5c      0x694 CMakeFiles/final_project.dir/C_/Program_Files/Raspberry_Pi/Pico_SDK_v1.5.1/pico-sdk/src/rp2_common/pico_cyw43_driver/cyw43_bus_pio_spi.c.obj
                0x1000cf5c                cyw43_spi_transfer
 .text.cyw43_spi_gpio_setup
                0x1000d5f0       0x3a CMakeFiles/final_project.dir/C_/Program_Files/Raspberry_Pi/Pico_SDK_v1.5.1/pico-sdk/src/rp2_common/pico_cyw43_driver/cyw43_bus_pio_spi.c.obj
                0x1000d5f0                cyw43_spi_gpio_setup
 .text.cyw43_spi_reset
                0x1000d62a       0x28 CMakeFiles/final_project.dir/C_/Program_Files/Raspberry_Pi/Pico_SDK_v1.5.1/pico-sdk/src/rp2_common/pico_cyw43_driver/cyw43_bus_pio_spi.c.obj
                0x1000d62a                cyw43_spi_reset
 *fill*         0x1000d652        0x2 
 .text.read_reg_u32_swap
                0x1000d654       0x68 CMakeFiles/final_project.dir/C_/Program_Files/Raspberry_Pi/Pico_SDK_v1.5.1/pico-sdk/src/rp2_common/pico_cyw43_driver/cyw43_bus_pio_spi.c.obj
                0x1000d654                read_reg_u32_swap
 .text.cyw43_read_reg_u32
                0x1000d6bc       0x54 CMakeFiles/final_project.dir/C_/Program_Files/Raspberry_Pi/Pico_SDK_v1.5.1/pico-sdk/src/rp2_common/pico_cyw43_driver/cyw43_bus_pio_spi.c.obj
                0x1000d6bc                cyw43_read_reg_u32
 .text.cyw43_read_reg_u16
                0x1000d710       0x54 CMakeFiles/final_project.dir/C_/Program_Files/Raspberry_Pi/Pico_SDK_v1.5.1/pico-sdk/src/rp2_common/pico_cyw43_driver/cyw43_bus_pio_spi.c.obj
                0x1000d710                cyw43_read_reg_u16
 .text.cyw43_read_reg_u8
                0x1000d764       0x54 CMakeFiles/final_project.dir/C_/Program_Files/Raspberry_Pi/Pico_SDK_v1.5.1/pico-sdk/src/rp2_common/pico_cyw43_driver/cyw43_bus_pio_spi.c.obj
                0x1000d764                cyw43_read_reg_u8
 .text.write_reg_u32_swap
                0x1000d7b8       0x34 CMakeFiles/final_project.dir/C_/Program_Files/Raspberry_Pi/Pico_SDK_v1.5.1/pico-sdk/src/rp2_common/pico_cyw43_driver/cyw43_bus_pio_spi.c.obj
                0x1000d7b8                write_reg_u32_swap
 .text.cyw43_write_reg_u32
                0x1000d7ec       0x58 CMakeFiles/final_project.dir/C_/Program_Files/Raspberry_Pi/Pico_SDK_v1.5.1/pico-sdk/src/rp2_common/pico_cyw43_driver/cyw43_bus_pio_spi.c.obj
                0x1000d7ec                cyw43_write_reg_u32
 .text.cyw43_write_reg_u16